LAUNCH attempt=1 free_mib=15300 util_pct=3 baseline_vram_mib=1003 2026-09-06T01:02:18-04:00
[INFO] Training with: device=cuda:0, seed=51, rank=0
[INFO] Using local motion file: /home/linjiw/dataset/amass-licensed/phase-g-bank-rebuilt-fmt8/KIT_1229_flexion_with_help_02_poses_100_jpos.npz
[INFO] Logging experiment in directory: /home/linjiw/climb-feasibility-first/reports/relative_progress_2026-09-05/confirmation_entrypoint_smokes_adapter/D/g1_tracking/relative_confirmation_smoke_D_s51
Setting seed: 51
Warp 1.14.0 initialized:
   CUDA Toolkit 12.9, Driver 13.2
   Devices:
     "cpu"      : "x86_64"
     "cuda:0"   : "NVIDIA GeForce RTX 5080" (15 GiB, sm_120, mempool enabled)
   Kernel cache:
     /home/linjiw/.cache/warp/1.14.0
Module mujoco_warp._src.smooth e597d07 load on device 'cuda:0' took 3.87 ms  (cached)
Module _nxn_broadphase__locals__kernel_df6640ed df6640e load on device 'cuda:0' took 0.95 ms  (cached)
Module _primitive_narrowphase__locals__primitive_narrowphase_0d45ffc8 0d45ffc load on device 'cuda:0' took 1.30 ms  (cached)
Module mujoco_warp._src.constraint 880bd7f load on device 'cuda:0' took 0.82 ms  (cached)
Module _friction_dof__locals__kernel_196c77d2 196c77d load on device 'cuda:0' took 1.06 ms  (cached)
Module _limit_slide_hinge__locals__kernel_6e38514e 6e38514 load on device 'cuda:0' took 0.97 ms  (cached)
Module _efc_contact_init__locals__kernel_6eab31b8 6eab31b load on device 'cuda:0' took 1.12 ms  (cached)
Module _efc_contact_jac_sparse__locals__kernel_f9099d1d f9099d1 load on device 'cuda:0' took 1.53 ms  (cached)
Module _efc_contact_update__locals__kernel_8aad7bfd 8aad7bf load on device 'cuda:0' took 1.04 ms  (cached)
Module mujoco_warp._src.sensor 42e0a24 load on device 'cuda:0' took 3.40 ms  (cached)
Module mujoco_warp._src.forward 687ddb7 load on device 'cuda:0' took 1.95 ms  (cached)
Module mujoco_warp._src.passive 8ff6993 load on device 'cuda:0' took 2.02 ms  (cached)
Module mujoco_warp._src.forward 2190340 load on device 'cuda:0' took 1.96 ms  (cached)
Module _qfrc_smooth__locals__kernel_6eb3d958 6eb3d95 load on device 'cuda:0' took 0.93 ms  (cached)
Module mujoco_warp._src.support d1e71d9 load on device 'cuda:0' took 0.88 ms  (cached)
Module _tile_cholesky_factorize_solve_block__locals__kernel_beb64870 837cd89 load on device 'cuda:0' took 31.67 ms  (cached)
Module _solve_init_dof__locals__kernel_c6f567bf c6f567b load on device 'cuda:0' took 1.05 ms  (cached)
Module mujoco_warp._src.solver 245b5b3 load on device 'cuda:0' took 2.61 ms  (cached)
Module _solve_init_jaref_kernel__locals__kernel_1971c1c1 1971c1c load on device 'cuda:0' took 1.03 ms  (cached)
Module mul_m_kernel__locals___mul_m_fd2186c4 fd2186c load on device 'cuda:0' took 0.90 ms  (cached)
Module _update_constraint_efc__locals__kernel_4af8f110 4af8f11 load on device 'cuda:0' took 0.98 ms  (cached)
Module _update_constraint_init_qfrc_constraint_sparse__locals__kernel_16efb537 16efb53 load on device 'cuda:0' took 0.82 ms  (cached)
Module _update_gradient_zero_grad_dot__locals__kernel_cb780630 cb78063 load on device 'cuda:0' took 1.28 ms  (cached)
Module _update_gradient_grad__locals__kernel_0cbf4927 0cbf492 load on device 'cuda:0' took 0.84 ms  (cached)
Module _update_gradient_init_h_sparse__locals__kernel_8d599502 8d59950 load on device 'cuda:0' took 0.90 ms  (cached)
Module _JTDAJ_sparse__locals__kernel_6fe61e97 6fe61e9 load on device 'cuda:0' took 1.02 ms  (cached)
Module _JTDAJ_sparse__locals__kernel_6fe61e97 4406f08 load on device 'cuda:0' took 0.90 ms  (cached)
Module _update_gradient_cholesky_blocked__locals__kernel_425d32be 40254b5 load on device 'cuda:0' took 50.77 ms  (cached)
Module _linesearch_jv_fused_kernel__locals__kernel_0509eab7 0509eab load on device 'cuda:0' took 0.92 ms  (cached)
Module _linesearch_iterative_kernel__locals__kernel_59bb1059 897906f load on device 'cuda:0' took 1.20 ms  (cached)
Module _update_constraint_efc__locals__kernel_e30beb1f e30beb1 load on device 'cuda:0' took 1.03 ms  (cached)
Module _update_gradient_zero_grad_dot__locals__kernel_f708ee5f f708ee5 load on device 'cuda:0' took 0.88 ms  (cached)
Module _update_gradient_grad__locals__kernel_cb93df65 cb93df6 load on device 'cuda:0' took 0.84 ms  (cached)
Module _update_gradient_h_incremental_sparse__locals__kernel_abf1f59a abf1f59 load on device 'cuda:0' took 0.87 ms  (cached)
Module _update_gradient_cholesky_blocked_skip_unchanged__locals__kernel_955af8fc 250c823 load on device 'cuda:0' took 76.88 ms  (cached)
Module _contact_sort__locals__contact_sort_321f5f3e 33ea4e1 load on device 'cuda:0' took 1.07 ms  (cached)
Module mujoco_warp._src.derivative e770e28 load on device 'cuda:0' took 1.78 ms  (cached)
Module _next_time_builder__locals___next_time_95ad6d7a 95ad6d7 load on device 'cuda:0' took 1.01 ms  (cached)
Module reset_data__locals__reset_xfrc_applied_03030511 0303051 load on device 'cuda:0' took 1.03 ms  (cached)
Module reset_data__locals__reset_M_631075dd 631075d load on device 'cuda:0' took 0.84 ms  (cached)
Module reset_data__locals__reset_mocap_6513201c 6513201 load on device 'cuda:0' took 1.48 ms  (cached)
Module reset_data__locals__reset_contact_5c08f689 5c08f68 load on device 'cuda:0' took 1.15 ms  (cached)
Module reset_data__locals__reset_sleep_50b990da 50b990d load on device 'cuda:0' took 0.93 ms  (cached)
Module reset_data__locals__reset_nworld_69a10925 69a1092 load on device 'cuda:0' took 1.01 ms  (cached)

+---------------------------------+
|         Base Environment        |
+------------------------+--------+
| Property               | Value  |
+------------------------+--------+
| Number of environments | 8      |
| Environment device     | cuda:0 |
| Environment seed       | 51     |
| Physics step-size      | 0.005  |
| Environment step-size  | 0.02   |
+------------------------+--------+

[INFO] <EventManager> contains 2 active terms.
+----------------------------------------------+
|    Active Event Terms in Mode: 'interval'    |
+-------+------------+-------------------------+
| Index | Name       | Interval time range (s) |
+-------+------------+-------------------------+
|   0   | push_robot |        (1.0, 3.0)       |
+-------+------------+-------------------------+
+---------------------------------------+
| Active Event Terms in Mode: 'startup' |
+-----------+---------------------------+
|   Index   | Name                      |
+-----------+---------------------------+
|     0     | base_com                  |
|     1     | encoder_bias              |
|     2     | foot_friction             |
+-----------+---------------------------+
+-----------------------------+
| Domain Randomization Fields |
+-------+---------------------+
| Index | Field Name          |
+-------+---------------------+
|   0   | body_ipos           |
|   1   | body_subtreemass    |
|   2   | dof_invweight0      |
|   3   | body_invweight0     |
|   4   | tendon_length0      |
|   5   | tendon_invweight0   |
|   6   | actuator_acc0       |
|   7   | geom_friction       |
+-------+---------------------+

Module repeat_array_kernel_4f67a4c3 711f54c load on device 'cuda:0' took 0.98 ms  (cached)
Module repeat_array_kernel_4f67a4c3 7224d07 load on device 'cuda:0' took 0.94 ms  (cached)
Module repeat_array_kernel_4f67a4c3 b2885b0 load on device 'cuda:0' took 1.02 ms  (cached)
[climb] motion bank: 800 clips, 2.54 h @ 50 fps, clip length min/median/max = 1.1/7.5/155.9 s
[INFO] <CommandManager> contains 1 active terms.
+---------------------------------------------+
|             Active Command Terms            |
+-------+--------+----------------------------+
| Index | Name   |            Type            |
+-------+--------+----------------------------+
|   0   | motion | SegmentNativeMotionCommand |
+-------+--------+----------------------------+

[INFO] <ActionManager> contains 1 active terms.
+---------------------------------+
| Active Action Terms (shape: 29) |
+-------+-----------+-------------+
| Index | Name      |   Dimension |
+-------+-----------+-------------+
|   0   | joint_pos |          29 |
+-------+-----------+-------------+

[INFO] <ObservationManager> contains 2 groups.
+------------------------------------------------------------+
| Active Observation Terms in Group: 'actor' (shape: (160,)) |
+----------+------------------------------------+------------+
|  Index   | Name                               |   Shape    |
+----------+------------------------------------+------------+
|    0     | command                            |   (58,)    |
|    1     | motion_anchor_pos_b                |    (3,)    |
|    2     | motion_anchor_ori_b                |    (6,)    |
|    3     | base_lin_vel                       |    (3,)    |
|    4     | base_ang_vel                       |    (3,)    |
|    5     | joint_pos                          |   (29,)    |
|    6     | joint_vel                          |   (29,)    |
|    7     | actions                            |   (29,)    |
+----------+------------------------------------+------------+
+-------------------------------------------------------------+
| Active Observation Terms in Group: 'critic' (shape: (286,)) |
+-----------+------------------------------------+------------+
|   Index   | Name                               |   Shape    |
+-----------+------------------------------------+------------+
|     0     | command                            |   (58,)    |
|     1     | motion_anchor_pos_b                |    (3,)    |
|     2     | motion_anchor_ori_b                |    (6,)    |
|     3     | body_pos                           |   (42,)    |
|     4     | body_ori                           |   (84,)    |
|     5     | base_lin_vel                       |    (3,)    |
|     6     | base_ang_vel                       |    (3,)    |
|     7     | joint_pos                          |   (29,)    |
|     8     | joint_vel                          |   (29,)    |
|     9     | actions                            |   (29,)    |
+-----------+------------------------------------+------------+

[INFO] <TerminationManager> contains 4 active terms.
+----------------------------------+
|     Active Termination Terms     |
+-------+---------------+----------+
| Index | Name          | Time Out |
+-------+---------------+----------+
|   0   | anchor_pos    |  False   |
|   1   | anchor_ori    |  False   |
|   2   | ee_body_pos   |  False   |
|   3   | segment_trial |   True   |
+-------+---------------+----------+

[INFO] <RewardManager> contains 10 active terms.
+-----------------------------------------+
|           Active Reward Terms           |
+-------+------------------------+--------+
| Index | Name                   | Weight |
+-------+------------------------+--------+
|   0   | motion_global_root_pos |    0.5 |
|   1   | motion_global_root_ori |    0.5 |
|   2   | motion_body_pos        |    1.0 |
|   3   | motion_body_ori        |    1.0 |
|   4   | motion_body_lin_vel    |    1.0 |
|   5   | motion_body_ang_vel    |    1.0 |
|   6   | action_rate_l2         |   -0.1 |
|   7   | joint_limit            |  -10.0 |
|   8   | self_collisions        |  -10.0 |
|   9   | failure_terminal       | -500.0 |
+-------+------------------------+--------+

[INFO] <NullCurriculumManager> (inactive)
[INFO] <NullMetricsManager> (inactive)
[INFO] <NullRecorderManager> (inactive)
Module mujoco_warp._src.io 19274fb load on device 'cuda:0' took 2.56 ms  (cached)
Module _tile_cholesky_factorize_block__locals__kernel_1a8ac315 67a96c9 load on device 'cuda:0' took 24.39 ms  (cached)
Module _tile_cholesky_solve_block__locals__kernel_be7133b6 6b45561 load on device 'cuda:0' took 59.63 ms  (cached)
--------------------------------------------------------------------------------
Resolved observation sets: 
	 actor :  ('actor',)
	 critic :  ('critic',)
--------------------------------------------------------------------------------
Actor Model: MLPModel(
  (obs_normalizer): EmpiricalNormalization()
  (distribution): GaussianDistribution()
  (mlp): MLP(
    (0): Linear(in_features=160, out_features=512, bias=True)
    (1): ELU(alpha=1.0)
    (2): Linear(in_features=512, out_features=256, bias=True)
    (3): ELU(alpha=1.0)
    (4): Linear(in_features=256, out_features=128, bias=True)
    (5): ELU(alpha=1.0)
    (6): Linear(in_features=128, out_features=29, bias=True)
  )
)
Critic Model: MLPModel(
  (obs_normalizer): EmpiricalNormalization()
  (mlp): MLP(
    (0): Linear(in_features=286, out_features=512, bias=True)
    (1): ELU(alpha=1.0)
    (2): Linear(in_features=512, out_features=256, bias=True)
    (3): ELU(alpha=1.0)
    (4): Linear(in_features=256, out_features=128, bias=True)
    (5): ELU(alpha=1.0)
    (6): Linear(in_features=128, out_features=1, bias=True)
  )
)
Storing git diff for 'mjlab-1.6.0' in: /home/linjiw/climb-feasibility-first/reports/relative_progress_2026-09-05/confirmation_entrypoint_smokes_adapter/D/g1_tracking/relative_confirmation_smoke_D_s51/git/mjlab-1.6.0.diff
################################################################################
[1m                            Learning iteration 0/20                             [0m 

                               Run name: relative_confirmation_smoke_D_s51
                            Total steps: 192 
                       Steps per second: 161 
                        Collection time: 1.057s 
                          Learning time: 0.133s 
                        Mean value loss: 32.9212
                    Mean surrogate loss: -0.1199
                      Mean entropy loss: 41.1536
                            Mean reward: -10.98
                    Mean episode length: 9.30
                        Mean action std: 1.00
     Episode_Reward/motion_body_lin_vel: 0.0636
        Metrics/motion/error_anchor_rot: 0.3036
Metrics/motion/segment_invalid_reference_frame_count: 0.0000
         Episode_Termination/anchor_ori: 0.0000
         Metrics/motion/bank_clip_count: 800.0000
    Metrics/motion/segment_failure_rate: 0.8889
  Episode_Reward/motion_global_root_ori: 0.0632
        Metrics/motion/error_anchor_pos: 0.1178
      Metrics/motion/error_body_ang_vel: 7.0455
      Episode_Termination/segment_trial: 0.0000
        Metrics/motion/sampling_entropy: 0.9095
          Episode_Reward/action_rate_l2: -1.0028
    Metrics/motion/error_anchor_lin_vel: 0.8037
Metrics/motion/sampling_adaptation_total_variation: 0.0000
     Episode_Reward/motion_body_ang_vel: 0.0057
         Metrics/motion/error_joint_vel: 24.1696
        Episode_Termination/ee_body_pos: 1.1111
Metrics/motion/sampling_rank_saturation_fraction: 0.0000
         Episode_Reward/self_collisions: -0.3444
 Metrics/motion/segment_censored_resets: 0.0000
       Metrics/motion/sampling_top1_bin: 0.4167
  Episode_Reward/motion_global_root_pos: 0.0815
         Episode_Reward/motion_body_ori: 0.0676
    Metrics/motion/error_anchor_ang_vel: 2.3926
      Metrics/motion/error_body_lin_vel: 1.1685
             Episode_Reward/joint_limit: -0.0337
   Metrics/motion/sampling_clip_entropy: 0.9287
        Episode_Reward/failure_terminal: -10.0000
         Episode_Termination/anchor_pos: 0.0000
         Episode_Reward/motion_body_pos: 0.1677
Metrics/motion/sampling_unit_effective_count: 624.0341
          Metrics/motion/error_body_rot: 0.5398
         Metrics/motion/error_joint_pos: 1.8171
Metrics/motion/segment_invalid_start_count: 0.0000
      Metrics/motion/sampling_top1_prob: 0.0164
 Metrics/motion/sampling_clip_top1_prob: 0.0172
          Metrics/motion/error_body_pos: 0.1147
--------------------------------------------------------------------------------
                         Iteration time: 1.19s
                           Time elapsed: 0:00:01
                                    ETA: 0:00:22

################################################################################
[1m                            Learning iteration 1/20                             [0m 

                               Run name: relative_confirmation_smoke_D_s51
                            Total steps: 384 
                       Steps per second: 765 
                        Collection time: 0.204s 
                          Learning time: 0.047s 
                        Mean value loss: 30.7393
                    Mean surrogate loss: -0.1072
                      Mean entropy loss: 41.1562
                            Mean reward: -12.60
                    Mean episode length: 16.82
                        Mean action std: 1.00
     Episode_Reward/motion_body_lin_vel: 0.2629
        Metrics/motion/error_anchor_rot: 0.7056
Metrics/motion/segment_invalid_reference_frame_count: 0.0000
         Episode_Termination/anchor_ori: 0.0000
         Metrics/motion/bank_clip_count: 800.0001
    Metrics/motion/segment_failure_rate: 1.0000
  Episode_Reward/motion_global_root_ori: 0.1325
        Metrics/motion/error_anchor_pos: 0.2713
      Metrics/motion/error_body_ang_vel: 6.6355
      Episode_Termination/segment_trial: 0.0000
        Metrics/motion/sampling_entropy: 0.9095
          Episode_Reward/action_rate_l2: -3.2411
    Metrics/motion/error_anchor_lin_vel: 1.0674
Metrics/motion/sampling_adaptation_total_variation: 0.0000
     Episode_Reward/motion_body_ang_vel: 0.0214
         Metrics/motion/error_joint_vel: 22.5523
        Episode_Termination/ee_body_pos: 1.0000
Metrics/motion/sampling_rank_saturation_fraction: 0.0000
         Episode_Reward/self_collisions: -2.6857
 Metrics/motion/segment_censored_resets: 0.0000
       Metrics/motion/sampling_top1_bin: 0.4167
  Episode_Reward/motion_global_root_pos: 0.2079
         Episode_Reward/motion_body_ori: 0.1107
    Metrics/motion/error_anchor_ang_vel: 3.8685
      Metrics/motion/error_body_lin_vel: 1.0493
             Episode_Reward/joint_limit: -0.1650
   Metrics/motion/sampling_clip_entropy: 0.9287
        Episode_Reward/failure_terminal: -10.0000
         Episode_Termination/anchor_pos: 0.0000
         Episode_Reward/motion_body_pos: 0.4495
Metrics/motion/sampling_unit_effective_count: 624.0341
          Metrics/motion/error_body_rot: 0.7382
         Metrics/motion/error_joint_pos: 1.8130
Metrics/motion/segment_invalid_start_count: 0.0000
      Metrics/motion/sampling_top1_prob: 0.0164
 Metrics/motion/sampling_clip_top1_prob: 0.0172
          Metrics/motion/error_body_pos: 0.2056
--------------------------------------------------------------------------------
                         Iteration time: 0.25s
                           Time elapsed: 0:00:01
                                    ETA: 0:00:12

################################################################################
[1m                            Learning iteration 2/20                             [0m 

                               Run name: relative_confirmation_smoke_D_s51
                            Total steps: 576 
                       Steps per second: 355 
                        Collection time: 0.502s 
                          Learning time: 0.038s 
                        Mean value loss: 32.2677
                    Mean surrogate loss: -0.1076
                      Mean entropy loss: 41.1620
                            Mean reward: -12.73
                    Mean episode length: 16.55
                        Mean action std: 1.00
     Episode_Reward/motion_body_lin_vel: 0.1260
        Metrics/motion/error_anchor_rot: 0.5713
Metrics/motion/segment_invalid_reference_frame_count: 0.0000
         Episode_Termination/anchor_ori: 0.0000
         Metrics/motion/bank_clip_count: 800.0000
    Metrics/motion/segment_failure_rate: 1.0000
  Episode_Reward/motion_global_root_ori: 0.0709
        Metrics/motion/error_anchor_pos: 0.1542
      Metrics/motion/error_body_ang_vel: 6.8055
      Episode_Termination/segment_trial: 0.0000
        Metrics/motion/sampling_entropy: 0.9092
          Episode_Reward/action_rate_l2: -1.7859
    Metrics/motion/error_anchor_lin_vel: 0.8183
Metrics/motion/sampling_adaptation_total_variation: 0.0022
     Episode_Reward/motion_body_ang_vel: 0.0074
         Metrics/motion/error_joint_vel: 23.5450
        Episode_Termination/ee_body_pos: 1.3333
Metrics/motion/sampling_rank_saturation_fraction: 0.0000
         Episode_Reward/self_collisions: -1.7852
 Metrics/motion/segment_censored_resets: 0.0000
       Metrics/motion/sampling_top1_bin: 0.4167
  Episode_Reward/motion_global_root_pos: 0.1360
         Episode_Reward/motion_body_ori: 0.0690
    Metrics/motion/error_anchor_ang_vel: 3.0836
      Metrics/motion/error_body_lin_vel: 1.0974
             Episode_Reward/joint_limit: -0.0604
   Metrics/motion/sampling_clip_entropy: 0.9284
        Episode_Reward/failure_terminal: -10.0000
         Episode_Termination/anchor_pos: 0.0000
         Episode_Reward/motion_body_pos: 0.2641
Metrics/motion/sampling_unit_effective_count: 622.6795
          Metrics/motion/error_body_rot: 0.6035
         Metrics/motion/error_joint_pos: 1.7260
Metrics/motion/segment_invalid_start_count: 0.0000
      Metrics/motion/sampling_top1_prob: 0.0164
 Metrics/motion/sampling_clip_top1_prob: 0.0172
          Metrics/motion/error_body_pos: 0.1436
--------------------------------------------------------------------------------
                         Iteration time: 0.54s
                           Time elapsed: 0:00:01
                                    ETA: 0:00:11

################################################################################
[1m                            Learning iteration 3/20                             [0m 

                               Run name: relative_confirmation_smoke_D_s51
                            Total steps: 768 
                       Steps per second: 647 
                        Collection time: 0.259s 
                          Learning time: 0.038s 
                        Mean value loss: 28.7793
                    Mean surrogate loss: -0.1121
                      Mean entropy loss: 41.1668
                            Mean reward: -13.22
                    Mean episode length: 17.18
                        Mean action std: 1.00
     Episode_Reward/motion_body_lin_vel: 0.1455
        Metrics/motion/error_anchor_rot: 0.6223
Metrics/motion/segment_invalid_reference_frame_count: 0.0000
         Episode_Termination/anchor_ori: 0.0000
         Metrics/motion/bank_clip_count: 800.0000
    Metrics/motion/segment_failure_rate: 1.0000
  Episode_Reward/motion_global_root_ori: 0.0801
        Metrics/motion/error_anchor_pos: 0.2571
      Metrics/motion/error_body_ang_vel: 7.0280
      Episode_Termination/segment_trial: 0.0000
        Metrics/motion/sampling_entropy: 0.9092
          Episode_Reward/action_rate_l2: -2.3147
    Metrics/motion/error_anchor_lin_vel: 1.0673
Metrics/motion/sampling_adaptation_total_variation: 0.0025
     Episode_Reward/motion_body_ang_vel: 0.0093
         Metrics/motion/error_joint_vel: 26.1333
        Episode_Termination/ee_body_pos: 1.1250
Metrics/motion/sampling_rank_saturation_fraction: 0.0000
         Episode_Reward/self_collisions: -3.3875
 Metrics/motion/segment_censored_resets: 0.0000
       Metrics/motion/sampling_top1_bin: 0.4167
  Episode_Reward/motion_global_root_pos: 0.1489
         Episode_Reward/motion_body_ori: 0.0809
    Metrics/motion/error_anchor_ang_vel: 4.3724
      Metrics/motion/error_body_lin_vel: 1.2913
             Episode_Reward/joint_limit: -0.1029
   Metrics/motion/sampling_clip_entropy: 0.9284
        Episode_Reward/failure_terminal: -10.0000
         Episode_Termination/anchor_pos: 0.1250
         Episode_Reward/motion_body_pos: 0.3031
Metrics/motion/sampling_unit_effective_count: 622.5101
          Metrics/motion/error_body_rot: 0.6933
         Metrics/motion/error_joint_pos: 1.8353
Metrics/motion/segment_invalid_start_count: 0.0000
      Metrics/motion/sampling_top1_prob: 0.0164
 Metrics/motion/sampling_clip_top1_prob: 0.0172
          Metrics/motion/error_body_pos: 0.2056
--------------------------------------------------------------------------------
                         Iteration time: 0.30s
                           Time elapsed: 0:00:02
                                    ETA: 0:00:09

################################################################################
[1m                            Learning iteration 4/20                             [0m 

                               Run name: relative_confirmation_smoke_D_s51
                            Total steps: 960 
                       Steps per second: 733 
                        Collection time: 0.220s 
                          Learning time: 0.042s 
                        Mean value loss: 18.6100
                    Mean surrogate loss: -0.1062
                      Mean entropy loss: 41.1699
                            Mean reward: -13.08
                    Mean episode length: 17.98
                        Mean action std: 1.00
     Episode_Reward/motion_body_lin_vel: 0.1613
        Metrics/motion/error_anchor_rot: 0.6345
Metrics/motion/segment_invalid_reference_frame_count: 0.0000
         Episode_Termination/anchor_ori: 0.0000
         Metrics/motion/bank_clip_count: 800.0001
    Metrics/motion/segment_failure_rate: 0.9903
  Episode_Reward/motion_global_root_ori: 0.0754
        Metrics/motion/error_anchor_pos: 0.2376
      Metrics/motion/error_body_ang_vel: 7.1937
      Episode_Termination/segment_trial: 0.1429
        Metrics/motion/sampling_entropy: 0.9085
          Episode_Reward/action_rate_l2: -2.2640
    Metrics/motion/error_anchor_lin_vel: 1.0633
Metrics/motion/sampling_adaptation_total_variation: 0.0061
     Episode_Reward/motion_body_ang_vel: 0.0096
         Metrics/motion/error_joint_vel: 23.9732
        Episode_Termination/ee_body_pos: 0.8571
Metrics/motion/sampling_rank_saturation_fraction: 0.0000
         Episode_Reward/self_collisions: -1.7571
 Metrics/motion/segment_censored_resets: 0.0000
       Metrics/motion/sampling_top1_bin: 0.4167
  Episode_Reward/motion_global_root_pos: 0.1510
         Episode_Reward/motion_body_ori: 0.0979
    Metrics/motion/error_anchor_ang_vel: 4.3788
      Metrics/motion/error_body_lin_vel: 1.2155
             Episode_Reward/joint_limit: -0.1350
   Metrics/motion/sampling_clip_entropy: 0.9278
        Episode_Reward/failure_terminal: -9.2857
         Episode_Termination/anchor_pos: 0.1429
         Episode_Reward/motion_body_pos: 0.3322
Metrics/motion/sampling_unit_effective_count: 619.4870
          Metrics/motion/error_body_rot: 0.6678
         Metrics/motion/error_joint_pos: 1.8017
Metrics/motion/segment_invalid_start_count: 0.0000
      Metrics/motion/sampling_top1_prob: 0.0163
 Metrics/motion/sampling_clip_top1_prob: 0.0172
          Metrics/motion/error_body_pos: 0.1762
--------------------------------------------------------------------------------
                         Iteration time: 0.26s
                           Time elapsed: 0:00:02
                                    ETA: 0:00:07

################################################################################
[1m                            Learning iteration 5/20                             [0m 

                               Run name: relative_confirmation_smoke_D_s51
                            Total steps: 1152 
                       Steps per second: 753 
                        Collection time: 0.217s 
                          Learning time: 0.038s 
                        Mean value loss: 18.0154
                    Mean surrogate loss: -0.1056
                      Mean entropy loss: 41.1711
                            Mean reward: -13.13
                    Mean episode length: 18.79
                        Mean action std: 1.00
     Episode_Reward/motion_body_lin_vel: 0.1825
        Metrics/motion/error_anchor_rot: 0.6310
Metrics/motion/segment_invalid_reference_frame_count: 0.0000
         Episode_Termination/anchor_ori: 0.0000
         Metrics/motion/bank_clip_count: 800.0000
    Metrics/motion/segment_failure_rate: 0.9756
  Episode_Reward/motion_global_root_ori: 0.0829
        Metrics/motion/error_anchor_pos: 0.2647
      Metrics/motion/error_body_ang_vel: 6.4758
      Episode_Termination/segment_trial: 0.1250
        Metrics/motion/sampling_entropy: 0.9083
          Episode_Reward/action_rate_l2: -2.6205
    Metrics/motion/error_anchor_lin_vel: 1.1365
Metrics/motion/sampling_adaptation_total_variation: 0.0067
     Episode_Reward/motion_body_ang_vel: 0.0121
         Metrics/motion/error_joint_vel: 20.6086
        Episode_Termination/ee_body_pos: 1.1250
Metrics/motion/sampling_rank_saturation_fraction: 0.0000
         Episode_Reward/self_collisions: -2.4625
 Metrics/motion/segment_censored_resets: 0.0000
       Metrics/motion/sampling_top1_bin: 0.4167
  Episode_Reward/motion_global_root_pos: 0.1781
         Episode_Reward/motion_body_ori: 0.0916
    Metrics/motion/error_anchor_ang_vel: 4.4256
      Metrics/motion/error_body_lin_vel: 1.1767
             Episode_Reward/joint_limit: -0.1309
   Metrics/motion/sampling_clip_entropy: 0.9277
        Episode_Reward/failure_terminal: -8.7500
         Episode_Termination/anchor_pos: 0.1250
         Episode_Reward/motion_body_pos: 0.3651
Metrics/motion/sampling_unit_effective_count: 618.9831
          Metrics/motion/error_body_rot: 0.7367
         Metrics/motion/error_joint_pos: 1.8403
Metrics/motion/segment_invalid_start_count: 0.0000
      Metrics/motion/sampling_top1_prob: 0.0163
 Metrics/motion/sampling_clip_top1_prob: 0.0171
          Metrics/motion/error_body_pos: 0.2025
--------------------------------------------------------------------------------
                         Iteration time: 0.25s
                           Time elapsed: 0:00:02
                                    ETA: 0:00:06

################################################################################
[1m                            Learning iteration 6/20                             [0m 

                               Run name: relative_confirmation_smoke_D_s51
                            Total steps: 1344 
                       Steps per second: 684 
                        Collection time: 0.240s 
                          Learning time: 0.041s 
                        Mean value loss: 19.9336
                    Mean surrogate loss: -0.1052
                      Mean entropy loss: 41.1714
                            Mean reward: -13.16
                    Mean episode length: 19.02
                        Mean action std: 1.00
     Episode_Reward/motion_body_lin_vel: 0.1718
        Metrics/motion/error_anchor_rot: 0.4312
Metrics/motion/segment_invalid_reference_frame_count: 0.0000
         Episode_Termination/anchor_ori: 0.0000
         Metrics/motion/bank_clip_count: 800.0001
    Metrics/motion/segment_failure_rate: 0.9661
  Episode_Reward/motion_global_root_ori: 0.1011
        Metrics/motion/error_anchor_pos: 0.2052
      Metrics/motion/error_body_ang_vel: 5.8140
      Episode_Termination/segment_trial: 0.0000
        Metrics/motion/sampling_entropy: 0.9083
          Episode_Reward/action_rate_l2: -2.1184
    Metrics/motion/error_anchor_lin_vel: 1.0983
Metrics/motion/sampling_adaptation_total_variation: 0.0077
     Episode_Reward/motion_body_ang_vel: 0.0131
         Metrics/motion/error_joint_vel: 20.0546
        Episode_Termination/ee_body_pos: 1.0000
Metrics/motion/sampling_rank_saturation_fraction: 0.0000
         Episode_Reward/self_collisions: -1.7143
 Metrics/motion/segment_censored_resets: 0.0000
       Metrics/motion/sampling_top1_bin: 0.4167
  Episode_Reward/motion_global_root_pos: 0.1542
         Episode_Reward/motion_body_ori: 0.1111
    Metrics/motion/error_anchor_ang_vel: 3.5729
      Metrics/motion/error_body_lin_vel: 1.0079
             Episode_Reward/joint_limit: -0.0678
   Metrics/motion/sampling_clip_entropy: 0.9276
        Episode_Reward/failure_terminal: -10.0000
         Episode_Termination/anchor_pos: 0.1429
         Episode_Reward/motion_body_pos: 0.3208
Metrics/motion/sampling_unit_effective_count: 618.6571
          Metrics/motion/error_body_rot: 0.6701
         Metrics/motion/error_joint_pos: 1.6242
Metrics/motion/segment_invalid_start_count: 0.0000
      Metrics/motion/sampling_top1_prob: 0.0163
 Metrics/motion/sampling_clip_top1_prob: 0.0171
          Metrics/motion/error_body_pos: 0.1810
--------------------------------------------------------------------------------
                         Iteration time: 0.28s
                           Time elapsed: 0:00:03
                                    ETA: 0:00:05

################################################################################
[1m                            Learning iteration 7/20                             [0m 

                               Run name: relative_confirmation_smoke_D_s51
                            Total steps: 1536 
                       Steps per second: 794 
                        Collection time: 0.205s 
                          Learning time: 0.037s 
                        Mean value loss: 18.6446
                    Mean surrogate loss: -0.1075
                      Mean entropy loss: 41.1722
                            Mean reward: -13.22
                    Mean episode length: 19.31
                        Mean action std: 1.00
     Episode_Reward/motion_body_lin_vel: 0.1786
        Metrics/motion/error_anchor_rot: 0.6015
Metrics/motion/segment_invalid_reference_frame_count: 0.0000
         Episode_Termination/anchor_ori: 0.0000
         Metrics/motion/bank_clip_count: 800.0000
    Metrics/motion/segment_failure_rate: 0.9652
  Episode_Reward/motion_global_root_ori: 0.0784
        Metrics/motion/error_anchor_pos: 0.2382
      Metrics/motion/error_body_ang_vel: 5.6420
      Episode_Termination/segment_trial: 0.1000
        Metrics/motion/sampling_entropy: 0.9083
          Episode_Reward/action_rate_l2: -2.3444
    Metrics/motion/error_anchor_lin_vel: 0.8624
Metrics/motion/sampling_adaptation_total_variation: 0.0078
     Episode_Reward/motion_body_ang_vel: 0.0121
         Metrics/motion/error_joint_vel: 19.2740
        Episode_Termination/ee_body_pos: 0.9000
Metrics/motion/sampling_rank_saturation_fraction: 0.0000
         Episode_Reward/self_collisions: -3.0200
 Metrics/motion/segment_censored_resets: 0.0000
       Metrics/motion/sampling_top1_bin: 0.4167
  Episode_Reward/motion_global_root_pos: 0.1532
         Episode_Reward/motion_body_ori: 0.0805
    Metrics/motion/error_anchor_ang_vel: 3.0480
      Metrics/motion/error_body_lin_vel: 1.0723
             Episode_Reward/joint_limit: -0.1110
   Metrics/motion/sampling_clip_entropy: 0.9276
        Episode_Reward/failure_terminal: -9.0000
         Episode_Termination/anchor_pos: 0.0000
         Episode_Reward/motion_body_pos: 0.3396
Metrics/motion/sampling_unit_effective_count: 618.6027
          Metrics/motion/error_body_rot: 0.6856
         Metrics/motion/error_joint_pos: 1.9302
Metrics/motion/segment_invalid_start_count: 0.0000
      Metrics/motion/sampling_top1_prob: 0.0163
 Metrics/motion/sampling_clip_top1_prob: 0.0171
          Metrics/motion/error_body_pos: 0.1785
--------------------------------------------------------------------------------
                         Iteration time: 0.24s
                           Time elapsed: 0:00:03
                                    ETA: 0:00:04

################################################################################
[1m                            Learning iteration 8/20                             [0m 

                               Run name: relative_confirmation_smoke_D_s51
                            Total steps: 1728 
                       Steps per second: 628 
                        Collection time: 0.255s 
                          Learning time: 0.051s 
                        Mean value loss: 21.2000
                    Mean surrogate loss: -0.1073
                      Mean entropy loss: 41.1692
                            Mean reward: -13.32
                    Mean episode length: 19.63
                        Mean action std: 1.00
     Episode_Reward/motion_body_lin_vel: 0.1984
        Metrics/motion/error_anchor_rot: 0.6157
Metrics/motion/segment_invalid_reference_frame_count: 0.0000
         Episode_Termination/anchor_ori: 0.0000
         Metrics/motion/bank_clip_count: 800.0000
    Metrics/motion/segment_failure_rate: 0.9614
  Episode_Reward/motion_global_root_ori: 0.0911
        Metrics/motion/error_anchor_pos: 0.2247
      Metrics/motion/error_body_ang_vel: 7.5089
      Episode_Termination/segment_trial: 0.1250
        Metrics/motion/sampling_entropy: 0.9082
          Episode_Reward/action_rate_l2: -2.6105
    Metrics/motion/error_anchor_lin_vel: 1.0884
Metrics/motion/sampling_adaptation_total_variation: 0.0089
     Episode_Reward/motion_body_ang_vel: 0.0149
         Metrics/motion/error_joint_vel: 23.9263
        Episode_Termination/ee_body_pos: 1.2500
Metrics/motion/sampling_rank_saturation_fraction: 0.0000
         Episode_Reward/self_collisions: -2.5750
 Metrics/motion/segment_censored_resets: 0.0000
       Metrics/motion/sampling_top1_bin: 0.4167
  Episode_Reward/motion_global_root_pos: 0.1634
         Episode_Reward/motion_body_ori: 0.1078
    Metrics/motion/error_anchor_ang_vel: 4.2929
      Metrics/motion/error_body_lin_vel: 1.1568
             Episode_Reward/joint_limit: -0.0997
   Metrics/motion/sampling_clip_entropy: 0.9275
        Episode_Reward/failure_terminal: -10.0000
         Episode_Termination/anchor_pos: 0.0000
         Episode_Reward/motion_body_pos: 0.3709
Metrics/motion/sampling_unit_effective_count: 618.2299
          Metrics/motion/error_body_rot: 0.6735
         Metrics/motion/error_joint_pos: 1.8866
Metrics/motion/segment_invalid_start_count: 0.0000
      Metrics/motion/sampling_top1_prob: 0.0163
 Metrics/motion/sampling_clip_top1_prob: 0.0175
          Metrics/motion/error_body_pos: 0.1744
--------------------------------------------------------------------------------
                         Iteration time: 0.31s
                           Time elapsed: 0:00:03
                                    ETA: 0:00:04

################################################################################
[1m                            Learning iteration 9/20                             [0m 

                               Run name: relative_confirmation_smoke_D_s51
                            Total steps: 1920 
                       Steps per second: 660 
                        Collection time: 0.245s 
                          Learning time: 0.045s 
                        Mean value loss: 19.2714
                    Mean surrogate loss: -0.1000
                      Mean entropy loss: 41.1722
                            Mean reward: -13.41
                    Mean episode length: 19.81
                        Mean action std: 1.00
     Episode_Reward/motion_body_lin_vel: 0.1582
        Metrics/motion/error_anchor_rot: 0.6913
Metrics/motion/segment_invalid_reference_frame_count: 0.0000
         Episode_Termination/anchor_ori: 0.0000
         Metrics/motion/bank_clip_count: 800.0000
    Metrics/motion/segment_failure_rate: 0.9659
  Episode_Reward/motion_global_root_ori: 0.0782
        Metrics/motion/error_anchor_pos: 0.2501
      Metrics/motion/error_body_ang_vel: 6.5613
      Episode_Termination/segment_trial: 0.0000
        Metrics/motion/sampling_entropy: 0.9082
          Episode_Reward/action_rate_l2: -2.4241
    Metrics/motion/error_anchor_lin_vel: 1.2533
Metrics/motion/sampling_adaptation_total_variation: 0.0091
     Episode_Reward/motion_body_ang_vel: 0.0136
         Metrics/motion/error_joint_vel: 22.4760
        Episode_Termination/ee_body_pos: 1.0000
Metrics/motion/sampling_rank_saturation_fraction: 0.0000
         Episode_Reward/self_collisions: -2.5778
 Metrics/motion/segment_censored_resets: 0.0000
       Metrics/motion/sampling_top1_bin: 0.4167
  Episode_Reward/motion_global_root_pos: 0.1639
         Episode_Reward/motion_body_ori: 0.0794
    Metrics/motion/error_anchor_ang_vel: 4.4218
      Metrics/motion/error_body_lin_vel: 1.3547
             Episode_Reward/joint_limit: -0.1061
   Metrics/motion/sampling_clip_entropy: 0.9274
        Episode_Reward/failure_terminal: -10.0000
         Episode_Termination/anchor_pos: 0.2222
         Episode_Reward/motion_body_pos: 0.3249
Metrics/motion/sampling_unit_effective_count: 618.1766
          Metrics/motion/error_body_rot: 0.8037
         Metrics/motion/error_joint_pos: 1.9542
Metrics/motion/segment_invalid_start_count: 0.0000
      Metrics/motion/sampling_top1_prob: 0.0163
 Metrics/motion/sampling_clip_top1_prob: 0.0175
          Metrics/motion/error_body_pos: 0.2092
--------------------------------------------------------------------------------
                         Iteration time: 0.29s
                           Time elapsed: 0:00:03
                                    ETA: 0:00:03

################################################################################
[1m                            Learning iteration 10/20                            [0m 

                               Run name: relative_confirmation_smoke_D_s51
                            Total steps: 2112 
                       Steps per second: 563 
                        Collection time: 0.289s 
                          Learning time: 0.052s 
                        Mean value loss: 13.9802
                    Mean surrogate loss: -0.1067
                      Mean entropy loss: 41.1786
                            Mean reward: -13.37
                    Mean episode length: 19.54
                        Mean action std: 1.00
     Episode_Reward/motion_body_lin_vel: 0.0548
        Metrics/motion/error_anchor_rot: 0.4358
Metrics/motion/segment_invalid_reference_frame_count: 0.0000
         Episode_Termination/anchor_ori: 0.0000
         Metrics/motion/bank_clip_count: 800.0000
    Metrics/motion/segment_failure_rate: 0.9697
  Episode_Reward/motion_global_root_ori: 0.0593
        Metrics/motion/error_anchor_pos: 0.1469
      Metrics/motion/error_body_ang_vel: 7.1356
      Episode_Termination/segment_trial: 0.0000
        Metrics/motion/sampling_entropy: 0.9078
          Episode_Reward/action_rate_l2: -1.1772
    Metrics/motion/error_anchor_lin_vel: 0.9945
Metrics/motion/sampling_adaptation_total_variation: 0.0105
     Episode_Reward/motion_body_ang_vel: 0.0030
         Metrics/motion/error_joint_vel: 24.9751
        Episode_Termination/ee_body_pos: 1.3333
Metrics/motion/sampling_rank_saturation_fraction: 0.0000
         Episode_Reward/self_collisions: -0.7370
 Metrics/motion/segment_censored_resets: 0.0000
       Metrics/motion/sampling_top1_bin: 0.4167
  Episode_Reward/motion_global_root_pos: 0.0891
         Episode_Reward/motion_body_ori: 0.0477
    Metrics/motion/error_anchor_ang_vel: 3.6385
      Metrics/motion/error_body_lin_vel: 1.2913
             Episode_Reward/joint_limit: -0.0393
   Metrics/motion/sampling_clip_entropy: 0.9271
        Episode_Reward/failure_terminal: -10.0000
         Episode_Termination/anchor_pos: 0.2222
         Episode_Reward/motion_body_pos: 0.1756
Metrics/motion/sampling_unit_effective_count: 616.6558
          Metrics/motion/error_body_rot: 0.6777
         Metrics/motion/error_joint_pos: 2.0270
Metrics/motion/segment_invalid_start_count: 0.0000
      Metrics/motion/sampling_top1_prob: 0.0168
 Metrics/motion/sampling_clip_top1_prob: 0.0177
          Metrics/motion/error_body_pos: 0.1476
--------------------------------------------------------------------------------
                         Iteration time: 0.34s
                           Time elapsed: 0:00:04
                                    ETA: 0:00:03

################################################################################
[1m                            Learning iteration 11/20                            [0m 

                               Run name: relative_confirmation_smoke_D_s51
                            Total steps: 2304 
                       Steps per second: 686 
                        Collection time: 0.238s 
                          Learning time: 0.041s 
                        Mean value loss: 6.4814
                    Mean surrogate loss: -0.0924
                      Mean entropy loss: 41.1835
                            Mean reward: -13.45
                    Mean episode length: 19.92
                        Mean action std: 1.00
     Episode_Reward/motion_body_lin_vel: 0.1906
        Metrics/motion/error_anchor_rot: 0.6972
Metrics/motion/segment_invalid_reference_frame_count: 0.0000
         Episode_Termination/anchor_ori: 0.1667
         Metrics/motion/bank_clip_count: 800.0000
    Metrics/motion/segment_failure_rate: 0.9725
  Episode_Reward/motion_global_root_ori: 0.0857
        Metrics/motion/error_anchor_pos: 0.2670
      Metrics/motion/error_body_ang_vel: 7.2675
      Episode_Termination/segment_trial: 0.0000
        Metrics/motion/sampling_entropy: 0.9075
          Episode_Reward/action_rate_l2: -2.4670
    Metrics/motion/error_anchor_lin_vel: 1.0778
Metrics/motion/sampling_adaptation_total_variation: 0.0117
     Episode_Reward/motion_body_ang_vel: 0.0146
         Metrics/motion/error_joint_vel: 24.6552
        Episode_Termination/ee_body_pos: 1.1667
Metrics/motion/sampling_rank_saturation_fraction: 0.0000
         Episode_Reward/self_collisions: -2.2667
 Metrics/motion/segment_censored_resets: 0.0000
       Metrics/motion/sampling_top1_bin: 0.4167
  Episode_Reward/motion_global_root_pos: 0.1604
         Episode_Reward/motion_body_ori: 0.0950
    Metrics/motion/error_anchor_ang_vel: 4.0009
      Metrics/motion/error_body_lin_vel: 1.1459
             Episode_Reward/joint_limit: -0.2065
   Metrics/motion/sampling_clip_entropy: 0.9268
        Episode_Reward/failure_terminal: -10.0000
         Episode_Termination/anchor_pos: 0.0000
         Episode_Reward/motion_body_pos: 0.3566
Metrics/motion/sampling_unit_effective_count: 615.4392
          Metrics/motion/error_body_rot: 0.6788
         Metrics/motion/error_joint_pos: 1.5838
Metrics/motion/segment_invalid_start_count: 0.0000
      Metrics/motion/sampling_top1_prob: 0.0172
 Metrics/motion/sampling_clip_top1_prob: 0.0178
          Metrics/motion/error_body_pos: 0.1834
--------------------------------------------------------------------------------
                         Iteration time: 0.28s
                           Time elapsed: 0:00:04
                                    ETA: 0:00:03

################################################################################
[1m                            Learning iteration 12/20                            [0m 

                               Run name: relative_confirmation_smoke_D_s51
                            Total steps: 2496 
                       Steps per second: 641 
                        Collection time: 0.254s 
                          Learning time: 0.045s 
                        Mean value loss: 6.4657
                    Mean surrogate loss: -0.0949
                      Mean entropy loss: 41.1884
                            Mean reward: -13.38
                    Mean episode length: 19.70
                        Mean action std: 1.00
     Episode_Reward/motion_body_lin_vel: 0.1220
        Metrics/motion/error_anchor_rot: 0.5275
Metrics/motion/segment_invalid_reference_frame_count: 0.0000
         Episode_Termination/anchor_ori: 0.0000
         Metrics/motion/bank_clip_count: 800.0000
    Metrics/motion/segment_failure_rate: 0.9745
  Episode_Reward/motion_global_root_ori: 0.0782
        Metrics/motion/error_anchor_pos: 0.2367
      Metrics/motion/error_body_ang_vel: 6.0470
      Episode_Termination/segment_trial: 0.0000
        Metrics/motion/sampling_entropy: 0.9074
          Episode_Reward/action_rate_l2: -1.9534
    Metrics/motion/error_anchor_lin_vel: 0.9464
Metrics/motion/sampling_adaptation_total_variation: 0.0121
     Episode_Reward/motion_body_ang_vel: 0.0080
         Metrics/motion/error_joint_vel: 22.8523
        Episode_Termination/ee_body_pos: 1.0000
Metrics/motion/sampling_rank_saturation_fraction: 0.0000
         Episode_Reward/self_collisions: -1.2250
 Metrics/motion/segment_censored_resets: 0.0000
       Metrics/motion/sampling_top1_bin: 0.4167
  Episode_Reward/motion_global_root_pos: 0.1211
         Episode_Reward/motion_body_ori: 0.0702
    Metrics/motion/error_anchor_ang_vel: 3.4949
      Metrics/motion/error_body_lin_vel: 1.1033
             Episode_Reward/joint_limit: -0.1053
   Metrics/motion/sampling_clip_entropy: 0.9267
        Episode_Reward/failure_terminal: -10.0000
         Episode_Termination/anchor_pos: 0.1250
         Episode_Reward/motion_body_pos: 0.2724
Metrics/motion/sampling_unit_effective_count: 615.0253
          Metrics/motion/error_body_rot: 0.6392
         Metrics/motion/error_joint_pos: 1.6704
Metrics/motion/segment_invalid_start_count: 0.0000
      Metrics/motion/sampling_top1_prob: 0.0172
 Metrics/motion/sampling_clip_top1_prob: 0.0178
          Metrics/motion/error_body_pos: 0.1676
--------------------------------------------------------------------------------
                         Iteration time: 0.30s
                           Time elapsed: 0:00:04
                                    ETA: 0:00:02

################################################################################
[1m                            Learning iteration 13/20                            [0m 

                               Run name: relative_confirmation_smoke_D_s51
                            Total steps: 2688 
                       Steps per second: 558 
                        Collection time: 0.276s 
                          Learning time: 0.068s 
                        Mean value loss: 16.2987
                    Mean surrogate loss: -0.1027
                      Mean entropy loss: 41.1909
                            Mean reward: -13.59
                    Mean episode length: 21.05
                        Mean action std: 1.00
     Episode_Reward/motion_body_lin_vel: 0.2437
        Metrics/motion/error_anchor_rot: 0.8209
Metrics/motion/segment_invalid_reference_frame_count: 0.0000
         Episode_Termination/anchor_ori: 0.0000
         Metrics/motion/bank_clip_count: 800.0000
    Metrics/motion/segment_failure_rate: 0.9723
  Episode_Reward/motion_global_root_ori: 0.0849
        Metrics/motion/error_anchor_pos: 0.3335
      Metrics/motion/error_body_ang_vel: 7.1188
      Episode_Termination/segment_trial: 0.2500
        Metrics/motion/sampling_entropy: 0.9072
          Episode_Reward/action_rate_l2: -3.5632
    Metrics/motion/error_anchor_lin_vel: 1.2465
Metrics/motion/sampling_adaptation_total_variation: 0.0132
     Episode_Reward/motion_body_ang_vel: 0.0171
         Metrics/motion/error_joint_vel: 25.2764
        Episode_Termination/ee_body_pos: 1.1250
Metrics/motion/sampling_rank_saturation_fraction: 0.0000
         Episode_Reward/self_collisions: -3.9125
 Metrics/motion/segment_censored_resets: 0.0000
       Metrics/motion/sampling_top1_bin: 0.4167
  Episode_Reward/motion_global_root_pos: 0.2003
         Episode_Reward/motion_body_ori: 0.1149
    Metrics/motion/error_anchor_ang_vel: 4.6491
      Metrics/motion/error_body_lin_vel: 1.2680
             Episode_Reward/joint_limit: -0.2277
   Metrics/motion/sampling_clip_entropy: 0.9265
        Episode_Reward/failure_terminal: -8.7500
         Episode_Termination/anchor_pos: 0.2500
         Episode_Reward/motion_body_pos: 0.4682
Metrics/motion/sampling_unit_effective_count: 613.7834
          Metrics/motion/error_body_rot: 0.7052
         Metrics/motion/error_joint_pos: 1.6281
Metrics/motion/segment_invalid_start_count: 0.0000
      Metrics/motion/sampling_top1_prob: 0.0172
 Metrics/motion/sampling_clip_top1_prob: 0.0178
          Metrics/motion/error_body_pos: 0.2194
--------------------------------------------------------------------------------
                         Iteration time: 0.34s
                           Time elapsed: 0:00:05
                                    ETA: 0:00:02

################################################################################
[1m                            Learning iteration 14/20                            [0m 

                               Run name: relative_confirmation_smoke_D_s51
                            Total steps: 2880 
                       Steps per second: 534 
                        Collection time: 0.305s 
                          Learning time: 0.055s 
                        Mean value loss: 6.9165
                    Mean surrogate loss: -0.0963
                      Mean entropy loss: 41.1929
                            Mean reward: -13.50
                    Mean episode length: 20.74
                        Mean action std: 1.00
     Episode_Reward/motion_body_lin_vel: 0.1319
        Metrics/motion/error_anchor_rot: 0.4955
Metrics/motion/segment_invalid_reference_frame_count: 0.0000
         Episode_Termination/anchor_ori: 0.0000
         Metrics/motion/bank_clip_count: 800.0001
    Metrics/motion/segment_failure_rate: 0.9706
  Episode_Reward/motion_global_root_ori: 0.0932
        Metrics/motion/error_anchor_pos: 0.3440
      Metrics/motion/error_body_ang_vel: 6.7722
      Episode_Termination/segment_trial: 0.0000
        Metrics/motion/sampling_entropy: 0.9071
          Episode_Reward/action_rate_l2: -2.3179
    Metrics/motion/error_anchor_lin_vel: 1.4341
Metrics/motion/sampling_adaptation_total_variation: 0.0136
     Episode_Reward/motion_body_ang_vel: 0.0122
         Metrics/motion/error_joint_vel: 24.2246
        Episode_Termination/ee_body_pos: 0.8571
Metrics/motion/sampling_rank_saturation_fraction: 0.0000
         Episode_Reward/self_collisions: -2.7429
 Metrics/motion/segment_censored_resets: 0.0000
       Metrics/motion/sampling_top1_bin: 0.4167
  Episode_Reward/motion_global_root_pos: 0.1351
         Episode_Reward/motion_body_ori: 0.1199
    Metrics/motion/error_anchor_ang_vel: 3.5792
      Metrics/motion/error_body_lin_vel: 1.4203
             Episode_Reward/joint_limit: -0.0977
   Metrics/motion/sampling_clip_entropy: 0.9264
        Episode_Reward/failure_terminal: -10.0000
         Episode_Termination/anchor_pos: 0.1429
         Episode_Reward/motion_body_pos: 0.3302
Metrics/motion/sampling_unit_effective_count: 613.4437
          Metrics/motion/error_body_rot: 0.6694
         Metrics/motion/error_joint_pos: 1.6941
Metrics/motion/segment_invalid_start_count: 0.0000
      Metrics/motion/sampling_top1_prob: 0.0174
 Metrics/motion/sampling_clip_top1_prob: 0.0178
          Metrics/motion/error_body_pos: 0.2000
--------------------------------------------------------------------------------
                         Iteration time: 0.36s
                           Time elapsed: 0:00:05
                                    ETA: 0:00:01

################################################################################
[1m                            Learning iteration 15/20                            [0m 

                               Run name: relative_confirmation_smoke_D_s51
                            Total steps: 3072 
                       Steps per second: 548 
                        Collection time: 0.284s 
                          Learning time: 0.066s 
                        Mean value loss: 2.6988
                    Mean surrogate loss: -0.0978
                      Mean entropy loss: 41.1957
                            Mean reward: -13.56
                    Mean episode length: 20.47
                        Mean action std: 1.00
     Episode_Reward/motion_body_lin_vel: 0.1187
        Metrics/motion/error_anchor_rot: 0.7405
Metrics/motion/segment_invalid_reference_frame_count: 0.0000
         Episode_Termination/anchor_ori: 0.1250
         Metrics/motion/bank_clip_count: 800.0000
    Metrics/motion/segment_failure_rate: 0.9724
  Episode_Reward/motion_global_root_ori: 0.0671
        Metrics/motion/error_anchor_pos: 0.2099
      Metrics/motion/error_body_ang_vel: 7.0082
      Episode_Termination/segment_trial: 0.0000
        Metrics/motion/sampling_entropy: 0.9070
          Episode_Reward/action_rate_l2: -2.1281
    Metrics/motion/error_anchor_lin_vel: 1.0907
Metrics/motion/sampling_adaptation_total_variation: 0.0141
     Episode_Reward/motion_body_ang_vel: 0.0059
         Metrics/motion/error_joint_vel: 23.4988
        Episode_Termination/ee_body_pos: 1.1250
Metrics/motion/sampling_rank_saturation_fraction: 0.0000
         Episode_Reward/self_collisions: -1.8125
 Metrics/motion/segment_censored_resets: 0.0000
       Metrics/motion/sampling_top1_bin: 0.4167
  Episode_Reward/motion_global_root_pos: 0.1384
         Episode_Reward/motion_body_ori: 0.0650
    Metrics/motion/error_anchor_ang_vel: 4.2699
      Metrics/motion/error_body_lin_vel: 1.4171
             Episode_Reward/joint_limit: -0.1225
   Metrics/motion/sampling_clip_entropy: 0.9263
        Episode_Reward/failure_terminal: -10.0000
         Episode_Termination/anchor_pos: 0.1250
         Episode_Reward/motion_body_pos: 0.2824
Metrics/motion/sampling_unit_effective_count: 612.9907
          Metrics/motion/error_body_rot: 0.8029
         Metrics/motion/error_joint_pos: 2.0677
Metrics/motion/segment_invalid_start_count: 0.0000
      Metrics/motion/sampling_top1_prob: 0.0177
 Metrics/motion/sampling_clip_top1_prob: 0.0177
          Metrics/motion/error_body_pos: 0.1929
--------------------------------------------------------------------------------
                         Iteration time: 0.35s
                           Time elapsed: 0:00:05
                                    ETA: 0:00:01

################################################################################
[1m                            Learning iteration 16/20                            [0m 

                               Run name: relative_confirmation_smoke_D_s51
                            Total steps: 3264 
                       Steps per second: 585 
                        Collection time: 0.289s 
                          Learning time: 0.038s 
                        Mean value loss: 6.7517
                    Mean surrogate loss: -0.0916
                      Mean entropy loss: 41.1990
                            Mean reward: -13.66
                    Mean episode length: 20.24
                        Mean action std: 1.00
     Episode_Reward/motion_body_lin_vel: 0.1538
        Metrics/motion/error_anchor_rot: 0.4293
Metrics/motion/segment_invalid_reference_frame_count: 0.0000
         Episode_Termination/anchor_ori: 0.0000
         Metrics/motion/bank_clip_count: 800.0001
    Metrics/motion/segment_failure_rate: 0.9741
  Episode_Reward/motion_global_root_ori: 0.1052
        Metrics/motion/error_anchor_pos: 0.3044
      Metrics/motion/error_body_ang_vel: 6.8431
      Episode_Termination/segment_trial: 0.0000
        Metrics/motion/sampling_entropy: 0.9069
          Episode_Reward/action_rate_l2: -2.3388
    Metrics/motion/error_anchor_lin_vel: 1.3208
Metrics/motion/sampling_adaptation_total_variation: 0.0145
     Episode_Reward/motion_body_ang_vel: 0.0123
         Metrics/motion/error_joint_vel: 22.8779
        Episode_Termination/ee_body_pos: 1.0000
Metrics/motion/sampling_rank_saturation_fraction: 0.0000
         Episode_Reward/self_collisions: -2.6714
 Metrics/motion/segment_censored_resets: 0.0000
       Metrics/motion/sampling_top1_bin: 0.4167
  Episode_Reward/motion_global_root_pos: 0.1430
         Episode_Reward/motion_body_ori: 0.1000
    Metrics/motion/error_anchor_ang_vel: 4.5855
      Metrics/motion/error_body_lin_vel: 1.3301
             Episode_Reward/joint_limit: -0.1293
   Metrics/motion/sampling_clip_entropy: 0.9262
        Episode_Reward/failure_terminal: -10.0000
         Episode_Termination/anchor_pos: 0.1429
         Episode_Reward/motion_body_pos: 0.3268
Metrics/motion/sampling_unit_effective_count: 612.6245
          Metrics/motion/error_body_rot: 0.7457
         Metrics/motion/error_joint_pos: 1.7256
Metrics/motion/segment_invalid_start_count: 0.0000
      Metrics/motion/sampling_top1_prob: 0.0176
 Metrics/motion/sampling_clip_top1_prob: 0.0177
          Metrics/motion/error_body_pos: 0.2114
--------------------------------------------------------------------------------
                         Iteration time: 0.33s
                           Time elapsed: 0:00:06
                                    ETA: 0:00:01

################################################################################
[1m                            Learning iteration 17/20                            [0m 

                               Run name: relative_confirmation_smoke_D_s51
                            Total steps: 3456 
                       Steps per second: 741 
                        Collection time: 0.212s 
                          Learning time: 0.047s 
                        Mean value loss: 11.5193
                    Mean surrogate loss: -0.0934
                      Mean entropy loss: 41.2054
                            Mean reward: -13.52
                    Mean episode length: 20.17
                        Mean action std: 1.00
     Episode_Reward/motion_body_lin_vel: 0.2121
        Metrics/motion/error_anchor_rot: 0.8159
Metrics/motion/segment_invalid_reference_frame_count: 0.0000
         Episode_Termination/anchor_ori: 0.0000
         Metrics/motion/bank_clip_count: 800.0001
    Metrics/motion/segment_failure_rate: 0.9702
  Episode_Reward/motion_global_root_ori: 0.0896
        Metrics/motion/error_anchor_pos: 0.2573
      Metrics/motion/error_body_ang_vel: 5.9504
      Episode_Termination/segment_trial: 0.2857
        Metrics/motion/sampling_entropy: 0.9068
          Episode_Reward/action_rate_l2: -2.8582
    Metrics/motion/error_anchor_lin_vel: 1.1408
Metrics/motion/sampling_adaptation_total_variation: 0.0149
     Episode_Reward/motion_body_ang_vel: 0.0120
         Metrics/motion/error_joint_vel: 21.5416
        Episode_Termination/ee_body_pos: 1.0000
Metrics/motion/sampling_rank_saturation_fraction: 0.0000
         Episode_Reward/self_collisions: -2.6714
 Metrics/motion/segment_censored_resets: 0.0000
       Metrics/motion/sampling_top1_bin: 0.4167
  Episode_Reward/motion_global_root_pos: 0.1795
         Episode_Reward/motion_body_ori: 0.1155
    Metrics/motion/error_anchor_ang_vel: 4.0161
      Metrics/motion/error_body_lin_vel: 1.0881
             Episode_Reward/joint_limit: -0.1426
   Metrics/motion/sampling_clip_entropy: 0.9261
        Episode_Reward/failure_terminal: -8.5714
         Episode_Termination/anchor_pos: 0.1429
         Episode_Reward/motion_body_pos: 0.4088
Metrics/motion/sampling_unit_effective_count: 612.1360
          Metrics/motion/error_body_rot: 0.6938
         Metrics/motion/error_joint_pos: 1.8303
Metrics/motion/segment_invalid_start_count: 0.0000
      Metrics/motion/sampling_top1_prob: 0.0176
 Metrics/motion/sampling_clip_top1_prob: 0.0178
          Metrics/motion/error_body_pos: 0.1816
--------------------------------------------------------------------------------
                         Iteration time: 0.26s
                           Time elapsed: 0:00:06
                                    ETA: 0:00:00

################################################################################
[1m                            Learning iteration 18/20                            [0m 

                               Run name: relative_confirmation_smoke_D_s51
                            Total steps: 3648 
                       Steps per second: 583 
                        Collection time: 0.284s 
                          Learning time: 0.045s 
                        Mean value loss: 3.9055
                    Mean surrogate loss: -0.0982
                      Mean entropy loss: 41.2121
                            Mean reward: -13.46
                    Mean episode length: 20.15
                        Mean action std: 1.00
     Episode_Reward/motion_body_lin_vel: 0.1253
        Metrics/motion/error_anchor_rot: 0.4697
Metrics/motion/segment_invalid_reference_frame_count: 0.0000
         Episode_Termination/anchor_ori: 0.0000
         Metrics/motion/bank_clip_count: 800.0000
    Metrics/motion/segment_failure_rate: 0.9711
  Episode_Reward/motion_global_root_ori: 0.0954
        Metrics/motion/error_anchor_pos: 0.2107
      Metrics/motion/error_body_ang_vel: 7.2069
      Episode_Termination/segment_trial: 0.0000
        Metrics/motion/sampling_entropy: 0.9067
          Episode_Reward/action_rate_l2: -1.9994
    Metrics/motion/error_anchor_lin_vel: 0.9240
Metrics/motion/sampling_adaptation_total_variation: 0.0151
     Episode_Reward/motion_body_ang_vel: 0.0076
         Metrics/motion/error_joint_vel: 25.9124
        Episode_Termination/ee_body_pos: 1.2000
Metrics/motion/sampling_rank_saturation_fraction: 0.0000
         Episode_Reward/self_collisions: -1.1400
 Metrics/motion/segment_censored_resets: 0.0000
       Metrics/motion/sampling_top1_bin: 0.4167
  Episode_Reward/motion_global_root_pos: 0.1363
         Episode_Reward/motion_body_ori: 0.0941
    Metrics/motion/error_anchor_ang_vel: 4.5225
      Metrics/motion/error_body_lin_vel: 1.2995
             Episode_Reward/joint_limit: -0.1129
   Metrics/motion/sampling_clip_entropy: 0.9261
        Episode_Reward/failure_terminal: -10.0000
         Episode_Termination/anchor_pos: 0.1000
         Episode_Reward/motion_body_pos: 0.2809
Metrics/motion/sampling_unit_effective_count: 611.9145
          Metrics/motion/error_body_rot: 0.6920
         Metrics/motion/error_joint_pos: 1.8375
Metrics/motion/segment_invalid_start_count: 0.0000
      Metrics/motion/sampling_top1_prob: 0.0177
 Metrics/motion/sampling_clip_top1_prob: 0.0178
          Metrics/motion/error_body_pos: 0.1739
--------------------------------------------------------------------------------
                         Iteration time: 0.33s
                           Time elapsed: 0:00:06
                                    ETA: 0:00:00

################################################################################
[1m                            Learning iteration 19/20                            [0m 

                               Run name: relative_confirmation_smoke_D_s51
                            Total steps: 3840 
                       Steps per second: 573 
                        Collection time: 0.268s 
                          Learning time: 0.067s 
                        Mean value loss: 4.4320
                    Mean surrogate loss: -0.0997
                      Mean entropy loss: 41.2155
                            Mean reward: -13.56
                    Mean episode length: 20.44
                        Mean action std: 1.00
     Episode_Reward/motion_body_lin_vel: 0.2031
        Metrics/motion/error_anchor_rot: 0.8758
Metrics/motion/segment_invalid_reference_frame_count: 0.0000
         Episode_Termination/anchor_ori: 0.1429
         Metrics/motion/bank_clip_count: 800.0001
    Metrics/motion/segment_failure_rate: 0.9725
  Episode_Reward/motion_global_root_ori: 0.0997
        Metrics/motion/error_anchor_pos: 0.3507
      Metrics/motion/error_body_ang_vel: 7.6321
      Episode_Termination/segment_trial: 0.0000
        Metrics/motion/sampling_entropy: 0.9065
          Episode_Reward/action_rate_l2: -3.1153
    Metrics/motion/error_anchor_lin_vel: 1.5118
Metrics/motion/sampling_adaptation_total_variation: 0.0159
     Episode_Reward/motion_body_ang_vel: 0.0142
         Metrics/motion/error_joint_vel: 22.6934
        Episode_Termination/ee_body_pos: 0.7143
Metrics/motion/sampling_rank_saturation_fraction: 0.0000
         Episode_Reward/self_collisions: -2.6857
 Metrics/motion/segment_censored_resets: 0.0000
       Metrics/motion/sampling_top1_bin: 0.4167
  Episode_Reward/motion_global_root_pos: 0.1892
         Episode_Reward/motion_body_ori: 0.0931
    Metrics/motion/error_anchor_ang_vel: 4.7877
      Metrics/motion/error_body_lin_vel: 1.4195
             Episode_Reward/joint_limit: -0.1996
   Metrics/motion/sampling_clip_entropy: 0.9259
        Episode_Reward/failure_terminal: -10.0000
         Episode_Termination/anchor_pos: 0.2857
         Episode_Reward/motion_body_pos: 0.4020
Metrics/motion/sampling_unit_effective_count: 611.0284
          Metrics/motion/error_body_rot: 0.8690
         Metrics/motion/error_joint_pos: 1.7378
Metrics/motion/segment_invalid_start_count: 0.0000
      Metrics/motion/sampling_top1_prob: 0.0180
 Metrics/motion/sampling_clip_top1_prob: 0.0180
          Metrics/motion/error_body_pos: 0.2631
--------------------------------------------------------------------------------
                         Iteration time: 0.33s
                           Time elapsed: 0:00:07
                                    ETA: 0:00:00

DONE rc=0 attempt=1 elapsed_s=24 gpu_hours=0.006667 baseline_vram_mib=1003 peak_total_vram_mib=11376 peak_delta_mib=10373 2026-09-06T01:02:42-04:00
