LAUNCH attempt=1 free_mib=15671 util_pct=0 baseline_vram_mib=632 2026-09-06T01:00:21-04:00
[INFO] Training with: device=cuda:0, seed=51, rank=0
[INFO] Using local motion file: /home/linjiw/dataset/amass-licensed/phase-g-bank-rebuilt-fmt8/KIT_1229_flexion_with_help_02_poses_100_jpos.npz
[INFO] Logging experiment in directory: /home/linjiw/climb-feasibility-first/reports/relative_progress_2026-09-05/confirmation_entrypoint_smokes_adapter/R/g1_tracking/relative_confirmation_smoke_R_s51
Setting seed: 51
Warp 1.14.0 initialized:
   CUDA Toolkit 12.9, Driver 13.2
   Devices:
     "cpu"      : "x86_64"
     "cuda:0"   : "NVIDIA GeForce RTX 5080" (15 GiB, sm_120, mempool enabled)
   Kernel cache:
     /home/linjiw/.cache/warp/1.14.0
Module mujoco_warp._src.smooth e597d07 load on device 'cuda:0' took 4.37 ms  (cached)
Module _nxn_broadphase__locals__kernel_df6640ed df6640e load on device 'cuda:0' took 0.98 ms  (cached)
Module _primitive_narrowphase__locals__primitive_narrowphase_0d45ffc8 0d45ffc load on device 'cuda:0' took 1.85 ms  (cached)
Module mujoco_warp._src.constraint 880bd7f load on device 'cuda:0' took 0.83 ms  (cached)
Module _friction_dof__locals__kernel_196c77d2 196c77d load on device 'cuda:0' took 1.00 ms  (cached)
Module _limit_slide_hinge__locals__kernel_6e38514e 6e38514 load on device 'cuda:0' took 1.05 ms  (cached)
Module _efc_contact_init__locals__kernel_6eab31b8 6eab31b load on device 'cuda:0' took 0.92 ms  (cached)
Module _efc_contact_jac_sparse__locals__kernel_f9099d1d f9099d1 load on device 'cuda:0' took 0.87 ms  (cached)
Module _efc_contact_update__locals__kernel_8aad7bfd 8aad7bf load on device 'cuda:0' took 0.92 ms  (cached)
Module mujoco_warp._src.sensor 42e0a24 load on device 'cuda:0' took 3.12 ms  (cached)
Module mujoco_warp._src.forward 687ddb7 load on device 'cuda:0' took 1.72 ms  (cached)
Module mujoco_warp._src.passive 8ff6993 load on device 'cuda:0' took 1.91 ms  (cached)
Module mujoco_warp._src.forward 2190340 load on device 'cuda:0' took 2.32 ms  (cached)
Module _qfrc_smooth__locals__kernel_6eb3d958 6eb3d95 load on device 'cuda:0' took 0.91 ms  (cached)
Module mujoco_warp._src.support d1e71d9 load on device 'cuda:0' took 0.80 ms  (cached)
Module _tile_cholesky_factorize_solve_block__locals__kernel_beb64870 837cd89 load on device 'cuda:0' took 24.22 ms  (cached)
Module _solve_init_dof__locals__kernel_c6f567bf c6f567b load on device 'cuda:0' took 2.09 ms  (cached)
Module mujoco_warp._src.solver 245b5b3 load on device 'cuda:0' took 2.42 ms  (cached)
Module _solve_init_jaref_kernel__locals__kernel_1971c1c1 1971c1c load on device 'cuda:0' took 1.01 ms  (cached)
Module mul_m_kernel__locals___mul_m_fd2186c4 fd2186c load on device 'cuda:0' took 0.87 ms  (cached)
Module _update_constraint_efc__locals__kernel_4af8f110 4af8f11 load on device 'cuda:0' took 1.35 ms  (cached)
Module _update_constraint_init_qfrc_constraint_sparse__locals__kernel_16efb537 16efb53 load on device 'cuda:0' took 0.86 ms  (cached)
Module _update_gradient_zero_grad_dot__locals__kernel_cb780630 cb78063 load on device 'cuda:0' took 0.93 ms  (cached)
Module _update_gradient_grad__locals__kernel_0cbf4927 0cbf492 load on device 'cuda:0' took 0.75 ms  (cached)
Module _update_gradient_init_h_sparse__locals__kernel_8d599502 8d59950 load on device 'cuda:0' took 0.95 ms  (cached)
Module _JTDAJ_sparse__locals__kernel_6fe61e97 6fe61e9 load on device 'cuda:0' took 0.97 ms  (cached)
Module _JTDAJ_sparse__locals__kernel_6fe61e97 4406f08 load on device 'cuda:0' took 0.91 ms  (cached)
Module _update_gradient_cholesky_blocked__locals__kernel_425d32be 40254b5 load on device 'cuda:0' took 58.57 ms  (cached)
Module _linesearch_jv_fused_kernel__locals__kernel_0509eab7 0509eab load on device 'cuda:0' took 0.94 ms  (cached)
Module _linesearch_iterative_kernel__locals__kernel_59bb1059 897906f load on device 'cuda:0' took 1.20 ms  (cached)
Module _update_constraint_efc__locals__kernel_e30beb1f e30beb1 load on device 'cuda:0' took 1.02 ms  (cached)
Module _update_gradient_zero_grad_dot__locals__kernel_f708ee5f f708ee5 load on device 'cuda:0' took 0.94 ms  (cached)
Module _update_gradient_grad__locals__kernel_cb93df65 cb93df6 load on device 'cuda:0' took 0.87 ms  (cached)
Module _update_gradient_h_incremental_sparse__locals__kernel_abf1f59a abf1f59 load on device 'cuda:0' took 0.81 ms  (cached)
Module _update_gradient_cholesky_blocked_skip_unchanged__locals__kernel_955af8fc 250c823 load on device 'cuda:0' took 61.24 ms  (cached)
Module _contact_sort__locals__contact_sort_321f5f3e 33ea4e1 load on device 'cuda:0' took 0.91 ms  (cached)
Module mujoco_warp._src.derivative e770e28 load on device 'cuda:0' took 1.58 ms  (cached)
Module _next_time_builder__locals___next_time_95ad6d7a 95ad6d7 load on device 'cuda:0' took 1.39 ms  (cached)
Module reset_data__locals__reset_xfrc_applied_03030511 0303051 load on device 'cuda:0' took 1.06 ms  (cached)
Module reset_data__locals__reset_M_631075dd 631075d load on device 'cuda:0' took 0.89 ms  (cached)
Module reset_data__locals__reset_mocap_6513201c 6513201 load on device 'cuda:0' took 0.95 ms  (cached)
Module reset_data__locals__reset_contact_5c08f689 5c08f68 load on device 'cuda:0' took 0.92 ms  (cached)
Module reset_data__locals__reset_sleep_50b990da 50b990d load on device 'cuda:0' took 0.86 ms  (cached)
Module reset_data__locals__reset_nworld_69a10925 69a1092 load on device 'cuda:0' took 1.10 ms  (cached)

+---------------------------------+
|         Base Environment        |
+------------------------+--------+
| Property               | Value  |
+------------------------+--------+
| Number of environments | 8      |
| Environment device     | cuda:0 |
| Environment seed       | 51     |
| Physics step-size      | 0.005  |
| Environment step-size  | 0.02   |
+------------------------+--------+

[INFO] <EventManager> contains 2 active terms.
+----------------------------------------------+
|    Active Event Terms in Mode: 'interval'    |
+-------+------------+-------------------------+
| Index | Name       | Interval time range (s) |
+-------+------------+-------------------------+
|   0   | push_robot |        (1.0, 3.0)       |
+-------+------------+-------------------------+
+---------------------------------------+
| Active Event Terms in Mode: 'startup' |
+-----------+---------------------------+
|   Index   | Name                      |
+-----------+---------------------------+
|     0     | base_com                  |
|     1     | encoder_bias              |
|     2     | foot_friction             |
+-----------+---------------------------+
+-----------------------------+
| Domain Randomization Fields |
+-------+---------------------+
| Index | Field Name          |
+-------+---------------------+
|   0   | body_ipos           |
|   1   | body_subtreemass    |
|   2   | dof_invweight0      |
|   3   | body_invweight0     |
|   4   | tendon_length0      |
|   5   | tendon_invweight0   |
|   6   | actuator_acc0       |
|   7   | geom_friction       |
+-------+---------------------+

Module repeat_array_kernel_4f67a4c3 711f54c load on device 'cuda:0' took 0.86 ms  (cached)
Module repeat_array_kernel_4f67a4c3 7224d07 load on device 'cuda:0' took 0.82 ms  (cached)
Module repeat_array_kernel_4f67a4c3 b2885b0 load on device 'cuda:0' took 1.95 ms  (cached)
[climb] motion bank: 800 clips, 2.54 h @ 50 fps, clip length min/median/max = 1.1/7.5/155.9 s
[INFO] <CommandManager> contains 1 active terms.
+------------------------------------------+
|           Active Command Terms           |
+-------+--------+-------------------------+
| Index | Name   |           Type          |
+-------+--------+-------------------------+
|   0   | motion | RelativeProgressCommand |
+-------+--------+-------------------------+

[INFO] <ActionManager> contains 1 active terms.
+---------------------------------+
| Active Action Terms (shape: 29) |
+-------+-----------+-------------+
| Index | Name      |   Dimension |
+-------+-----------+-------------+
|   0   | joint_pos |          29 |
+-------+-----------+-------------+

[INFO] <ObservationManager> contains 2 groups.
+------------------------------------------------------------+
| Active Observation Terms in Group: 'actor' (shape: (160,)) |
+----------+------------------------------------+------------+
|  Index   | Name                               |   Shape    |
+----------+------------------------------------+------------+
|    0     | command                            |   (58,)    |
|    1     | motion_anchor_pos_b                |    (3,)    |
|    2     | motion_anchor_ori_b                |    (6,)    |
|    3     | base_lin_vel                       |    (3,)    |
|    4     | base_ang_vel                       |    (3,)    |
|    5     | joint_pos                          |   (29,)    |
|    6     | joint_vel                          |   (29,)    |
|    7     | actions                            |   (29,)    |
+----------+------------------------------------+------------+
+-------------------------------------------------------------+
| Active Observation Terms in Group: 'critic' (shape: (286,)) |
+-----------+------------------------------------+------------+
|   Index   | Name                               |   Shape    |
+-----------+------------------------------------+------------+
|     0     | command                            |   (58,)    |
|     1     | motion_anchor_pos_b                |    (3,)    |
|     2     | motion_anchor_ori_b                |    (6,)    |
|     3     | body_pos                           |   (42,)    |
|     4     | body_ori                           |   (84,)    |
|     5     | base_lin_vel                       |    (3,)    |
|     6     | base_ang_vel                       |    (3,)    |
|     7     | joint_pos                          |   (29,)    |
|     8     | joint_vel                          |   (29,)    |
|     9     | actions                            |   (29,)    |
+-----------+------------------------------------+------------+

[INFO] <TerminationManager> contains 4 active terms.
+----------------------------------+
|     Active Termination Terms     |
+-------+---------------+----------+
| Index | Name          | Time Out |
+-------+---------------+----------+
|   0   | anchor_pos    |  False   |
|   1   | anchor_ori    |  False   |
|   2   | ee_body_pos   |  False   |
|   3   | segment_trial |   True   |
+-------+---------------+----------+

[INFO] <RewardManager> contains 10 active terms.
+-----------------------------------------+
|           Active Reward Terms           |
+-------+------------------------+--------+
| Index | Name                   | Weight |
+-------+------------------------+--------+
|   0   | motion_global_root_pos |    0.5 |
|   1   | motion_global_root_ori |    0.5 |
|   2   | motion_body_pos        |    1.0 |
|   3   | motion_body_ori        |    1.0 |
|   4   | motion_body_lin_vel    |    1.0 |
|   5   | motion_body_ang_vel    |    1.0 |
|   6   | action_rate_l2         |   -0.1 |
|   7   | joint_limit            |  -10.0 |
|   8   | self_collisions        |  -10.0 |
|   9   | failure_terminal       | -500.0 |
+-------+------------------------+--------+

[INFO] <NullCurriculumManager> (inactive)
[INFO] <NullMetricsManager> (inactive)
[INFO] <NullRecorderManager> (inactive)
Module mujoco_warp._src.io 19274fb load on device 'cuda:0' took 2.94 ms  (cached)
Module _tile_cholesky_factorize_block__locals__kernel_1a8ac315 67a96c9 load on device 'cuda:0' took 18.98 ms  (cached)
Module _tile_cholesky_solve_block__locals__kernel_be7133b6 6b45561 load on device 'cuda:0' took 22.09 ms  (cached)
--------------------------------------------------------------------------------
Resolved observation sets: 
	 actor :  ('actor',)
	 critic :  ('critic',)
--------------------------------------------------------------------------------
Actor Model: MLPModel(
  (obs_normalizer): EmpiricalNormalization()
  (distribution): GaussianDistribution()
  (mlp): MLP(
    (0): Linear(in_features=160, out_features=512, bias=True)
    (1): ELU(alpha=1.0)
    (2): Linear(in_features=512, out_features=256, bias=True)
    (3): ELU(alpha=1.0)
    (4): Linear(in_features=256, out_features=128, bias=True)
    (5): ELU(alpha=1.0)
    (6): Linear(in_features=128, out_features=29, bias=True)
  )
)
Critic Model: MLPModel(
  (obs_normalizer): EmpiricalNormalization()
  (mlp): MLP(
    (0): Linear(in_features=286, out_features=512, bias=True)
    (1): ELU(alpha=1.0)
    (2): Linear(in_features=512, out_features=256, bias=True)
    (3): ELU(alpha=1.0)
    (4): Linear(in_features=256, out_features=128, bias=True)
    (5): ELU(alpha=1.0)
    (6): Linear(in_features=128, out_features=1, bias=True)
  )
)
Storing git diff for 'mjlab-1.6.0' in: /home/linjiw/climb-feasibility-first/reports/relative_progress_2026-09-05/confirmation_entrypoint_smokes_adapter/R/g1_tracking/relative_confirmation_smoke_R_s51/git/mjlab-1.6.0.diff
################################################################################
[1m                            Learning iteration 0/20                             [0m 

                               Run name: relative_confirmation_smoke_R_s51
                            Total steps: 192 
                       Steps per second: 163 
                        Collection time: 1.074s 
                          Learning time: 0.103s 
                        Mean value loss: 32.7663
                    Mean surrogate loss: -0.1206
                      Mean entropy loss: 41.1532
                            Mean reward: -11.02
                    Mean episode length: 9.30
                        Mean action std: 1.00
Metrics/motion/sampling_unit_effective_count: 624.0341
   Metrics/motion/sampling_clip_entropy: 0.9287
Metrics/motion/sampling_rank_saturation_fraction: 0.0000
 Metrics/motion/segment_censored_resets: 0.0000
        Metrics/motion/error_anchor_rot: 0.3036
    Metrics/motion/error_anchor_lin_vel: 0.8037
             Episode_Reward/joint_limit: -0.0337
      Metrics/motion/error_body_lin_vel: 1.1685
     Episode_Reward/motion_body_lin_vel: 0.0636
  Episode_Reward/motion_global_root_pos: 0.0815
         Episode_Termination/anchor_pos: 0.0000
  Episode_Reward/motion_global_root_ori: 0.0632
         Episode_Reward/motion_body_pos: 0.1677
         Episode_Reward/motion_body_ori: 0.0676
    Metrics/motion/segment_failure_rate: 0.8889
      Episode_Termination/segment_trial: 0.0000
      Metrics/motion/error_body_ang_vel: 7.0455
         Metrics/motion/error_joint_vel: 24.1696
        Episode_Termination/ee_body_pos: 1.1111
        Episode_Reward/failure_terminal: -10.0000
         Metrics/motion/bank_clip_count: 800.0000
Metrics/motion/segment_invalid_reference_frame_count: 0.0000
         Episode_Reward/self_collisions: -0.3889
     Episode_Reward/motion_body_ang_vel: 0.0057
       Metrics/motion/sampling_top1_bin: 0.4167
          Episode_Reward/action_rate_l2: -1.0028
          Metrics/motion/error_body_rot: 0.5398
 Metrics/motion/sampling_clip_top1_prob: 0.0172
Metrics/motion/sampling_adaptation_total_variation: 0.0000
         Episode_Termination/anchor_ori: 0.0000
    Metrics/motion/error_anchor_ang_vel: 2.3927
      Metrics/motion/sampling_top1_prob: 0.0164
Metrics/motion/segment_invalid_start_count: 0.0000
        Metrics/motion/sampling_entropy: 0.9095
         Metrics/motion/error_joint_pos: 1.8171
          Metrics/motion/error_body_pos: 0.1147
        Metrics/motion/error_anchor_pos: 0.1178
--------------------------------------------------------------------------------
                         Iteration time: 1.18s
                           Time elapsed: 0:00:01
                                    ETA: 0:00:22

################################################################################
[1m                            Learning iteration 1/20                             [0m 

                               Run name: relative_confirmation_smoke_R_s51
                            Total steps: 384 
                       Steps per second: 691 
                        Collection time: 0.233s 
                          Learning time: 0.045s 
                        Mean value loss: 30.5567
                    Mean surrogate loss: -0.1076
                      Mean entropy loss: 41.1564
                            Mean reward: -12.55
                    Mean episode length: 16.82
                        Mean action std: 1.00
Metrics/motion/sampling_unit_effective_count: 624.0341
   Metrics/motion/sampling_clip_entropy: 0.9287
Metrics/motion/sampling_rank_saturation_fraction: 0.0000
 Metrics/motion/segment_censored_resets: 0.0000
        Metrics/motion/error_anchor_rot: 0.7043
    Metrics/motion/error_anchor_lin_vel: 1.0624
             Episode_Reward/joint_limit: -0.1649
      Metrics/motion/error_body_lin_vel: 1.0462
     Episode_Reward/motion_body_lin_vel: 0.2632
  Episode_Reward/motion_global_root_pos: 0.2077
         Episode_Termination/anchor_pos: 0.0000
  Episode_Reward/motion_global_root_ori: 0.1326
         Episode_Reward/motion_body_pos: 0.4499
         Episode_Reward/motion_body_ori: 0.1107
    Metrics/motion/segment_failure_rate: 1.0000
      Episode_Termination/segment_trial: 0.0000
      Metrics/motion/error_body_ang_vel: 6.6090
         Metrics/motion/error_joint_vel: 22.4672
        Episode_Termination/ee_body_pos: 1.0000
        Episode_Reward/failure_terminal: -10.0000
         Metrics/motion/bank_clip_count: 800.0001
Metrics/motion/segment_invalid_reference_frame_count: 0.0000
         Episode_Reward/self_collisions: -2.5143
     Episode_Reward/motion_body_ang_vel: 0.0214
       Metrics/motion/sampling_top1_bin: 0.4167
          Episode_Reward/action_rate_l2: -3.2411
          Metrics/motion/error_body_rot: 0.7355
 Metrics/motion/sampling_clip_top1_prob: 0.0172
Metrics/motion/sampling_adaptation_total_variation: 0.0000
         Episode_Termination/anchor_ori: 0.0000
    Metrics/motion/error_anchor_ang_vel: 3.8449
      Metrics/motion/sampling_top1_prob: 0.0164
Metrics/motion/segment_invalid_start_count: 0.0000
        Metrics/motion/sampling_entropy: 0.9095
         Metrics/motion/error_joint_pos: 1.8129
          Metrics/motion/error_body_pos: 0.2048
        Metrics/motion/error_anchor_pos: 0.2720
--------------------------------------------------------------------------------
                         Iteration time: 0.28s
                           Time elapsed: 0:00:01
                                    ETA: 0:00:13

################################################################################
[1m                            Learning iteration 2/20                             [0m 

                               Run name: relative_confirmation_smoke_R_s51
                            Total steps: 576 
                       Steps per second: 338 
                        Collection time: 0.529s 
                          Learning time: 0.039s 
                        Mean value loss: 31.5501
                    Mean surrogate loss: -0.1126
                      Mean entropy loss: 41.1600
                            Mean reward: -12.48
                    Mean episode length: 15.67
                        Mean action std: 1.00
Metrics/motion/sampling_unit_effective_count: 624.0341
   Metrics/motion/sampling_clip_entropy: 0.9287
Metrics/motion/sampling_rank_saturation_fraction: 0.0000
 Metrics/motion/segment_censored_resets: 0.0000
        Metrics/motion/error_anchor_rot: 0.4984
    Metrics/motion/error_anchor_lin_vel: 0.7977
             Episode_Reward/joint_limit: -0.0428
      Metrics/motion/error_body_lin_vel: 1.0712
     Episode_Reward/motion_body_lin_vel: 0.1139
  Episode_Reward/motion_global_root_pos: 0.1266
         Episode_Termination/anchor_pos: 0.0000
  Episode_Reward/motion_global_root_ori: 0.0678
         Episode_Reward/motion_body_pos: 0.2401
         Episode_Reward/motion_body_ori: 0.0676
    Metrics/motion/segment_failure_rate: 1.0000
      Episode_Termination/segment_trial: 0.0000
      Metrics/motion/error_body_ang_vel: 6.8424
         Metrics/motion/error_joint_vel: 24.0159
        Episode_Termination/ee_body_pos: 1.3000
        Episode_Reward/failure_terminal: -10.0000
         Metrics/motion/bank_clip_count: 800.0000
Metrics/motion/segment_invalid_reference_frame_count: 0.0000
         Episode_Reward/self_collisions: -1.5600
     Episode_Reward/motion_body_ang_vel: 0.0067
       Metrics/motion/sampling_top1_bin: 0.4167
          Episode_Reward/action_rate_l2: -1.6016
          Metrics/motion/error_body_rot: 0.5932
 Metrics/motion/sampling_clip_top1_prob: 0.0172
Metrics/motion/sampling_adaptation_total_variation: 0.0000
         Episode_Termination/anchor_ori: 0.0000
    Metrics/motion/error_anchor_ang_vel: 3.4271
      Metrics/motion/sampling_top1_prob: 0.0164
Metrics/motion/segment_invalid_start_count: 0.0000
        Metrics/motion/sampling_entropy: 0.9095
         Metrics/motion/error_joint_pos: 1.6851
          Metrics/motion/error_body_pos: 0.1357
        Metrics/motion/error_anchor_pos: 0.1295
--------------------------------------------------------------------------------
                         Iteration time: 0.57s
                           Time elapsed: 0:00:02
                                    ETA: 0:00:11

################################################################################
[1m                            Learning iteration 3/20                             [0m 

                               Run name: relative_confirmation_smoke_R_s51
                            Total steps: 768 
                       Steps per second: 715 
                        Collection time: 0.227s 
                          Learning time: 0.041s 
                        Mean value loss: 23.9288
                    Mean surrogate loss: -0.1159
                      Mean entropy loss: 41.1563
                            Mean reward: -12.74
                    Mean episode length: 16.76
                        Mean action std: 1.00
Metrics/motion/sampling_unit_effective_count: 624.0341
   Metrics/motion/sampling_clip_entropy: 0.9287
Metrics/motion/sampling_rank_saturation_fraction: 0.0000
 Metrics/motion/segment_censored_resets: 0.0000
        Metrics/motion/error_anchor_rot: 0.6685
    Metrics/motion/error_anchor_lin_vel: 0.9692
             Episode_Reward/joint_limit: -0.1056
      Metrics/motion/error_body_lin_vel: 1.1690
     Episode_Reward/motion_body_lin_vel: 0.1490
  Episode_Reward/motion_global_root_pos: 0.1488
         Episode_Termination/anchor_pos: 0.1429
  Episode_Reward/motion_global_root_ori: 0.0712
         Episode_Reward/motion_body_pos: 0.3076
         Episode_Reward/motion_body_ori: 0.0689
    Metrics/motion/segment_failure_rate: 1.0000
      Episode_Termination/segment_trial: 0.0000
      Metrics/motion/error_body_ang_vel: 6.8685
         Metrics/motion/error_joint_vel: 24.7284
        Episode_Termination/ee_body_pos: 1.0000
        Episode_Reward/failure_terminal: -10.0000
         Metrics/motion/bank_clip_count: 800.0001
Metrics/motion/segment_invalid_reference_frame_count: 0.0000
         Episode_Reward/self_collisions: -1.8571
     Episode_Reward/motion_body_ang_vel: 0.0096
       Metrics/motion/sampling_top1_bin: 0.4167
          Episode_Reward/action_rate_l2: -2.1948
          Metrics/motion/error_body_rot: 0.6450
 Metrics/motion/sampling_clip_top1_prob: 0.0172
Metrics/motion/sampling_adaptation_total_variation: 0.0000
         Episode_Termination/anchor_ori: 0.0000
    Metrics/motion/error_anchor_ang_vel: 3.0715
      Metrics/motion/sampling_top1_prob: 0.0164
Metrics/motion/segment_invalid_start_count: 0.0000
        Metrics/motion/sampling_entropy: 0.9095
         Metrics/motion/error_joint_pos: 1.8194
          Metrics/motion/error_body_pos: 0.1754
        Metrics/motion/error_anchor_pos: 0.2220
--------------------------------------------------------------------------------
                         Iteration time: 0.27s
                           Time elapsed: 0:00:02
                                    ETA: 0:00:09

################################################################################
[1m                            Learning iteration 4/20                             [0m 

                               Run name: relative_confirmation_smoke_R_s51
                            Total steps: 960 
                       Steps per second: 679 
                        Collection time: 0.237s 
                          Learning time: 0.045s 
                        Mean value loss: 24.2921
                    Mean surrogate loss: -0.1108
                      Mean entropy loss: 41.1496
                            Mean reward: -12.80
                    Mean episode length: 19.11
                        Mean action std: 1.00
Metrics/motion/sampling_unit_effective_count: 624.0341
   Metrics/motion/sampling_clip_entropy: 0.9287
Metrics/motion/sampling_rank_saturation_fraction: 0.0000
 Metrics/motion/segment_censored_resets: 0.0000
        Metrics/motion/error_anchor_rot: 0.8935
    Metrics/motion/error_anchor_lin_vel: 1.0251
             Episode_Reward/joint_limit: -0.1146
      Metrics/motion/error_body_lin_vel: 1.0154
     Episode_Reward/motion_body_lin_vel: 0.2664
  Episode_Reward/motion_global_root_pos: 0.1976
         Episode_Termination/anchor_pos: 0.1429
  Episode_Reward/motion_global_root_ori: 0.1057
         Episode_Reward/motion_body_pos: 0.4508
         Episode_Reward/motion_body_ori: 0.1083
    Metrics/motion/segment_failure_rate: 0.9736
      Episode_Termination/segment_trial: 0.2857
      Metrics/motion/error_body_ang_vel: 6.6905
         Metrics/motion/error_joint_vel: 22.8099
        Episode_Termination/ee_body_pos: 1.0000
        Episode_Reward/failure_terminal: -7.8571
         Metrics/motion/bank_clip_count: 800.0001
Metrics/motion/segment_invalid_reference_frame_count: 0.0000
         Episode_Reward/self_collisions: -2.8571
     Episode_Reward/motion_body_ang_vel: 0.0193
       Metrics/motion/sampling_top1_bin: 0.4167
          Episode_Reward/action_rate_l2: -3.2076
          Metrics/motion/error_body_rot: 0.8102
 Metrics/motion/sampling_clip_top1_prob: 0.0172
Metrics/motion/sampling_adaptation_total_variation: 0.0000
         Episode_Termination/anchor_ori: 0.0000
    Metrics/motion/error_anchor_ang_vel: 4.4058
      Metrics/motion/sampling_top1_prob: 0.0164
Metrics/motion/segment_invalid_start_count: 0.0000
        Metrics/motion/sampling_entropy: 0.9095
         Metrics/motion/error_joint_pos: 1.9060
          Metrics/motion/error_body_pos: 0.2099
        Metrics/motion/error_anchor_pos: 0.2720
--------------------------------------------------------------------------------
                         Iteration time: 0.28s
                           Time elapsed: 0:00:02
                                    ETA: 0:00:07

################################################################################
[1m                            Learning iteration 5/20                             [0m 

                               Run name: relative_confirmation_smoke_R_s51
                            Total steps: 1152 
                       Steps per second: 726 
                        Collection time: 0.223s 
                          Learning time: 0.042s 
                        Mean value loss: 17.2733
                    Mean surrogate loss: -0.1066
                      Mean entropy loss: 41.1478
                            Mean reward: -12.90
                    Mean episode length: 18.70
                        Mean action std: 1.00
Metrics/motion/sampling_unit_effective_count: 624.0341
   Metrics/motion/sampling_clip_entropy: 0.9287
Metrics/motion/sampling_rank_saturation_fraction: 0.0000
 Metrics/motion/segment_censored_resets: 0.0000
        Metrics/motion/error_anchor_rot: 0.6008
    Metrics/motion/error_anchor_lin_vel: 1.1811
             Episode_Reward/joint_limit: -0.0802
      Metrics/motion/error_body_lin_vel: 1.2495
     Episode_Reward/motion_body_lin_vel: 0.1069
  Episode_Reward/motion_global_root_pos: 0.1183
         Episode_Termination/anchor_pos: 0.0000
  Episode_Reward/motion_global_root_ori: 0.0751
         Episode_Reward/motion_body_pos: 0.2544
         Episode_Reward/motion_body_ori: 0.0680
    Metrics/motion/segment_failure_rate: 0.9602
      Episode_Termination/segment_trial: 0.0000
      Metrics/motion/error_body_ang_vel: 6.3167
         Metrics/motion/error_joint_vel: 22.4930
        Episode_Termination/ee_body_pos: 1.1667
        Episode_Reward/failure_terminal: -10.0000
         Metrics/motion/bank_clip_count: 800.0000
Metrics/motion/segment_invalid_reference_frame_count: 0.0000
         Episode_Reward/self_collisions: -2.3500
     Episode_Reward/motion_body_ang_vel: 0.0096
       Metrics/motion/sampling_top1_bin: 0.4167
          Episode_Reward/action_rate_l2: -1.7613
          Metrics/motion/error_body_rot: 0.6169
 Metrics/motion/sampling_clip_top1_prob: 0.0172
Metrics/motion/sampling_adaptation_total_variation: 0.0000
         Episode_Termination/anchor_ori: 0.0000
    Metrics/motion/error_anchor_ang_vel: 3.4635
      Metrics/motion/sampling_top1_prob: 0.0164
Metrics/motion/segment_invalid_start_count: 0.0000
        Metrics/motion/sampling_entropy: 0.9095
         Metrics/motion/error_joint_pos: 1.6158
          Metrics/motion/error_body_pos: 0.1651
        Metrics/motion/error_anchor_pos: 0.2272
--------------------------------------------------------------------------------
                         Iteration time: 0.26s
                           Time elapsed: 0:00:02
                                    ETA: 0:00:06

################################################################################
[1m                            Learning iteration 6/20                             [0m 

                               Run name: relative_confirmation_smoke_R_s51
                            Total steps: 1344 
                       Steps per second: 557 
                        Collection time: 0.292s 
                          Learning time: 0.052s 
                        Mean value loss: 20.3596
                    Mean surrogate loss: -0.1068
                      Mean entropy loss: 41.1503
                            Mean reward: -13.11
                    Mean episode length: 19.67
                        Mean action std: 1.00
Metrics/motion/sampling_unit_effective_count: 624.0341
   Metrics/motion/sampling_clip_entropy: 0.9287
Metrics/motion/sampling_rank_saturation_fraction: 0.0000
 Metrics/motion/segment_censored_resets: 0.0000
        Metrics/motion/error_anchor_rot: 0.6455
    Metrics/motion/error_anchor_lin_vel: 1.1298
             Episode_Reward/joint_limit: -0.1259
      Metrics/motion/error_body_lin_vel: 1.2064
     Episode_Reward/motion_body_lin_vel: 0.1895
  Episode_Reward/motion_global_root_pos: 0.1712
         Episode_Termination/anchor_pos: 0.0000
  Episode_Reward/motion_global_root_ori: 0.0758
         Episode_Reward/motion_body_pos: 0.3936
         Episode_Reward/motion_body_ori: 0.1184
    Metrics/motion/segment_failure_rate: 0.9658
      Episode_Termination/segment_trial: 0.1111
      Metrics/motion/error_body_ang_vel: 6.8829
         Metrics/motion/error_joint_vel: 23.3400
        Episode_Termination/ee_body_pos: 1.0000
        Episode_Reward/failure_terminal: -8.8889
         Metrics/motion/bank_clip_count: 800.0000
Metrics/motion/segment_invalid_reference_frame_count: 0.0000
         Episode_Reward/self_collisions: -3.2778
     Episode_Reward/motion_body_ang_vel: 0.0152
       Metrics/motion/sampling_top1_bin: 0.4167
          Episode_Reward/action_rate_l2: -2.9198
          Metrics/motion/error_body_rot: 0.7122
 Metrics/motion/sampling_clip_top1_prob: 0.0172
Metrics/motion/sampling_adaptation_total_variation: 0.0000
         Episode_Termination/anchor_ori: 0.0000
    Metrics/motion/error_anchor_ang_vel: 3.9631
      Metrics/motion/sampling_top1_prob: 0.0164
Metrics/motion/segment_invalid_start_count: 0.0000
        Metrics/motion/sampling_entropy: 0.9095
         Metrics/motion/error_joint_pos: 1.6870
          Metrics/motion/error_body_pos: 0.1988
        Metrics/motion/error_anchor_pos: 0.3113
--------------------------------------------------------------------------------
                         Iteration time: 0.34s
                           Time elapsed: 0:00:03
                                    ETA: 0:00:05

################################################################################
[1m                            Learning iteration 7/20                             [0m 

                               Run name: relative_confirmation_smoke_R_s51
                            Total steps: 1536 
                       Steps per second: 549 
                        Collection time: 0.306s 
                          Learning time: 0.044s 
                        Mean value loss: 19.6990
                    Mean surrogate loss: -0.1082
                      Mean entropy loss: 41.1554
                            Mean reward: -13.30
                    Mean episode length: 20.35
                        Mean action std: 1.00
Metrics/motion/sampling_unit_effective_count: 624.0341
   Metrics/motion/sampling_clip_entropy: 0.9287
Metrics/motion/sampling_rank_saturation_fraction: 0.0000
 Metrics/motion/segment_censored_resets: 0.0000
        Metrics/motion/error_anchor_rot: 0.7357
    Metrics/motion/error_anchor_lin_vel: 1.3673
             Episode_Reward/joint_limit: -0.1651
      Metrics/motion/error_body_lin_vel: 1.2886
     Episode_Reward/motion_body_lin_vel: 0.2094
  Episode_Reward/motion_global_root_pos: 0.1859
         Episode_Termination/anchor_pos: 0.0000
  Episode_Reward/motion_global_root_ori: 0.1268
         Episode_Reward/motion_body_pos: 0.4240
         Episode_Reward/motion_body_ori: 0.0960
    Metrics/motion/segment_failure_rate: 0.9549
      Episode_Termination/segment_trial: 0.0000
      Metrics/motion/error_body_ang_vel: 6.7311
         Metrics/motion/error_joint_vel: 24.2407
        Episode_Termination/ee_body_pos: 1.1667
        Episode_Reward/failure_terminal: -10.0000
         Metrics/motion/bank_clip_count: 800.0000
Metrics/motion/segment_invalid_reference_frame_count: 0.0000
         Episode_Reward/self_collisions: -3.3000
     Episode_Reward/motion_body_ang_vel: 0.0125
       Metrics/motion/sampling_top1_bin: 0.4167
          Episode_Reward/action_rate_l2: -3.0663
          Metrics/motion/error_body_rot: 0.7576
 Metrics/motion/sampling_clip_top1_prob: 0.0172
Metrics/motion/sampling_adaptation_total_variation: 0.0000
         Episode_Termination/anchor_ori: 0.0000
    Metrics/motion/error_anchor_ang_vel: 2.9587
      Metrics/motion/sampling_top1_prob: 0.0164
Metrics/motion/segment_invalid_start_count: 0.0000
        Metrics/motion/sampling_entropy: 0.9095
         Metrics/motion/error_joint_pos: 1.5497
          Metrics/motion/error_body_pos: 0.2247
        Metrics/motion/error_anchor_pos: 0.3511
--------------------------------------------------------------------------------
                         Iteration time: 0.35s
                           Time elapsed: 0:00:03
                                    ETA: 0:00:05

################################################################################
[1m                            Learning iteration 8/20                             [0m 

                               Run name: relative_confirmation_smoke_R_s51
                            Total steps: 1728 
                       Steps per second: 642 
                        Collection time: 0.257s 
                          Learning time: 0.041s 
                        Mean value loss: 15.1420
                    Mean surrogate loss: -0.0957
                      Mean entropy loss: 41.1607
                            Mean reward: -13.06
                    Mean episode length: 19.83
                        Mean action std: 1.00
Metrics/motion/sampling_unit_effective_count: 624.0341
   Metrics/motion/sampling_clip_entropy: 0.9287
Metrics/motion/sampling_rank_saturation_fraction: 0.0000
 Metrics/motion/segment_censored_resets: 0.0000
        Metrics/motion/error_anchor_rot: 0.3909
    Metrics/motion/error_anchor_lin_vel: 0.9619
             Episode_Reward/joint_limit: -0.0527
      Metrics/motion/error_body_lin_vel: 1.1860
     Episode_Reward/motion_body_lin_vel: 0.1424
  Episode_Reward/motion_global_root_pos: 0.1410
         Episode_Termination/anchor_pos: 0.0000
  Episode_Reward/motion_global_root_ori: 0.0845
         Episode_Reward/motion_body_pos: 0.2880
         Episode_Reward/motion_body_ori: 0.0758
    Metrics/motion/segment_failure_rate: 0.9539
      Episode_Termination/segment_trial: 0.1111
      Metrics/motion/error_body_ang_vel: 7.0833
         Metrics/motion/error_joint_vel: 25.4654
        Episode_Termination/ee_body_pos: 1.3333
        Episode_Reward/failure_terminal: -8.8889
         Metrics/motion/bank_clip_count: 800.0000
Metrics/motion/segment_invalid_reference_frame_count: 0.0000
         Episode_Reward/self_collisions: -1.2889
     Episode_Reward/motion_body_ang_vel: 0.0087
       Metrics/motion/sampling_top1_bin: 0.4167
          Episode_Reward/action_rate_l2: -1.9768
          Metrics/motion/error_body_rot: 0.6004
 Metrics/motion/sampling_clip_top1_prob: 0.0172
Metrics/motion/sampling_adaptation_total_variation: 0.0000
         Episode_Termination/anchor_ori: 0.0000
    Metrics/motion/error_anchor_ang_vel: 3.8830
      Metrics/motion/sampling_top1_prob: 0.0164
Metrics/motion/segment_invalid_start_count: 0.0000
        Metrics/motion/sampling_entropy: 0.9095
         Metrics/motion/error_joint_pos: 1.7505
          Metrics/motion/error_body_pos: 0.1512
        Metrics/motion/error_anchor_pos: 0.1923
--------------------------------------------------------------------------------
                         Iteration time: 0.30s
                           Time elapsed: 0:00:03
                                    ETA: 0:00:04

################################################################################
[1m                            Learning iteration 9/20                             [0m 

                               Run name: relative_confirmation_smoke_R_s51
                            Total steps: 1920 
                       Steps per second: 741 
                        Collection time: 0.221s 
                          Learning time: 0.038s 
                        Mean value loss: 11.8205
                    Mean surrogate loss: -0.0897
                      Mean entropy loss: 41.1655
                            Mean reward: -13.26
                    Mean episode length: 19.92
                        Mean action std: 1.00
Metrics/motion/sampling_unit_effective_count: 624.0341
   Metrics/motion/sampling_clip_entropy: 0.9287
Metrics/motion/sampling_rank_saturation_fraction: 0.0000
 Metrics/motion/segment_censored_resets: 0.0000
        Metrics/motion/error_anchor_rot: 0.7282
    Metrics/motion/error_anchor_lin_vel: 1.4591
             Episode_Reward/joint_limit: -0.1039
      Metrics/motion/error_body_lin_vel: 1.4589
     Episode_Reward/motion_body_lin_vel: 0.1458
  Episode_Reward/motion_global_root_pos: 0.1483
         Episode_Termination/anchor_pos: 0.5000
  Episode_Reward/motion_global_root_ori: 0.1046
         Episode_Reward/motion_body_pos: 0.3363
         Episode_Reward/motion_body_ori: 0.0928
    Metrics/motion/segment_failure_rate: 0.9535
      Episode_Termination/segment_trial: 0.0000
      Metrics/motion/error_body_ang_vel: 6.4688
         Metrics/motion/error_joint_vel: 21.7994
        Episode_Termination/ee_body_pos: 1.2500
        Episode_Reward/failure_terminal: -10.0000
         Metrics/motion/bank_clip_count: 800.0000
Metrics/motion/segment_invalid_reference_frame_count: 0.0000
         Episode_Reward/self_collisions: -5.2250
     Episode_Reward/motion_body_ang_vel: 0.0157
       Metrics/motion/sampling_top1_bin: 0.4167
          Episode_Reward/action_rate_l2: -2.5575
          Metrics/motion/error_body_rot: 0.7836
 Metrics/motion/sampling_clip_top1_prob: 0.0172
Metrics/motion/sampling_adaptation_total_variation: 0.0000
         Episode_Termination/anchor_ori: 0.0000
    Metrics/motion/error_anchor_ang_vel: 3.8720
      Metrics/motion/sampling_top1_prob: 0.0164
Metrics/motion/segment_invalid_start_count: 0.0000
        Metrics/motion/sampling_entropy: 0.9095
         Metrics/motion/error_joint_pos: 1.6514
          Metrics/motion/error_body_pos: 0.2547
        Metrics/motion/error_anchor_pos: 0.3997
--------------------------------------------------------------------------------
                         Iteration time: 0.26s
                           Time elapsed: 0:00:04
                                    ETA: 0:00:04

################################################################################
[1m                            Learning iteration 10/20                            [0m 

                               Run name: relative_confirmation_smoke_R_s51
                            Total steps: 2112 
                       Steps per second: 597 
                        Collection time: 0.266s 
                          Learning time: 0.055s 
                        Mean value loss: 6.8244
                    Mean surrogate loss: -0.0960
                      Mean entropy loss: 41.1707
                            Mean reward: -13.45
                    Mean episode length: 20.80
                        Mean action std: 1.00
Metrics/motion/sampling_unit_effective_count: 624.0341
   Metrics/motion/sampling_clip_entropy: 0.9287
Metrics/motion/sampling_rank_saturation_fraction: 0.0000
 Metrics/motion/segment_censored_resets: 0.0000
        Metrics/motion/error_anchor_rot: 1.0113
    Metrics/motion/error_anchor_lin_vel: 1.4587
             Episode_Reward/joint_limit: -0.3020
      Metrics/motion/error_body_lin_vel: 1.3498
     Episode_Reward/motion_body_lin_vel: 0.2409
  Episode_Reward/motion_global_root_pos: 0.2005
         Episode_Termination/anchor_pos: 0.2000
  Episode_Reward/motion_global_root_ori: 0.0955
         Episode_Reward/motion_body_pos: 0.4769
         Episode_Reward/motion_body_ori: 0.0999
    Metrics/motion/segment_failure_rate: 0.9560
      Episode_Termination/segment_trial: 0.0000
      Metrics/motion/error_body_ang_vel: 6.1197
         Metrics/motion/error_joint_vel: 20.9654
        Episode_Termination/ee_body_pos: 1.0000
        Episode_Reward/failure_terminal: -10.0000
         Metrics/motion/bank_clip_count: 800.0000
Metrics/motion/segment_invalid_reference_frame_count: 0.0000
         Episode_Reward/self_collisions: -2.9400
     Episode_Reward/motion_body_ang_vel: 0.0165
       Metrics/motion/sampling_top1_bin: 0.4167
          Episode_Reward/action_rate_l2: -3.8581
          Metrics/motion/error_body_rot: 0.8529
 Metrics/motion/sampling_clip_top1_prob: 0.0172
Metrics/motion/sampling_adaptation_total_variation: 0.0000
         Episode_Termination/anchor_ori: 0.0000
    Metrics/motion/error_anchor_ang_vel: 3.8764
      Metrics/motion/sampling_top1_prob: 0.0164
Metrics/motion/segment_invalid_start_count: 0.0000
        Metrics/motion/sampling_entropy: 0.9095
         Metrics/motion/error_joint_pos: 1.5789
          Metrics/motion/error_body_pos: 0.2741
        Metrics/motion/error_anchor_pos: 0.4615
--------------------------------------------------------------------------------
                         Iteration time: 0.32s
                           Time elapsed: 0:00:04
                                    ETA: 0:00:03

################################################################################
[1m                            Learning iteration 11/20                            [0m 

                               Run name: relative_confirmation_smoke_R_s51
                            Total steps: 2304 
                       Steps per second: 659 
                        Collection time: 0.250s 
                          Learning time: 0.041s 
                        Mean value loss: 11.1339
                    Mean surrogate loss: -0.0978
                      Mean entropy loss: 41.1743
                            Mean reward: -13.70
                    Mean episode length: 21.53
                        Mean action std: 1.00
Metrics/motion/sampling_unit_effective_count: 624.0341
   Metrics/motion/sampling_clip_entropy: 0.9287
Metrics/motion/sampling_rank_saturation_fraction: 0.0000
 Metrics/motion/segment_censored_resets: 0.0000
        Metrics/motion/error_anchor_rot: 0.6100
    Metrics/motion/error_anchor_lin_vel: 1.1365
             Episode_Reward/joint_limit: -0.1670
      Metrics/motion/error_body_lin_vel: 1.2295
     Episode_Reward/motion_body_lin_vel: 0.2073
  Episode_Reward/motion_global_root_pos: 0.1733
         Episode_Termination/anchor_pos: 0.3750
  Episode_Reward/motion_global_root_ori: 0.0847
         Episode_Reward/motion_body_pos: 0.3850
         Episode_Reward/motion_body_ori: 0.1097
    Metrics/motion/segment_failure_rate: 0.9594
      Episode_Termination/segment_trial: 0.0000
      Metrics/motion/error_body_ang_vel: 6.5603
         Metrics/motion/error_joint_vel: 24.4151
        Episode_Termination/ee_body_pos: 0.7500
        Episode_Reward/failure_terminal: -10.0000
         Metrics/motion/bank_clip_count: 800.0000
Metrics/motion/segment_invalid_reference_frame_count: 0.0000
         Episode_Reward/self_collisions: -3.5000
     Episode_Reward/motion_body_ang_vel: 0.0121
       Metrics/motion/sampling_top1_bin: 0.4167
          Episode_Reward/action_rate_l2: -2.8642
          Metrics/motion/error_body_rot: 0.6581
 Metrics/motion/sampling_clip_top1_prob: 0.0172
Metrics/motion/sampling_adaptation_total_variation: 0.0000
         Episode_Termination/anchor_ori: 0.0000
    Metrics/motion/error_anchor_ang_vel: 2.9067
      Metrics/motion/sampling_top1_prob: 0.0164
Metrics/motion/segment_invalid_start_count: 0.0000
        Metrics/motion/sampling_entropy: 0.9095
         Metrics/motion/error_joint_pos: 1.4930
          Metrics/motion/error_body_pos: 0.2073
        Metrics/motion/error_anchor_pos: 0.2849
--------------------------------------------------------------------------------
                         Iteration time: 0.29s
                           Time elapsed: 0:00:04
                                    ETA: 0:00:03

################################################################################
[1m                            Learning iteration 12/20                            [0m 

                               Run name: relative_confirmation_smoke_R_s51
                            Total steps: 2496 
                       Steps per second: 594 
                        Collection time: 0.275s 
                          Learning time: 0.048s 
                        Mean value loss: 7.3972
                    Mean surrogate loss: -0.0999
                      Mean entropy loss: 41.1771
                            Mean reward: -13.95
                    Mean episode length: 22.83
                        Mean action std: 1.00
Metrics/motion/sampling_unit_effective_count: 624.0341
   Metrics/motion/sampling_clip_entropy: 0.9287
Metrics/motion/sampling_rank_saturation_fraction: 0.0000
 Metrics/motion/segment_censored_resets: 0.0000
        Metrics/motion/error_anchor_rot: 0.6414
    Metrics/motion/error_anchor_lin_vel: 1.3008
             Episode_Reward/joint_limit: -0.1968
      Metrics/motion/error_body_lin_vel: 1.3092
     Episode_Reward/motion_body_lin_vel: 0.2435
  Episode_Reward/motion_global_root_pos: 0.1933
         Episode_Termination/anchor_pos: 0.3333
  Episode_Reward/motion_global_root_ori: 0.1315
         Episode_Reward/motion_body_pos: 0.4318
         Episode_Reward/motion_body_ori: 0.1129
    Metrics/motion/segment_failure_rate: 0.9621
      Episode_Termination/segment_trial: 0.0000
      Metrics/motion/error_body_ang_vel: 6.5150
         Metrics/motion/error_joint_vel: 22.2765
        Episode_Termination/ee_body_pos: 1.0000
        Episode_Reward/failure_terminal: -10.0000
         Metrics/motion/bank_clip_count: 800.0000
Metrics/motion/segment_invalid_reference_frame_count: 0.0000
         Episode_Reward/self_collisions: -2.5167
     Episode_Reward/motion_body_ang_vel: 0.0139
       Metrics/motion/sampling_top1_bin: 0.4167
          Episode_Reward/action_rate_l2: -3.2161
          Metrics/motion/error_body_rot: 0.7981
 Metrics/motion/sampling_clip_top1_prob: 0.0172
Metrics/motion/sampling_adaptation_total_variation: 0.0000
         Episode_Termination/anchor_ori: 0.0000
    Metrics/motion/error_anchor_ang_vel: 3.6506
      Metrics/motion/sampling_top1_prob: 0.0164
Metrics/motion/segment_invalid_start_count: 0.0000
        Metrics/motion/sampling_entropy: 0.9095
         Metrics/motion/error_joint_pos: 1.5870
          Metrics/motion/error_body_pos: 0.2349
        Metrics/motion/error_anchor_pos: 0.3423
--------------------------------------------------------------------------------
                         Iteration time: 0.32s
                           Time elapsed: 0:00:05
                                    ETA: 0:00:02

################################################################################
[1m                            Learning iteration 13/20                            [0m 

                               Run name: relative_confirmation_smoke_R_s51
                            Total steps: 2688 
                       Steps per second: 657 
                        Collection time: 0.247s 
                          Learning time: 0.045s 
                        Mean value loss: 13.8808
                    Mean surrogate loss: -0.1024
                      Mean entropy loss: 41.1787
                            Mean reward: -13.88
                    Mean episode length: 22.45
                        Mean action std: 1.00
Metrics/motion/sampling_unit_effective_count: 624.0341
   Metrics/motion/sampling_clip_entropy: 0.9287
Metrics/motion/sampling_rank_saturation_fraction: 0.0000
 Metrics/motion/segment_censored_resets: 0.0000
        Metrics/motion/error_anchor_rot: 0.5810
    Metrics/motion/error_anchor_lin_vel: 1.0442
             Episode_Reward/joint_limit: -0.1562
      Metrics/motion/error_body_lin_vel: 1.3067
     Episode_Reward/motion_body_lin_vel: 0.1648
  Episode_Reward/motion_global_root_pos: 0.1534
         Episode_Termination/anchor_pos: 0.2000
  Episode_Reward/motion_global_root_ori: 0.0699
         Episode_Reward/motion_body_pos: 0.3141
         Episode_Reward/motion_body_ori: 0.0834
    Metrics/motion/segment_failure_rate: 0.9650
      Episode_Termination/segment_trial: 0.0000
      Metrics/motion/error_body_ang_vel: 7.0590
         Metrics/motion/error_joint_vel: 25.8140
        Episode_Termination/ee_body_pos: 0.9000
        Episode_Reward/failure_terminal: -10.0000
         Metrics/motion/bank_clip_count: 800.0000
Metrics/motion/segment_invalid_reference_frame_count: 0.0000
         Episode_Reward/self_collisions: -1.7800
     Episode_Reward/motion_body_ang_vel: 0.0115
       Metrics/motion/sampling_top1_bin: 0.4167
          Episode_Reward/action_rate_l2: -2.2752
          Metrics/motion/error_body_rot: 0.6764
 Metrics/motion/sampling_clip_top1_prob: 0.0172
Metrics/motion/sampling_adaptation_total_variation: 0.0000
         Episode_Termination/anchor_ori: 0.0000
    Metrics/motion/error_anchor_ang_vel: 4.5397
      Metrics/motion/sampling_top1_prob: 0.0164
Metrics/motion/segment_invalid_start_count: 0.0000
        Metrics/motion/sampling_entropy: 0.9095
         Metrics/motion/error_joint_pos: 1.6186
          Metrics/motion/error_body_pos: 0.1914
        Metrics/motion/error_anchor_pos: 0.2398
--------------------------------------------------------------------------------
                         Iteration time: 0.29s
                           Time elapsed: 0:00:05
                                    ETA: 0:00:02

################################################################################
[1m                            Learning iteration 14/20                            [0m 

                               Run name: relative_confirmation_smoke_R_s51
                            Total steps: 2880 
                       Steps per second: 549 
                        Collection time: 0.299s 
                          Learning time: 0.050s 
                        Mean value loss: 7.3419
                    Mean surrogate loss: -0.1027
                      Mean entropy loss: 41.1795
                            Mean reward: -14.01
                    Mean episode length: 23.05
                        Mean action std: 1.00
Metrics/motion/sampling_unit_effective_count: 624.0341
   Metrics/motion/sampling_clip_entropy: 0.9287
Metrics/motion/sampling_rank_saturation_fraction: 0.0000
 Metrics/motion/segment_censored_resets: 0.0000
        Metrics/motion/error_anchor_rot: 0.6427
    Metrics/motion/error_anchor_lin_vel: 1.0363
             Episode_Reward/joint_limit: -0.0951
      Metrics/motion/error_body_lin_vel: 1.2016
     Episode_Reward/motion_body_lin_vel: 0.1572
  Episode_Reward/motion_global_root_pos: 0.1407
         Episode_Termination/anchor_pos: 0.2222
  Episode_Reward/motion_global_root_ori: 0.0840
         Episode_Reward/motion_body_pos: 0.3260
         Episode_Reward/motion_body_ori: 0.0854
    Metrics/motion/segment_failure_rate: 0.9677
      Episode_Termination/segment_trial: 0.0000
      Metrics/motion/error_body_ang_vel: 6.7272
         Metrics/motion/error_joint_vel: 21.8474
        Episode_Termination/ee_body_pos: 0.8889
        Episode_Reward/failure_terminal: -10.0000
         Metrics/motion/bank_clip_count: 800.0000
Metrics/motion/segment_invalid_reference_frame_count: 0.0000
         Episode_Reward/self_collisions: -2.1778
     Episode_Reward/motion_body_ang_vel: 0.0125
       Metrics/motion/sampling_top1_bin: 0.4167
          Episode_Reward/action_rate_l2: -2.4623
          Metrics/motion/error_body_rot: 0.7015
 Metrics/motion/sampling_clip_top1_prob: 0.0172
Metrics/motion/sampling_adaptation_total_variation: 0.0000
         Episode_Termination/anchor_ori: 0.0000
    Metrics/motion/error_anchor_ang_vel: 3.9462
      Metrics/motion/sampling_top1_prob: 0.0164
Metrics/motion/segment_invalid_start_count: 0.0000
        Metrics/motion/sampling_entropy: 0.9095
         Metrics/motion/error_joint_pos: 1.7933
          Metrics/motion/error_body_pos: 0.2021
        Metrics/motion/error_anchor_pos: 0.3138
--------------------------------------------------------------------------------
                         Iteration time: 0.35s
                           Time elapsed: 0:00:05
                                    ETA: 0:00:01

################################################################################
[1m                            Learning iteration 15/20                            [0m 

                               Run name: relative_confirmation_smoke_R_s51
                            Total steps: 3072 
                       Steps per second: 718 
                        Collection time: 0.220s 
                          Learning time: 0.047s 
                        Mean value loss: 9.2864
                    Mean surrogate loss: -0.1024
                      Mean entropy loss: 41.1842
                            Mean reward: -14.11
                    Mean episode length: 23.28
                        Mean action std: 1.00
Metrics/motion/sampling_unit_effective_count: 624.0341
   Metrics/motion/sampling_clip_entropy: 0.9287
Metrics/motion/sampling_rank_saturation_fraction: 0.0000
 Metrics/motion/segment_censored_resets: 0.0000
        Metrics/motion/error_anchor_rot: 1.0077
    Metrics/motion/error_anchor_lin_vel: 1.0590
             Episode_Reward/joint_limit: -0.1209
      Metrics/motion/error_body_lin_vel: 1.1128
     Episode_Reward/motion_body_lin_vel: 0.1916
  Episode_Reward/motion_global_root_pos: 0.1661
         Episode_Termination/anchor_pos: 0.1667
  Episode_Reward/motion_global_root_ori: 0.0808
         Episode_Reward/motion_body_pos: 0.3674
         Episode_Reward/motion_body_ori: 0.1166
    Metrics/motion/segment_failure_rate: 0.9696
      Episode_Termination/segment_trial: 0.0000
      Metrics/motion/error_body_ang_vel: 5.9179
         Metrics/motion/error_joint_vel: 21.6576
        Episode_Termination/ee_body_pos: 1.0000
        Episode_Reward/failure_terminal: -10.0000
         Metrics/motion/bank_clip_count: 800.0000
Metrics/motion/segment_invalid_reference_frame_count: 0.0000
         Episode_Reward/self_collisions: -2.8833
     Episode_Reward/motion_body_ang_vel: 0.0151
       Metrics/motion/sampling_top1_bin: 0.4167
          Episode_Reward/action_rate_l2: -2.6532
          Metrics/motion/error_body_rot: 0.7551
 Metrics/motion/sampling_clip_top1_prob: 0.0172
Metrics/motion/sampling_adaptation_total_variation: 0.0000
         Episode_Termination/anchor_ori: 0.1667
    Metrics/motion/error_anchor_ang_vel: 3.4184
      Metrics/motion/sampling_top1_prob: 0.0164
Metrics/motion/segment_invalid_start_count: 0.0000
        Metrics/motion/sampling_entropy: 0.9095
         Metrics/motion/error_joint_pos: 1.8030
          Metrics/motion/error_body_pos: 0.2107
        Metrics/motion/error_anchor_pos: 0.2663
--------------------------------------------------------------------------------
                         Iteration time: 0.27s
                           Time elapsed: 0:00:05
                                    ETA: 0:00:01

################################################################################
[1m                            Learning iteration 16/20                            [0m 

                               Run name: relative_confirmation_smoke_R_s51
                            Total steps: 3264 
                       Steps per second: 327 
                        Collection time: 0.519s 
                          Learning time: 0.067s 
                        Mean value loss: 3.3158
                    Mean surrogate loss: -0.0984
                      Mean entropy loss: 41.1914
                            Mean reward: -14.13
                    Mean episode length: 22.44
                        Mean action std: 1.00
Metrics/motion/sampling_unit_effective_count: 624.0341
   Metrics/motion/sampling_clip_entropy: 0.9287
Metrics/motion/sampling_rank_saturation_fraction: 0.0000
 Metrics/motion/segment_censored_resets: 0.0000
        Metrics/motion/error_anchor_rot: 0.6633
    Metrics/motion/error_anchor_lin_vel: 1.0894
             Episode_Reward/joint_limit: -0.0812
      Metrics/motion/error_body_lin_vel: 1.2552
     Episode_Reward/motion_body_lin_vel: 0.1471
  Episode_Reward/motion_global_root_pos: 0.1458
         Episode_Termination/anchor_pos: 0.0000
  Episode_Reward/motion_global_root_ori: 0.0765
         Episode_Reward/motion_body_pos: 0.3056
         Episode_Reward/motion_body_ori: 0.0795
    Metrics/motion/segment_failure_rate: 0.9717
      Episode_Termination/segment_trial: 0.0000
      Metrics/motion/error_body_ang_vel: 7.1210
         Metrics/motion/error_joint_vel: 23.5761
        Episode_Termination/ee_body_pos: 1.1111
        Episode_Reward/failure_terminal: -10.0000
         Metrics/motion/bank_clip_count: 800.0000
Metrics/motion/segment_invalid_reference_frame_count: 0.0000
         Episode_Reward/self_collisions: -1.7222
     Episode_Reward/motion_body_ang_vel: 0.0081
       Metrics/motion/sampling_top1_bin: 0.4167
          Episode_Reward/action_rate_l2: -2.2150
          Metrics/motion/error_body_rot: 0.7292
 Metrics/motion/sampling_clip_top1_prob: 0.0172
Metrics/motion/sampling_adaptation_total_variation: 0.0000
         Episode_Termination/anchor_ori: 0.0000
    Metrics/motion/error_anchor_ang_vel: 4.7941
      Metrics/motion/sampling_top1_prob: 0.0164
Metrics/motion/segment_invalid_start_count: 0.0000
        Metrics/motion/sampling_entropy: 0.9095
         Metrics/motion/error_joint_pos: 1.8904
          Metrics/motion/error_body_pos: 0.1781
        Metrics/motion/error_anchor_pos: 0.2325
--------------------------------------------------------------------------------
                         Iteration time: 0.59s
                           Time elapsed: 0:00:06
                                    ETA: 0:00:01

################################################################################
[1m                            Learning iteration 17/20                            [0m 

                               Run name: relative_confirmation_smoke_R_s51
                            Total steps: 3456 
                       Steps per second: 338 
                        Collection time: 0.481s 
                          Learning time: 0.087s 
                        Mean value loss: 4.7927
                    Mean surrogate loss: -0.0992
                      Mean entropy loss: 41.1962
                            Mean reward: -14.12
                    Mean episode length: 22.85
                        Mean action std: 1.00
Metrics/motion/sampling_unit_effective_count: 624.0341
   Metrics/motion/sampling_clip_entropy: 0.9287
Metrics/motion/sampling_rank_saturation_fraction: 0.0000
 Metrics/motion/segment_censored_resets: 0.0000
        Metrics/motion/error_anchor_rot: 0.7030
    Metrics/motion/error_anchor_lin_vel: 1.3012
             Episode_Reward/joint_limit: -0.2614
      Metrics/motion/error_body_lin_vel: 1.2930
     Episode_Reward/motion_body_lin_vel: 0.1791
  Episode_Reward/motion_global_root_pos: 0.1789
         Episode_Termination/anchor_pos: 0.1667
  Episode_Reward/motion_global_root_ori: 0.1030
         Episode_Reward/motion_body_pos: 0.3642
         Episode_Reward/motion_body_ori: 0.1182
    Metrics/motion/segment_failure_rate: 0.9732
      Episode_Termination/segment_trial: 0.0000
      Metrics/motion/error_body_ang_vel: 6.9114
         Metrics/motion/error_joint_vel: 22.4331
        Episode_Termination/ee_body_pos: 0.8333
        Episode_Reward/failure_terminal: -10.0000
         Metrics/motion/bank_clip_count: 800.0000
Metrics/motion/segment_invalid_reference_frame_count: 0.0000
         Episode_Reward/self_collisions: -1.8333
     Episode_Reward/motion_body_ang_vel: 0.0125
       Metrics/motion/sampling_top1_bin: 0.4167
          Episode_Reward/action_rate_l2: -2.7864
          Metrics/motion/error_body_rot: 0.7128
 Metrics/motion/sampling_clip_top1_prob: 0.0172
Metrics/motion/sampling_adaptation_total_variation: 0.0000
         Episode_Termination/anchor_ori: 0.0000
    Metrics/motion/error_anchor_ang_vel: 5.6943
      Metrics/motion/sampling_top1_prob: 0.0164
Metrics/motion/segment_invalid_start_count: 0.0000
        Metrics/motion/sampling_entropy: 0.9095
         Metrics/motion/error_joint_pos: 1.6887
          Metrics/motion/error_body_pos: 0.2469
        Metrics/motion/error_anchor_pos: 0.3303
--------------------------------------------------------------------------------
                         Iteration time: 0.57s
                           Time elapsed: 0:00:07
                                    ETA: 0:00:00

################################################################################
[1m                            Learning iteration 18/20                            [0m 

                               Run name: relative_confirmation_smoke_R_s51
                            Total steps: 3648 
                       Steps per second: 301 
                        Collection time: 0.599s 
                          Learning time: 0.039s 
                        Mean value loss: 4.1268
                    Mean surrogate loss: -0.0990
                      Mean entropy loss: 41.2025
                            Mean reward: -13.80
                    Mean episode length: 21.90
                        Mean action std: 1.00
Metrics/motion/sampling_unit_effective_count: 624.0341
   Metrics/motion/sampling_clip_entropy: 0.9287
Metrics/motion/sampling_rank_saturation_fraction: 0.0000
 Metrics/motion/segment_censored_resets: 0.0000
        Metrics/motion/error_anchor_rot: 0.5307
    Metrics/motion/error_anchor_lin_vel: 0.9344
             Episode_Reward/joint_limit: -0.1330
      Metrics/motion/error_body_lin_vel: 1.1774
     Episode_Reward/motion_body_lin_vel: 0.1665
  Episode_Reward/motion_global_root_pos: 0.1501
         Episode_Termination/anchor_pos: 0.0000
  Episode_Reward/motion_global_root_ori: 0.0906
         Episode_Reward/motion_body_pos: 0.3271
         Episode_Reward/motion_body_ori: 0.0931
    Metrics/motion/segment_failure_rate: 0.9693
      Episode_Termination/segment_trial: 0.0833
      Metrics/motion/error_body_ang_vel: 6.5178
         Metrics/motion/error_joint_vel: 22.9066
        Episode_Termination/ee_body_pos: 1.2500
        Episode_Reward/failure_terminal: -9.1667
         Metrics/motion/bank_clip_count: 800.0000
Metrics/motion/segment_invalid_reference_frame_count: 0.0000
         Episode_Reward/self_collisions: -1.7583
     Episode_Reward/motion_body_ang_vel: 0.0107
       Metrics/motion/sampling_top1_bin: 0.4167
          Episode_Reward/action_rate_l2: -2.3048
          Metrics/motion/error_body_rot: 0.6284
 Metrics/motion/sampling_clip_top1_prob: 0.0172
Metrics/motion/sampling_adaptation_total_variation: 0.0000
         Episode_Termination/anchor_ori: 0.0000
    Metrics/motion/error_anchor_ang_vel: 3.9819
      Metrics/motion/sampling_top1_prob: 0.0164
Metrics/motion/segment_invalid_start_count: 0.0000
        Metrics/motion/sampling_entropy: 0.9095
         Metrics/motion/error_joint_pos: 1.9199
          Metrics/motion/error_body_pos: 0.1628
        Metrics/motion/error_anchor_pos: 0.2149
--------------------------------------------------------------------------------
                         Iteration time: 0.64s
                           Time elapsed: 0:00:07
                                    ETA: 0:00:00

################################################################################
[1m                            Learning iteration 19/20                            [0m 

                               Run name: relative_confirmation_smoke_R_s51
                            Total steps: 3840 
                       Steps per second: 757 
                        Collection time: 0.208s 
                          Learning time: 0.045s 
                        Mean value loss: 3.1738
                    Mean surrogate loss: -0.1027
                      Mean entropy loss: 41.2057
                            Mean reward: -13.88
                    Mean episode length: 22.16
                        Mean action std: 1.00
Metrics/motion/sampling_unit_effective_count: 624.0341
   Metrics/motion/sampling_clip_entropy: 0.9287
Metrics/motion/sampling_rank_saturation_fraction: 0.0000
 Metrics/motion/segment_censored_resets: 0.0000
        Metrics/motion/error_anchor_rot: 0.8634
    Metrics/motion/error_anchor_lin_vel: 1.4931
             Episode_Reward/joint_limit: -0.0971
      Metrics/motion/error_body_lin_vel: 1.5350
     Episode_Reward/motion_body_lin_vel: 0.1401
  Episode_Reward/motion_global_root_pos: 0.1396
         Episode_Termination/anchor_pos: 0.2500
  Episode_Reward/motion_global_root_ori: 0.0880
         Episode_Reward/motion_body_pos: 0.3120
         Episode_Reward/motion_body_ori: 0.0696
    Metrics/motion/segment_failure_rate: 0.9707
      Episode_Termination/segment_trial: 0.0000
      Metrics/motion/error_body_ang_vel: 7.2106
         Metrics/motion/error_joint_vel: 29.3349
        Episode_Termination/ee_body_pos: 0.7500
        Episode_Reward/failure_terminal: -10.0000
         Metrics/motion/bank_clip_count: 800.0000
Metrics/motion/segment_invalid_reference_frame_count: 0.0000
         Episode_Reward/self_collisions: -1.7500
     Episode_Reward/motion_body_ang_vel: 0.0093
       Metrics/motion/sampling_top1_bin: 0.4167
          Episode_Reward/action_rate_l2: -2.4556
          Metrics/motion/error_body_rot: 0.8279
 Metrics/motion/sampling_clip_top1_prob: 0.0172
Metrics/motion/sampling_adaptation_total_variation: 0.0000
         Episode_Termination/anchor_ori: 0.0000
    Metrics/motion/error_anchor_ang_vel: 4.1383
      Metrics/motion/sampling_top1_prob: 0.0164
Metrics/motion/segment_invalid_start_count: 0.0000
        Metrics/motion/sampling_entropy: 0.9095
         Metrics/motion/error_joint_pos: 1.5629
          Metrics/motion/error_body_pos: 0.2406
        Metrics/motion/error_anchor_pos: 0.3258
--------------------------------------------------------------------------------
                         Iteration time: 0.25s
                           Time elapsed: 0:00:07
                                    ETA: 0:00:00

DONE rc=0 attempt=1 elapsed_s=25 gpu_hours=0.006944 baseline_vram_mib=632 peak_total_vram_mib=11042 peak_delta_mib=10410 2026-09-06T01:00:46-04:00
