{
 "i_family_pass": "7/12 (need >=8)",
 "ii_controls_pass": "4/12 (need >=8)",
 "iii_localised_among_i": "2",
 "PASS": false
}
  FAM BMLmovi_Subject_39_F_MoSh_Subject_39_F_8_poses   air   -4.9 [-6.0,-3.9]  stand   -2.4  i=False iii=False
  FAM BMLmovi_Subject_41_F_MoSh_Subject_41_F_20_pose   air  +15.2 [+13.9,+16.5]  stand   -2.9  i=True iii=True
  FAM CMU_111_111_03_poses_120_jpos                    air   +3.8 [+1.7,+5.9]  stand   -4.4  i=False iii=False
  FAM BMLmovi_Subject_72_F_MoSh_Subject_72_F_21_pose   air  +15.1 [+14.1,+16.1]  stand   +6.5  i=True iii=False
  FAM CMU_22_23_Rory_22_03_poses_120_jpos              air   -4.1 [-8.3,+0.1]  stand  +28.9  i=False iii=False
  FAM BMLmovi_Subject_8_F_MoSh_Subject_8_F_6_poses_1   air  +15.3 [+13.7,+17.1]  stand   -0.9  i=True iii=True
  FAM BMLmovi_Subject_27_F_MoSh_Subject_27_F_5_poses   air  +12.4 [+8.5,+16.2]  stand  -12.4  i=True iii=False
  FAM BMLmovi_Subject_48_F_MoSh_Subject_48_F_16_pose   air   +2.3 [+0.9,+3.5]  stand   +3.4  i=False iii=False
  FAM BMLmovi_Subject_51_F_MoSh_Subject_51_F_12_pose   air  +10.6 [+9.2,+11.8]  stand   +5.0  i=True iii=False
  FAM BMLmovi_Subject_11_F_MoSh_Subject_11_F_21_pose   air   +0.7 [-1.3,+2.8]  stand  -14.2  i=False iii=False
  FAM BMLmovi_Subject_24_F_MoSh_Subject_24_F_11_pose   air  +14.7 [+12.9,+16.5]  stand   +9.6  i=True iii=False
  FAM BMLmovi_Subject_45_F_MoSh_Subject_45_F_20_pose   air   +7.4 [+5.4,+9.2]  stand  +16.6  i=True iii=False
  CTL BMLmovi_Subject_36_F_MoSh_Subject_36_F_2_poses   whole   +3.0 [+0.3,+6.1]  ii=False
  CTL BMLmovi_Subject_66_F_MoSh_Subject_66_F_11_pose   whole   +4.0 [+0.6,+7.1]  ii=False
  CTL BMLmovi_Subject_43_F_MoSh_Subject_43_F_15_pose   whole   +3.1 [+1.5,+4.9]  ii=False
  CTL BMLmovi_Subject_62_F_MoSh_Subject_62_F_6_poses   whole   +1.9 [-2.1,+6.0]  ii=True
  CTL Eyes_Japan_Dataset_hamada_pose-11-bended_knees   whole   +0.9 [-0.5,+2.5]  ii=True
  CTL BMLmovi_Subject_32_F_MoSh_Subject_32_F_1_poses   whole   -1.8 [-6.8,+2.8]  ii=True
  CTL KIT_3_kneel_down_to_crawl02_poses_100_jpos       whole   +2.6 [-0.5,+5.4]  ii=False
  CTL Eyes_Japan_Dataset_kawaguchi_sitdown_standup-1   whole   -4.9 [-5.5,-4.2]  ii=False
  CTL BMLmovi_Subject_6_F_MoSh_Subject_6_F_3_poses_1   whole   +5.0 [+3.9,+6.2]  ii=False
  CTL CMU_107_107_08_poses_60_jpos                     whole   -0.3 [-1.6,+1.1]  ii=True
  CTL KIT_3_kneel_down_to_crawl01_poses_100_jpos       whole   +3.9 [+1.1,+6.7]  ii=False
  CTL ACCAD_Male2MartialArtsStances_c3d_D13_-crouch_   whole   +9.8 [+4.6,+16.0]  ii=False
