LAUNCH attempt=1 free_mib=15293 util_pct=19 baseline_vram_mib=1010 2026-09-05T18:30:10-04:00
[INFO] Training with: device=cuda:0, seed=12, rank=0
[INFO] Using local motion file: /home/linjiw/climb-feasibility-first/bank/amass/KIT_1229_flexion_with_help_02_poses_100_jpos.npz
[INFO] Logging experiment in directory: /home/linjiw/climb-feasibility-first/reports/relative_progress_2026-09-05/continuation_gate_retry/study_s12/smoke/g1_tracking/2026-09-05_18-30-12_relative_smoke_s12
Setting seed: 12
Warp 1.14.0 initialized:
   CUDA Toolkit 12.9, Driver 13.2
   Devices:
     "cpu"      : "x86_64"
     "cuda:0"   : "NVIDIA GeForce RTX 5080" (15 GiB, sm_120, mempool enabled)
   Kernel cache:
     /home/linjiw/.cache/warp/1.14.0
Module mujoco_warp._src.smooth e597d07 load on device 'cuda:0' took 4.16 ms  (cached)
Module _nxn_broadphase__locals__kernel_df6640ed df6640e load on device 'cuda:0' took 1.16 ms  (cached)
Module _primitive_narrowphase__locals__primitive_narrowphase_0d45ffc8 0d45ffc load on device 'cuda:0' took 1.76 ms  (cached)
Module mujoco_warp._src.constraint 880bd7f load on device 'cuda:0' took 1.14 ms  (cached)
Module _friction_dof__locals__kernel_196c77d2 196c77d load on device 'cuda:0' took 1.08 ms  (cached)
Module _limit_slide_hinge__locals__kernel_6e38514e 6e38514 load on device 'cuda:0' took 1.09 ms  (cached)
Module _efc_contact_init__locals__kernel_6eab31b8 6eab31b load on device 'cuda:0' took 1.04 ms  (cached)
Module _efc_contact_jac_sparse__locals__kernel_f9099d1d f9099d1 load on device 'cuda:0' took 0.92 ms  (cached)
Module _efc_contact_update__locals__kernel_8aad7bfd 8aad7bf load on device 'cuda:0' took 1.03 ms  (cached)
Module mujoco_warp._src.sensor 42e0a24 load on device 'cuda:0' took 3.20 ms  (cached)
Module mujoco_warp._src.forward 687ddb7 load on device 'cuda:0' took 1.76 ms  (cached)
Module mujoco_warp._src.passive 8ff6993 load on device 'cuda:0' took 2.10 ms  (cached)
Module mujoco_warp._src.forward 2190340 load on device 'cuda:0' took 1.83 ms  (cached)
Module _qfrc_smooth__locals__kernel_6eb3d958 6eb3d95 load on device 'cuda:0' took 0.90 ms  (cached)
Module mujoco_warp._src.support d1e71d9 load on device 'cuda:0' took 0.93 ms  (cached)
Module _tile_cholesky_factorize_solve_block__locals__kernel_beb64870 837cd89 load on device 'cuda:0' took 26.79 ms  (cached)
Module _solve_init_dof__locals__kernel_c6f567bf c6f567b load on device 'cuda:0' took 1.10 ms  (cached)
Module mujoco_warp._src.solver 245b5b3 load on device 'cuda:0' took 2.42 ms  (cached)
Module _solve_init_jaref_kernel__locals__kernel_1971c1c1 1971c1c load on device 'cuda:0' took 1.02 ms  (cached)
Module mul_m_kernel__locals___mul_m_fd2186c4 fd2186c load on device 'cuda:0' took 0.92 ms  (cached)
Module _update_constraint_efc__locals__kernel_4af8f110 4af8f11 load on device 'cuda:0' took 1.05 ms  (cached)
Module _update_constraint_init_qfrc_constraint_sparse__locals__kernel_16efb537 16efb53 load on device 'cuda:0' took 0.93 ms  (cached)
Module _update_gradient_zero_grad_dot__locals__kernel_cb780630 cb78063 load on device 'cuda:0' took 2.03 ms  (cached)
Module _update_gradient_grad__locals__kernel_0cbf4927 0cbf492 load on device 'cuda:0' took 0.84 ms  (cached)
Module _update_gradient_init_h_sparse__locals__kernel_8d599502 8d59950 load on device 'cuda:0' took 0.95 ms  (cached)
Module _JTDAJ_sparse__locals__kernel_6fe61e97 6fe61e9 load on device 'cuda:0' took 0.91 ms  (cached)
Module _JTDAJ_sparse__locals__kernel_6fe61e97 4406f08 load on device 'cuda:0' took 0.81 ms  (cached)
Module _update_gradient_cholesky_blocked__locals__kernel_425d32be 40254b5 load on device 'cuda:0' took 52.02 ms  (cached)
Module _linesearch_jv_fused_kernel__locals__kernel_0509eab7 0509eab load on device 'cuda:0' took 1.10 ms  (cached)
Module _linesearch_iterative_kernel__locals__kernel_59bb1059 897906f load on device 'cuda:0' took 1.19 ms  (cached)
Module _update_constraint_efc__locals__kernel_e30beb1f e30beb1 load on device 'cuda:0' took 1.06 ms  (cached)
Module _update_gradient_zero_grad_dot__locals__kernel_f708ee5f f708ee5 load on device 'cuda:0' took 0.85 ms  (cached)
Module _update_gradient_grad__locals__kernel_cb93df65 cb93df6 load on device 'cuda:0' took 0.91 ms  (cached)
Module _update_gradient_h_incremental_sparse__locals__kernel_abf1f59a abf1f59 load on device 'cuda:0' took 0.90 ms  (cached)
Module _update_gradient_cholesky_blocked_skip_unchanged__locals__kernel_955af8fc 250c823 load on device 'cuda:0' took 57.21 ms  (cached)
Module _contact_sort__locals__contact_sort_321f5f3e 33ea4e1 load on device 'cuda:0' took 1.81 ms  (cached)
Module mujoco_warp._src.derivative e770e28 load on device 'cuda:0' took 1.58 ms  (cached)
Module _next_time_builder__locals___next_time_95ad6d7a 95ad6d7 load on device 'cuda:0' took 0.94 ms  (cached)
Module reset_data__locals__reset_xfrc_applied_03030511 0303051 load on device 'cuda:0' took 0.88 ms  (cached)
Module reset_data__locals__reset_M_631075dd 631075d load on device 'cuda:0' took 0.84 ms  (cached)
Module reset_data__locals__reset_mocap_6513201c 6513201 load on device 'cuda:0' took 0.84 ms  (cached)
Module reset_data__locals__reset_contact_5c08f689 5c08f68 load on device 'cuda:0' took 0.85 ms  (cached)
Module reset_data__locals__reset_sleep_50b990da 50b990d load on device 'cuda:0' took 0.81 ms  (cached)
Module reset_data__locals__reset_nworld_69a10925 69a1092 load on device 'cuda:0' took 0.90 ms  (cached)

+---------------------------------+
|         Base Environment        |
+------------------------+--------+
| Property               | Value  |
+------------------------+--------+
| Number of environments | 8      |
| Environment device     | cuda:0 |
| Environment seed       | 12     |
| Physics step-size      | 0.005  |
| Environment step-size  | 0.02   |
+------------------------+--------+

[INFO] <EventManager> contains 2 active terms.
+----------------------------------------------+
|    Active Event Terms in Mode: 'interval'    |
+-------+------------+-------------------------+
| Index | Name       | Interval time range (s) |
+-------+------------+-------------------------+
|   0   | push_robot |        (1.0, 3.0)       |
+-------+------------+-------------------------+
+---------------------------------------+
| Active Event Terms in Mode: 'startup' |
+-----------+---------------------------+
|   Index   | Name                      |
+-----------+---------------------------+
|     0     | base_com                  |
|     1     | encoder_bias              |
|     2     | foot_friction             |
+-----------+---------------------------+
+-----------------------------+
| Domain Randomization Fields |
+-------+---------------------+
| Index | Field Name          |
+-------+---------------------+
|   0   | body_ipos           |
|   1   | body_subtreemass    |
|   2   | dof_invweight0      |
|   3   | body_invweight0     |
|   4   | tendon_length0      |
|   5   | tendon_invweight0   |
|   6   | actuator_acc0       |
|   7   | geom_friction       |
+-------+---------------------+

Module repeat_array_kernel_4f67a4c3 711f54c load on device 'cuda:0' took 0.96 ms  (cached)
Module repeat_array_kernel_4f67a4c3 7224d07 load on device 'cuda:0' took 0.92 ms  (cached)
Module repeat_array_kernel_4f67a4c3 b2885b0 load on device 'cuda:0' took 0.89 ms  (cached)
[climb] motion bank: 800 clips, 2.54 h @ 50 fps, clip length min/median/max = 1.1/7.5/155.9 s
[INFO] <CommandManager> contains 1 active terms.
+------------------------------------------+
|           Active Command Terms           |
+-------+--------+-------------------------+
| Index | Name   |           Type          |
+-------+--------+-------------------------+
|   0   | motion | RelativeProgressCommand |
+-------+--------+-------------------------+

[INFO] <ActionManager> contains 1 active terms.
+---------------------------------+
| Active Action Terms (shape: 29) |
+-------+-----------+-------------+
| Index | Name      |   Dimension |
+-------+-----------+-------------+
|   0   | joint_pos |          29 |
+-------+-----------+-------------+

[INFO] <ObservationManager> contains 2 groups.
+------------------------------------------------------------+
| Active Observation Terms in Group: 'actor' (shape: (160,)) |
+----------+------------------------------------+------------+
|  Index   | Name                               |   Shape    |
+----------+------------------------------------+------------+
|    0     | command                            |   (58,)    |
|    1     | motion_anchor_pos_b                |    (3,)    |
|    2     | motion_anchor_ori_b                |    (6,)    |
|    3     | base_lin_vel                       |    (3,)    |
|    4     | base_ang_vel                       |    (3,)    |
|    5     | joint_pos                          |   (29,)    |
|    6     | joint_vel                          |   (29,)    |
|    7     | actions                            |   (29,)    |
+----------+------------------------------------+------------+
+-------------------------------------------------------------+
| Active Observation Terms in Group: 'critic' (shape: (286,)) |
+-----------+------------------------------------+------------+
|   Index   | Name                               |   Shape    |
+-----------+------------------------------------+------------+
|     0     | command                            |   (58,)    |
|     1     | motion_anchor_pos_b                |    (3,)    |
|     2     | motion_anchor_ori_b                |    (6,)    |
|     3     | body_pos                           |   (42,)    |
|     4     | body_ori                           |   (84,)    |
|     5     | base_lin_vel                       |    (3,)    |
|     6     | base_ang_vel                       |    (3,)    |
|     7     | joint_pos                          |   (29,)    |
|     8     | joint_vel                          |   (29,)    |
|     9     | actions                            |   (29,)    |
+-----------+------------------------------------+------------+

[INFO] <TerminationManager> contains 4 active terms.
+----------------------------------+
|     Active Termination Terms     |
+-------+---------------+----------+
| Index | Name          | Time Out |
+-------+---------------+----------+
|   0   | anchor_pos    |  False   |
|   1   | anchor_ori    |  False   |
|   2   | ee_body_pos   |  False   |
|   3   | segment_trial |   True   |
+-------+---------------+----------+

[INFO] <RewardManager> contains 10 active terms.
+-----------------------------------------+
|           Active Reward Terms           |
+-------+------------------------+--------+
| Index | Name                   | Weight |
+-------+------------------------+--------+
|   0   | motion_global_root_pos |    0.5 |
|   1   | motion_global_root_ori |    0.5 |
|   2   | motion_body_pos        |    1.0 |
|   3   | motion_body_ori        |    1.0 |
|   4   | motion_body_lin_vel    |    1.0 |
|   5   | motion_body_ang_vel    |    1.0 |
|   6   | action_rate_l2         |   -0.1 |
|   7   | joint_limit            |  -10.0 |
|   8   | self_collisions        |  -10.0 |
|   9   | failure_terminal       | -500.0 |
+-------+------------------------+--------+

[INFO] <NullCurriculumManager> (inactive)
[INFO] <NullMetricsManager> (inactive)
[INFO] <NullRecorderManager> (inactive)
Module mujoco_warp._src.io 19274fb load on device 'cuda:0' took 2.10 ms  (cached)
Module _tile_cholesky_factorize_block__locals__kernel_1a8ac315 67a96c9 load on device 'cuda:0' took 16.99 ms  (cached)
Module _tile_cholesky_solve_block__locals__kernel_be7133b6 6b45561 load on device 'cuda:0' took 17.32 ms  (cached)
--------------------------------------------------------------------------------
Resolved observation sets: 
	 actor :  ('actor',)
	 critic :  ('critic',)
--------------------------------------------------------------------------------
Actor Model: MLPModel(
  (obs_normalizer): EmpiricalNormalization()
  (distribution): GaussianDistribution()
  (mlp): MLP(
    (0): Linear(in_features=160, out_features=512, bias=True)
    (1): ELU(alpha=1.0)
    (2): Linear(in_features=512, out_features=256, bias=True)
    (3): ELU(alpha=1.0)
    (4): Linear(in_features=256, out_features=128, bias=True)
    (5): ELU(alpha=1.0)
    (6): Linear(in_features=128, out_features=29, bias=True)
  )
)
Critic Model: MLPModel(
  (obs_normalizer): EmpiricalNormalization()
  (mlp): MLP(
    (0): Linear(in_features=286, out_features=512, bias=True)
    (1): ELU(alpha=1.0)
    (2): Linear(in_features=512, out_features=256, bias=True)
    (3): ELU(alpha=1.0)
    (4): Linear(in_features=256, out_features=128, bias=True)
    (5): ELU(alpha=1.0)
    (6): Linear(in_features=128, out_features=1, bias=True)
  )
)
Storing git diff for 'mjlab-1.6.0' in: /home/linjiw/climb-feasibility-first/reports/relative_progress_2026-09-05/continuation_gate_retry/study_s12/smoke/g1_tracking/2026-09-05_18-30-12_relative_smoke_s12/git/mjlab-1.6.0.diff
################################################################################
[1m                            Learning iteration 0/20                             [0m 

                               Run name: relative_smoke_s12
                            Total steps: 192 
                       Steps per second: 193 
                        Collection time: 0.886s 
                          Learning time: 0.106s 
                        Mean value loss: 24.5825
                    Mean surrogate loss: -0.1100
                      Mean entropy loss: 41.1526
                            Mean reward: -11.55
                    Mean episode length: 12.83
                        Mean action std: 1.00
      Metrics/motion/sampling_top1_prob: 0.0164
        Metrics/motion/error_anchor_pos: 0.1525
   Metrics/motion/sampling_clip_entropy: 0.9287
         Metrics/motion/error_joint_pos: 2.2132
     Episode_Reward/motion_body_ang_vel: 0.0036
    Metrics/motion/segment_failure_rate: 0.8333
Metrics/motion/segment_invalid_reference_frame_count: 0.0000
          Metrics/motion/error_body_pos: 0.1852
      Metrics/motion/error_body_lin_vel: 1.2036
Metrics/motion/sampling_unit_effective_count: 624.0341
         Metrics/motion/error_joint_vel: 24.2700
         Episode_Reward/motion_body_ori: 0.0567
          Metrics/motion/error_body_rot: 0.8198
    Metrics/motion/error_anchor_lin_vel: 0.8943
Metrics/motion/sampling_adaptation_total_variation: 0.0000
             Episode_Reward/joint_limit: -0.1068
      Episode_Termination/segment_trial: 0.0000
        Metrics/motion/sampling_entropy: 0.9095
Metrics/motion/sampling_rank_saturation_fraction: 0.0000
          Episode_Reward/action_rate_l2: -1.4754
         Episode_Reward/motion_body_pos: 0.1875
       Metrics/motion/sampling_top1_bin: 0.4167
  Episode_Reward/motion_global_root_pos: 0.1035
  Episode_Reward/motion_global_root_ori: 0.0518
        Episode_Reward/failure_terminal: -10.0000
        Episode_Termination/ee_body_pos: 1.0000
 Metrics/motion/sampling_clip_top1_prob: 0.0172
         Metrics/motion/bank_clip_count: 800.0000
Metrics/motion/segment_invalid_start_count: 0.0000
      Metrics/motion/error_body_ang_vel: 6.8550
     Episode_Reward/motion_body_lin_vel: 0.0653
        Metrics/motion/error_anchor_rot: 0.6205
 Metrics/motion/segment_censored_resets: 0.0000
         Episode_Termination/anchor_pos: 0.0000
         Episode_Termination/anchor_ori: 0.0000
    Metrics/motion/error_anchor_ang_vel: 4.2057
         Episode_Reward/self_collisions: -0.4333
--------------------------------------------------------------------------------
                         Iteration time: 0.99s
                           Time elapsed: 0:00:00
                                    ETA: 0:00:18

################################################################################
[1m                            Learning iteration 1/20                             [0m 

                               Run name: relative_smoke_s12
                            Total steps: 384 
                       Steps per second: 404 
                        Collection time: 0.433s 
                          Learning time: 0.041s 
                        Mean value loss: 31.0797
                    Mean surrogate loss: -0.1082
                      Mean entropy loss: 41.1477
                            Mean reward: -12.15
                    Mean episode length: 15.12
                        Mean action std: 1.00
      Metrics/motion/sampling_top1_prob: 0.0164
        Metrics/motion/error_anchor_pos: 0.1867
   Metrics/motion/sampling_clip_entropy: 0.9287
         Metrics/motion/error_joint_pos: 1.6212
     Episode_Reward/motion_body_ang_vel: 0.0076
    Metrics/motion/segment_failure_rate: 1.0000
Metrics/motion/segment_invalid_reference_frame_count: 0.0000
          Metrics/motion/error_body_pos: 0.1714
      Metrics/motion/error_body_lin_vel: 1.2833
Metrics/motion/sampling_unit_effective_count: 624.0341
         Metrics/motion/error_joint_vel: 25.7970
         Episode_Reward/motion_body_ori: 0.0680
          Metrics/motion/error_body_rot: 0.6483
    Metrics/motion/error_anchor_lin_vel: 1.1047
Metrics/motion/sampling_adaptation_total_variation: 0.0000
             Episode_Reward/joint_limit: -0.0901
      Episode_Termination/segment_trial: 0.0000
        Metrics/motion/sampling_entropy: 0.9095
Metrics/motion/sampling_rank_saturation_fraction: 0.0000
          Episode_Reward/action_rate_l2: -1.7103
         Episode_Reward/motion_body_pos: 0.2401
       Metrics/motion/sampling_top1_bin: 0.4167
  Episode_Reward/motion_global_root_pos: 0.1258
  Episode_Reward/motion_global_root_ori: 0.0608
        Episode_Reward/failure_terminal: -10.0000
        Episode_Termination/ee_body_pos: 1.1250
 Metrics/motion/sampling_clip_top1_prob: 0.0172
         Metrics/motion/bank_clip_count: 800.0000
Metrics/motion/segment_invalid_start_count: 0.0000
      Metrics/motion/error_body_ang_vel: 6.3833
     Episode_Reward/motion_body_lin_vel: 0.1152
        Metrics/motion/error_anchor_rot: 0.5952
 Metrics/motion/segment_censored_resets: 0.0000
         Episode_Termination/anchor_pos: 0.1250
         Episode_Termination/anchor_ori: 0.0000
    Metrics/motion/error_anchor_ang_vel: 4.3543
         Episode_Reward/self_collisions: -1.3500
--------------------------------------------------------------------------------
                         Iteration time: 0.47s
                           Time elapsed: 0:00:01
                                    ETA: 0:00:13

################################################################################
[1m                            Learning iteration 2/20                             [0m 

                               Run name: relative_smoke_s12
                            Total steps: 576 
                       Steps per second: 751 
                        Collection time: 0.217s 
                          Learning time: 0.039s 
                        Mean value loss: 14.5870
                    Mean surrogate loss: -0.0929
                      Mean entropy loss: 41.1479
                            Mean reward: -12.61
                    Mean episode length: 18.48
                        Mean action std: 1.00
      Metrics/motion/sampling_top1_prob: 0.0164
        Metrics/motion/error_anchor_pos: 0.2662
   Metrics/motion/sampling_clip_entropy: 0.9287
         Metrics/motion/error_joint_pos: 1.8764
     Episode_Reward/motion_body_ang_vel: 0.0202
    Metrics/motion/segment_failure_rate: 0.9703
Metrics/motion/segment_invalid_reference_frame_count: 0.0000
          Metrics/motion/error_body_pos: 0.2064
      Metrics/motion/error_body_lin_vel: 1.2503
Metrics/motion/sampling_unit_effective_count: 624.0341
         Metrics/motion/error_joint_vel: 24.5971
         Episode_Reward/motion_body_ori: 0.1151
          Metrics/motion/error_body_rot: 0.8103
    Metrics/motion/error_anchor_lin_vel: 1.1490
Metrics/motion/sampling_adaptation_total_variation: 0.0000
             Episode_Reward/joint_limit: -0.2030
      Episode_Termination/segment_trial: 0.2000
        Metrics/motion/sampling_entropy: 0.9095
Metrics/motion/sampling_rank_saturation_fraction: 0.0000
          Episode_Reward/action_rate_l2: -3.3790
         Episode_Reward/motion_body_pos: 0.4828
       Metrics/motion/sampling_top1_bin: 0.4167
  Episode_Reward/motion_global_root_pos: 0.2302
  Episode_Reward/motion_global_root_ori: 0.0947
        Episode_Reward/failure_terminal: -8.0000
        Episode_Termination/ee_body_pos: 1.0000
 Metrics/motion/sampling_clip_top1_prob: 0.0172
         Metrics/motion/bank_clip_count: 800.0000
Metrics/motion/segment_invalid_start_count: 0.0000
      Metrics/motion/error_body_ang_vel: 7.1703
     Episode_Reward/motion_body_lin_vel: 0.2790
        Metrics/motion/error_anchor_rot: 0.8006
 Metrics/motion/segment_censored_resets: 0.0000
         Episode_Termination/anchor_pos: 0.4000
         Episode_Termination/anchor_ori: 0.0000
    Metrics/motion/error_anchor_ang_vel: 3.9182
         Episode_Reward/self_collisions: -3.9200
--------------------------------------------------------------------------------
                         Iteration time: 0.26s
                           Time elapsed: 0:00:01
                                    ETA: 0:00:09

################################################################################
[1m                            Learning iteration 3/20                             [0m 

                               Run name: relative_smoke_s12
                            Total steps: 768 
                       Steps per second: 784 
                        Collection time: 0.208s 
                          Learning time: 0.036s 
                        Mean value loss: 26.8713
                    Mean surrogate loss: -0.1128
                      Mean entropy loss: 41.1540
                            Mean reward: -13.01
                    Mean episode length: 20.00
                        Mean action std: 1.00
      Metrics/motion/sampling_top1_prob: 0.0164
        Metrics/motion/error_anchor_pos: 0.2654
   Metrics/motion/sampling_clip_entropy: 0.9287
         Metrics/motion/error_joint_pos: 1.7669
     Episode_Reward/motion_body_ang_vel: 0.0121
    Metrics/motion/segment_failure_rate: 0.9633
Metrics/motion/segment_invalid_reference_frame_count: 0.0000
          Metrics/motion/error_body_pos: 0.2376
      Metrics/motion/error_body_lin_vel: 1.3623
Metrics/motion/sampling_unit_effective_count: 624.0341
         Metrics/motion/error_joint_vel: 23.7515
         Episode_Reward/motion_body_ori: 0.1065
          Metrics/motion/error_body_rot: 0.7331
    Metrics/motion/error_anchor_lin_vel: 1.2896
Metrics/motion/sampling_adaptation_total_variation: 0.0000
             Episode_Reward/joint_limit: -0.1881
      Episode_Termination/segment_trial: 0.0000
        Metrics/motion/sampling_entropy: 0.9095
Metrics/motion/sampling_rank_saturation_fraction: 0.0000
          Episode_Reward/action_rate_l2: -2.7202
         Episode_Reward/motion_body_pos: 0.3695
       Metrics/motion/sampling_top1_bin: 0.4167
  Episode_Reward/motion_global_root_pos: 0.1860
  Episode_Reward/motion_global_root_ori: 0.0953
        Episode_Reward/failure_terminal: -10.0000
        Episode_Termination/ee_body_pos: 0.8750
 Metrics/motion/sampling_clip_top1_prob: 0.0172
         Metrics/motion/bank_clip_count: 800.0000
Metrics/motion/segment_invalid_start_count: 0.0000
      Metrics/motion/error_body_ang_vel: 7.2068
     Episode_Reward/motion_body_lin_vel: 0.1811
        Metrics/motion/error_anchor_rot: 0.7648
 Metrics/motion/segment_censored_resets: 0.0000
         Episode_Termination/anchor_pos: 0.3750
         Episode_Termination/anchor_ori: 0.0000
    Metrics/motion/error_anchor_ang_vel: 4.3632
         Episode_Reward/self_collisions: -2.2625
--------------------------------------------------------------------------------
                         Iteration time: 0.24s
                           Time elapsed: 0:00:01
                                    ETA: 0:00:07

################################################################################
[1m                            Learning iteration 4/20                             [0m 

                               Run name: relative_smoke_s12
                            Total steps: 960 
                       Steps per second: 746 
                        Collection time: 0.221s 
                          Learning time: 0.036s 
                        Mean value loss: 29.4161
                    Mean surrogate loss: -0.1045
                      Mean entropy loss: 41.1557
                            Mean reward: -13.31
                    Mean episode length: 21.05
                        Mean action std: 1.00
      Metrics/motion/sampling_top1_prob: 0.0164
        Metrics/motion/error_anchor_pos: 0.3687
   Metrics/motion/sampling_clip_entropy: 0.9287
         Metrics/motion/error_joint_pos: 2.0947
     Episode_Reward/motion_body_ang_vel: 0.0106
    Metrics/motion/segment_failure_rate: 0.9728
Metrics/motion/segment_invalid_reference_frame_count: 0.0000
          Metrics/motion/error_body_pos: 0.2422
      Metrics/motion/error_body_lin_vel: 1.4718
Metrics/motion/sampling_unit_effective_count: 624.0341
         Metrics/motion/error_joint_vel: 22.8991
         Episode_Reward/motion_body_ori: 0.0919
          Metrics/motion/error_body_rot: 0.8367
    Metrics/motion/error_anchor_lin_vel: 1.3887
Metrics/motion/sampling_adaptation_total_variation: 0.0000
             Episode_Reward/joint_limit: -0.2252
      Episode_Termination/segment_trial: 0.0000
        Metrics/motion/sampling_entropy: 0.9095
Metrics/motion/sampling_rank_saturation_fraction: 0.0000
          Episode_Reward/action_rate_l2: -2.7853
         Episode_Reward/motion_body_pos: 0.3602
       Metrics/motion/sampling_top1_bin: 0.4167
  Episode_Reward/motion_global_root_pos: 0.1548
  Episode_Reward/motion_global_root_ori: 0.1124
        Episode_Reward/failure_terminal: -10.0000
        Episode_Termination/ee_body_pos: 0.8750
 Metrics/motion/sampling_clip_top1_prob: 0.0172
         Metrics/motion/bank_clip_count: 800.0000
Metrics/motion/segment_invalid_start_count: 0.0000
      Metrics/motion/error_body_ang_vel: 6.8584
     Episode_Reward/motion_body_lin_vel: 0.1594
        Metrics/motion/error_anchor_rot: 0.5697
 Metrics/motion/segment_censored_resets: 0.0000
         Episode_Termination/anchor_pos: 0.2500
         Episode_Termination/anchor_ori: 0.0000
    Metrics/motion/error_anchor_ang_vel: 4.7508
         Episode_Reward/self_collisions: -2.1375
--------------------------------------------------------------------------------
                         Iteration time: 0.26s
                           Time elapsed: 0:00:02
                                    ETA: 0:00:06

################################################################################
[1m                            Learning iteration 5/20                             [0m 

                               Run name: relative_smoke_s12
                            Total steps: 1152 
                       Steps per second: 781 
                        Collection time: 0.203s 
                          Learning time: 0.042s 
                        Mean value loss: 20.3396
                    Mean surrogate loss: -0.1057
                      Mean entropy loss: 41.1532
                            Mean reward: -13.23
                    Mean episode length: 20.55
                        Mean action std: 1.00
      Metrics/motion/sampling_top1_prob: 0.0164
        Metrics/motion/error_anchor_pos: 0.2650
   Metrics/motion/sampling_clip_entropy: 0.9287
         Metrics/motion/error_joint_pos: 1.9127
     Episode_Reward/motion_body_ang_vel: 0.0091
    Metrics/motion/segment_failure_rate: 0.9780
Metrics/motion/segment_invalid_reference_frame_count: 0.0000
          Metrics/motion/error_body_pos: 0.1982
      Metrics/motion/error_body_lin_vel: 1.3512
Metrics/motion/sampling_unit_effective_count: 624.0341
         Metrics/motion/error_joint_vel: 23.5311
         Episode_Reward/motion_body_ori: 0.0734
          Metrics/motion/error_body_rot: 0.7184
    Metrics/motion/error_anchor_lin_vel: 1.1557
Metrics/motion/sampling_adaptation_total_variation: 0.0000
             Episode_Reward/joint_limit: -0.1526
      Episode_Termination/segment_trial: 0.0000
        Metrics/motion/sampling_entropy: 0.9095
Metrics/motion/sampling_rank_saturation_fraction: 0.0000
          Episode_Reward/action_rate_l2: -2.0764
         Episode_Reward/motion_body_pos: 0.2826
       Metrics/motion/sampling_top1_bin: 0.4167
  Episode_Reward/motion_global_root_pos: 0.1275
  Episode_Reward/motion_global_root_ori: 0.0873
        Episode_Reward/failure_terminal: -10.0000
        Episode_Termination/ee_body_pos: 1.1250
 Metrics/motion/sampling_clip_top1_prob: 0.0172
         Metrics/motion/bank_clip_count: 800.0000
Metrics/motion/segment_invalid_start_count: 0.0000
      Metrics/motion/error_body_ang_vel: 6.6851
     Episode_Reward/motion_body_lin_vel: 0.1165
        Metrics/motion/error_anchor_rot: 0.5436
 Metrics/motion/segment_censored_resets: 0.0000
         Episode_Termination/anchor_pos: 0.0000
         Episode_Termination/anchor_ori: 0.0000
    Metrics/motion/error_anchor_ang_vel: 3.2968
         Episode_Reward/self_collisions: -1.3250
--------------------------------------------------------------------------------
                         Iteration time: 0.25s
                           Time elapsed: 0:00:02
                                    ETA: 0:00:05

################################################################################
[1m                            Learning iteration 6/20                             [0m 

                               Run name: relative_smoke_s12
                            Total steps: 1344 
                       Steps per second: 742 
                        Collection time: 0.222s 
                          Learning time: 0.036s 
                        Mean value loss: 20.3267
                    Mean surrogate loss: -0.1069
                      Mean entropy loss: 41.1466
                            Mean reward: -13.08
                    Mean episode length: 19.68
                        Mean action std: 1.00
      Metrics/motion/sampling_top1_prob: 0.0164
        Metrics/motion/error_anchor_pos: 0.2556
   Metrics/motion/sampling_clip_entropy: 0.9287
         Metrics/motion/error_joint_pos: 1.9834
     Episode_Reward/motion_body_ang_vel: 0.0062
    Metrics/motion/segment_failure_rate: 0.9821
Metrics/motion/segment_invalid_reference_frame_count: 0.0000
          Metrics/motion/error_body_pos: 0.1904
      Metrics/motion/error_body_lin_vel: 1.4073
Metrics/motion/sampling_unit_effective_count: 624.0341
         Metrics/motion/error_joint_vel: 26.3087
         Episode_Reward/motion_body_ori: 0.0752
          Metrics/motion/error_body_rot: 0.7155
    Metrics/motion/error_anchor_lin_vel: 1.2307
Metrics/motion/sampling_adaptation_total_variation: 0.0000
             Episode_Reward/joint_limit: -0.1621
      Episode_Termination/segment_trial: 0.0000
        Metrics/motion/sampling_entropy: 0.9095
Metrics/motion/sampling_rank_saturation_fraction: 0.0000
          Episode_Reward/action_rate_l2: -1.8966
         Episode_Reward/motion_body_pos: 0.2614
       Metrics/motion/sampling_top1_bin: 0.4167
  Episode_Reward/motion_global_root_pos: 0.1281
  Episode_Reward/motion_global_root_ori: 0.0658
        Episode_Reward/failure_terminal: -10.0000
        Episode_Termination/ee_body_pos: 1.2000
 Metrics/motion/sampling_clip_top1_prob: 0.0172
         Metrics/motion/bank_clip_count: 800.0000
Metrics/motion/segment_invalid_start_count: 0.0000
      Metrics/motion/error_body_ang_vel: 7.3147
     Episode_Reward/motion_body_lin_vel: 0.1038
        Metrics/motion/error_anchor_rot: 0.5321
 Metrics/motion/segment_censored_resets: 0.0000
         Episode_Termination/anchor_pos: 0.1000
         Episode_Termination/anchor_ori: 0.0000
    Metrics/motion/error_anchor_ang_vel: 3.8553
         Episode_Reward/self_collisions: -1.3333
--------------------------------------------------------------------------------
                         Iteration time: 0.26s
                           Time elapsed: 0:00:02
                                    ETA: 0:00:05

################################################################################
[1m                            Learning iteration 7/20                             [0m 

                               Run name: relative_smoke_s12
                            Total steps: 1536 
                       Steps per second: 823 
                        Collection time: 0.197s 
                          Learning time: 0.036s 
                        Mean value loss: 25.2627
                    Mean surrogate loss: -0.0995
                      Mean entropy loss: 41.1369
                            Mean reward: -13.11
                    Mean episode length: 19.57
                        Mean action std: 1.00
      Metrics/motion/sampling_top1_prob: 0.0164
        Metrics/motion/error_anchor_pos: 0.2418
   Metrics/motion/sampling_clip_entropy: 0.9287
         Metrics/motion/error_joint_pos: 1.7257
     Episode_Reward/motion_body_ang_vel: 0.0091
    Metrics/motion/segment_failure_rate: 0.9853
Metrics/motion/segment_invalid_reference_frame_count: 0.0000
          Metrics/motion/error_body_pos: 0.2062
      Metrics/motion/error_body_lin_vel: 1.3976
Metrics/motion/sampling_unit_effective_count: 624.0341
         Metrics/motion/error_joint_vel: 22.9618
         Episode_Reward/motion_body_ori: 0.0811
          Metrics/motion/error_body_rot: 0.7344
    Metrics/motion/error_anchor_lin_vel: 1.2757
Metrics/motion/sampling_adaptation_total_variation: 0.0000
             Episode_Reward/joint_limit: -0.1107
      Episode_Termination/segment_trial: 0.0000
        Metrics/motion/sampling_entropy: 0.9095
Metrics/motion/sampling_rank_saturation_fraction: 0.0000
          Episode_Reward/action_rate_l2: -2.0655
         Episode_Reward/motion_body_pos: 0.2736
       Metrics/motion/sampling_top1_bin: 0.4167
  Episode_Reward/motion_global_root_pos: 0.1394
  Episode_Reward/motion_global_root_ori: 0.0916
        Episode_Reward/failure_terminal: -10.0000
        Episode_Termination/ee_body_pos: 1.3333
 Metrics/motion/sampling_clip_top1_prob: 0.0172
         Metrics/motion/bank_clip_count: 800.0000
Metrics/motion/segment_invalid_start_count: 0.0000
      Metrics/motion/error_body_ang_vel: 6.6018
     Episode_Reward/motion_body_lin_vel: 0.1227
        Metrics/motion/error_anchor_rot: 0.5693
 Metrics/motion/segment_censored_resets: 0.0000
         Episode_Termination/anchor_pos: 0.0000
         Episode_Termination/anchor_ori: 0.0000
    Metrics/motion/error_anchor_ang_vel: 3.5983
         Episode_Reward/self_collisions: -1.6667
--------------------------------------------------------------------------------
                         Iteration time: 0.23s
                           Time elapsed: 0:00:02
                                    ETA: 0:00:04

################################################################################
[1m                            Learning iteration 8/20                             [0m 

                               Run name: relative_smoke_s12
                            Total steps: 1728 
                       Steps per second: 758 
                        Collection time: 0.217s 
                          Learning time: 0.036s 
                        Mean value loss: 16.1526
                    Mean surrogate loss: -0.1020
                      Mean entropy loss: 41.1330
                            Mean reward: -13.07
                    Mean episode length: 19.40
                        Mean action std: 1.00
      Metrics/motion/sampling_top1_prob: 0.0164
        Metrics/motion/error_anchor_pos: 0.1946
   Metrics/motion/sampling_clip_entropy: 0.9287
         Metrics/motion/error_joint_pos: 1.8637
     Episode_Reward/motion_body_ang_vel: 0.0064
    Metrics/motion/segment_failure_rate: 0.9873
Metrics/motion/segment_invalid_reference_frame_count: 0.0000
          Metrics/motion/error_body_pos: 0.1643
      Metrics/motion/error_body_lin_vel: 1.2182
Metrics/motion/sampling_unit_effective_count: 624.0341
         Metrics/motion/error_joint_vel: 24.9762
         Episode_Reward/motion_body_ori: 0.0678
          Metrics/motion/error_body_rot: 0.6534
    Metrics/motion/error_anchor_lin_vel: 0.9797
Metrics/motion/sampling_adaptation_total_variation: 0.0000
             Episode_Reward/joint_limit: -0.1203
      Episode_Termination/segment_trial: 0.0000
        Metrics/motion/sampling_entropy: 0.9095
Metrics/motion/sampling_rank_saturation_fraction: 0.0000
          Episode_Reward/action_rate_l2: -1.6577
         Episode_Reward/motion_body_pos: 0.2348
       Metrics/motion/sampling_top1_bin: 0.4167
  Episode_Reward/motion_global_root_pos: 0.1119
  Episode_Reward/motion_global_root_ori: 0.0826
        Episode_Reward/failure_terminal: -10.0000
        Episode_Termination/ee_body_pos: 0.8889
 Metrics/motion/sampling_clip_top1_prob: 0.0172
         Metrics/motion/bank_clip_count: 800.0000
Metrics/motion/segment_invalid_start_count: 0.0000
      Metrics/motion/error_body_ang_vel: 7.0393
     Episode_Reward/motion_body_lin_vel: 0.0986
        Metrics/motion/error_anchor_rot: 0.4377
 Metrics/motion/segment_censored_resets: 0.0000
         Episode_Termination/anchor_pos: 0.3333
         Episode_Termination/anchor_ori: 0.1111
    Metrics/motion/error_anchor_ang_vel: 3.4990
         Episode_Reward/self_collisions: -0.9185
--------------------------------------------------------------------------------
                         Iteration time: 0.25s
                           Time elapsed: 0:00:03
                                    ETA: 0:00:03

################################################################################
[1m                            Learning iteration 9/20                             [0m 

                               Run name: relative_smoke_s12
                            Total steps: 1920 
                       Steps per second: 842 
                        Collection time: 0.192s 
                          Learning time: 0.036s 
                        Mean value loss: 15.3587
                    Mean surrogate loss: -0.0992
                      Mean entropy loss: 41.1384
                            Mean reward: -13.07
                    Mean episode length: 19.24
                        Mean action std: 1.00
      Metrics/motion/sampling_top1_prob: 0.0164
        Metrics/motion/error_anchor_pos: 0.2251
   Metrics/motion/sampling_clip_entropy: 0.9287
         Metrics/motion/error_joint_pos: 1.7558
     Episode_Reward/motion_body_ang_vel: 0.0095
    Metrics/motion/segment_failure_rate: 0.9888
Metrics/motion/segment_invalid_reference_frame_count: 0.0000
          Metrics/motion/error_body_pos: 0.2132
      Metrics/motion/error_body_lin_vel: 1.3153
Metrics/motion/sampling_unit_effective_count: 624.0341
         Metrics/motion/error_joint_vel: 21.3796
         Episode_Reward/motion_body_ori: 0.0752
          Metrics/motion/error_body_rot: 0.8357
    Metrics/motion/error_anchor_lin_vel: 1.0959
Metrics/motion/sampling_adaptation_total_variation: 0.0000
             Episode_Reward/joint_limit: -0.1152
      Episode_Termination/segment_trial: 0.0000
        Metrics/motion/sampling_entropy: 0.9095
Metrics/motion/sampling_rank_saturation_fraction: 0.0000
          Episode_Reward/action_rate_l2: -1.9760
         Episode_Reward/motion_body_pos: 0.2748
       Metrics/motion/sampling_top1_bin: 0.4167
  Episode_Reward/motion_global_root_pos: 0.1408
  Episode_Reward/motion_global_root_ori: 0.0706
        Episode_Reward/failure_terminal: -10.0000
        Episode_Termination/ee_body_pos: 0.8750
 Metrics/motion/sampling_clip_top1_prob: 0.0172
         Metrics/motion/bank_clip_count: 800.0000
Metrics/motion/segment_invalid_start_count: 0.0000
      Metrics/motion/error_body_ang_vel: 6.5210
     Episode_Reward/motion_body_lin_vel: 0.1172
        Metrics/motion/error_anchor_rot: 0.7427
 Metrics/motion/segment_censored_resets: 0.0000
         Episode_Termination/anchor_pos: 0.0000
         Episode_Termination/anchor_ori: 0.2500
    Metrics/motion/error_anchor_ang_vel: 3.7653
         Episode_Reward/self_collisions: -1.6125
--------------------------------------------------------------------------------
                         Iteration time: 0.23s
                           Time elapsed: 0:00:03
                                    ETA: 0:00:03

################################################################################
[1m                            Learning iteration 10/20                            [0m 

                               Run name: relative_smoke_s12
                            Total steps: 2112 
                       Steps per second: 757 
                        Collection time: 0.216s 
                          Learning time: 0.037s 
                        Mean value loss: 16.3450
                    Mean surrogate loss: -0.0941
                      Mean entropy loss: 41.1427
                            Mean reward: -13.17
                    Mean episode length: 19.52
                        Mean action std: 1.00
      Metrics/motion/sampling_top1_prob: 0.0164
        Metrics/motion/error_anchor_pos: 0.2412
   Metrics/motion/sampling_clip_entropy: 0.9287
         Metrics/motion/error_joint_pos: 1.7543
     Episode_Reward/motion_body_ang_vel: 0.0077
    Metrics/motion/segment_failure_rate: 0.9899
Metrics/motion/segment_invalid_reference_frame_count: 0.0000
          Metrics/motion/error_body_pos: 0.2004
      Metrics/motion/error_body_lin_vel: 1.1615
Metrics/motion/sampling_unit_effective_count: 624.0341
         Metrics/motion/error_joint_vel: 25.8991
         Episode_Reward/motion_body_ori: 0.0780
          Metrics/motion/error_body_rot: 0.6820
    Metrics/motion/error_anchor_lin_vel: 0.8028
Metrics/motion/sampling_adaptation_total_variation: 0.0000
             Episode_Reward/joint_limit: -0.1589
      Episode_Termination/segment_trial: 0.0000
        Metrics/motion/sampling_entropy: 0.9095
Metrics/motion/sampling_rank_saturation_fraction: 0.0000
          Episode_Reward/action_rate_l2: -2.2665
         Episode_Reward/motion_body_pos: 0.2879
       Metrics/motion/sampling_top1_bin: 0.4167
  Episode_Reward/motion_global_root_pos: 0.1370
  Episode_Reward/motion_global_root_ori: 0.0865
        Episode_Reward/failure_terminal: -10.0000
        Episode_Termination/ee_body_pos: 0.8889
 Metrics/motion/sampling_clip_top1_prob: 0.0172
         Metrics/motion/bank_clip_count: 800.0000
Metrics/motion/segment_invalid_start_count: 0.0000
      Metrics/motion/error_body_ang_vel: 7.0248
     Episode_Reward/motion_body_lin_vel: 0.1317
        Metrics/motion/error_anchor_rot: 0.6816
 Metrics/motion/segment_censored_resets: 0.0000
         Episode_Termination/anchor_pos: 0.1111
         Episode_Termination/anchor_ori: 0.0000
    Metrics/motion/error_anchor_ang_vel: 4.7702
         Episode_Reward/self_collisions: -1.5556
--------------------------------------------------------------------------------
                         Iteration time: 0.25s
                           Time elapsed: 0:00:03
                                    ETA: 0:00:03

################################################################################
[1m                            Learning iteration 11/20                            [0m 

                               Run name: relative_smoke_s12
                            Total steps: 2304 
                       Steps per second: 810 
                        Collection time: 0.200s 
                          Learning time: 0.037s 
                        Mean value loss: 14.4534
                    Mean surrogate loss: -0.1006
                      Mean entropy loss: 41.1463
                            Mean reward: -13.15
                    Mean episode length: 19.54
                        Mean action std: 1.00
      Metrics/motion/sampling_top1_prob: 0.0164
        Metrics/motion/error_anchor_pos: 0.2154
   Metrics/motion/sampling_clip_entropy: 0.9287
         Metrics/motion/error_joint_pos: 1.7284
     Episode_Reward/motion_body_ang_vel: 0.0094
    Metrics/motion/segment_failure_rate: 0.9825
Metrics/motion/segment_invalid_reference_frame_count: 0.0000
          Metrics/motion/error_body_pos: 0.1660
      Metrics/motion/error_body_lin_vel: 1.3098
Metrics/motion/sampling_unit_effective_count: 624.0341
         Metrics/motion/error_joint_vel: 23.8791
         Episode_Reward/motion_body_ori: 0.0750
          Metrics/motion/error_body_rot: 0.6731
    Metrics/motion/error_anchor_lin_vel: 1.1714
Metrics/motion/sampling_adaptation_total_variation: 0.0000
             Episode_Reward/joint_limit: -0.1046
      Episode_Termination/segment_trial: 0.0833
        Metrics/motion/sampling_entropy: 0.9095
Metrics/motion/sampling_rank_saturation_fraction: 0.0000
          Episode_Reward/action_rate_l2: -1.8093
         Episode_Reward/motion_body_pos: 0.2660
       Metrics/motion/sampling_top1_bin: 0.4167
  Episode_Reward/motion_global_root_pos: 0.1185
  Episode_Reward/motion_global_root_ori: 0.0758
        Episode_Reward/failure_terminal: -9.1667
        Episode_Termination/ee_body_pos: 0.7500
 Metrics/motion/sampling_clip_top1_prob: 0.0172
         Metrics/motion/bank_clip_count: 800.0000
Metrics/motion/segment_invalid_start_count: 0.0000
      Metrics/motion/error_body_ang_vel: 7.4071
     Episode_Reward/motion_body_lin_vel: 0.1222
        Metrics/motion/error_anchor_rot: 0.5177
 Metrics/motion/segment_censored_resets: 0.0000
         Episode_Termination/anchor_pos: 0.1667
         Episode_Termination/anchor_ori: 0.0000
    Metrics/motion/error_anchor_ang_vel: 3.6996
         Episode_Reward/self_collisions: -1.9667
--------------------------------------------------------------------------------
                         Iteration time: 0.24s
                           Time elapsed: 0:00:03
                                    ETA: 0:00:02

################################################################################
[1m                            Learning iteration 12/20                            [0m 

                               Run name: relative_smoke_s12
                            Total steps: 2496 
                       Steps per second: 772 
                        Collection time: 0.212s 
                          Learning time: 0.036s 
                        Mean value loss: 8.5633
                    Mean surrogate loss: -0.0922
                      Mean entropy loss: 41.1496
                            Mean reward: -13.24
                    Mean episode length: 19.51
                        Mean action std: 1.00
      Metrics/motion/sampling_top1_prob: 0.0164
        Metrics/motion/error_anchor_pos: 0.2851
   Metrics/motion/sampling_clip_entropy: 0.9287
         Metrics/motion/error_joint_pos: 1.8281
     Episode_Reward/motion_body_ang_vel: 0.0141
    Metrics/motion/segment_failure_rate: 0.9832
Metrics/motion/segment_invalid_reference_frame_count: 0.0000
          Metrics/motion/error_body_pos: 0.2429
      Metrics/motion/error_body_lin_vel: 1.3222
Metrics/motion/sampling_unit_effective_count: 624.0341
         Metrics/motion/error_joint_vel: 25.8603
         Episode_Reward/motion_body_ori: 0.1080
          Metrics/motion/error_body_rot: 0.7764
    Metrics/motion/error_anchor_lin_vel: 1.0313
Metrics/motion/sampling_adaptation_total_variation: 0.0000
             Episode_Reward/joint_limit: -0.1783
      Episode_Termination/segment_trial: 0.0000
        Metrics/motion/sampling_entropy: 0.9095
Metrics/motion/sampling_rank_saturation_fraction: 0.0000
          Episode_Reward/action_rate_l2: -2.8941
         Episode_Reward/motion_body_pos: 0.3863
       Metrics/motion/sampling_top1_bin: 0.4167
  Episode_Reward/motion_global_root_pos: 0.1922
  Episode_Reward/motion_global_root_ori: 0.1084
        Episode_Reward/failure_terminal: -10.0000
        Episode_Termination/ee_body_pos: 1.1429
 Metrics/motion/sampling_clip_top1_prob: 0.0172
         Metrics/motion/bank_clip_count: 800.0001
Metrics/motion/segment_invalid_start_count: 0.0000
      Metrics/motion/error_body_ang_vel: 7.1626
     Episode_Reward/motion_body_lin_vel: 0.2029
        Metrics/motion/error_anchor_rot: 0.7352
 Metrics/motion/segment_censored_resets: 0.0000
         Episode_Termination/anchor_pos: 0.1429
         Episode_Termination/anchor_ori: 0.0000
    Metrics/motion/error_anchor_ang_vel: 4.3618
         Episode_Reward/self_collisions: -2.6143
--------------------------------------------------------------------------------
                         Iteration time: 0.25s
                           Time elapsed: 0:00:04
                                    ETA: 0:00:02

################################################################################
[1m                            Learning iteration 13/20                            [0m 

                               Run name: relative_smoke_s12
                            Total steps: 2688 
                       Steps per second: 821 
                        Collection time: 0.198s 
                          Learning time: 0.036s 
                        Mean value loss: 8.3440
                    Mean surrogate loss: -0.0930
                      Mean entropy loss: 41.1534
                            Mean reward: -13.20
                    Mean episode length: 19.17
                        Mean action std: 1.00
      Metrics/motion/sampling_top1_prob: 0.0164
        Metrics/motion/error_anchor_pos: 0.3445
   Metrics/motion/sampling_clip_entropy: 0.9287
         Metrics/motion/error_joint_pos: 1.7932
     Episode_Reward/motion_body_ang_vel: 0.0145
    Metrics/motion/segment_failure_rate: 0.9844
Metrics/motion/segment_invalid_reference_frame_count: 0.0000
          Metrics/motion/error_body_pos: 0.2209
      Metrics/motion/error_body_lin_vel: 1.3098
Metrics/motion/sampling_unit_effective_count: 624.0341
         Metrics/motion/error_joint_vel: 23.6792
         Episode_Reward/motion_body_ori: 0.0913
          Metrics/motion/error_body_rot: 0.7107
    Metrics/motion/error_anchor_lin_vel: 1.4198
Metrics/motion/sampling_adaptation_total_variation: 0.0000
             Episode_Reward/joint_limit: -0.1892
      Episode_Termination/segment_trial: 0.0000
        Metrics/motion/sampling_entropy: 0.9095
Metrics/motion/sampling_rank_saturation_fraction: 0.0000
          Episode_Reward/action_rate_l2: -2.5093
         Episode_Reward/motion_body_pos: 0.3310
       Metrics/motion/sampling_top1_bin: 0.4167
  Episode_Reward/motion_global_root_pos: 0.1380
  Episode_Reward/motion_global_root_ori: 0.0850
        Episode_Reward/failure_terminal: -10.0000
        Episode_Termination/ee_body_pos: 0.9000
 Metrics/motion/sampling_clip_top1_prob: 0.0172
         Metrics/motion/bank_clip_count: 800.0000
Metrics/motion/segment_invalid_start_count: 0.0000
      Metrics/motion/error_body_ang_vel: 6.5040
     Episode_Reward/motion_body_lin_vel: 0.1541
        Metrics/motion/error_anchor_rot: 0.6132
 Metrics/motion/segment_censored_resets: 0.0000
         Episode_Termination/anchor_pos: 0.1000
         Episode_Termination/anchor_ori: 0.0000
    Metrics/motion/error_anchor_ang_vel: 3.7769
         Episode_Reward/self_collisions: -2.1600
--------------------------------------------------------------------------------
                         Iteration time: 0.23s
                           Time elapsed: 0:00:04
                                    ETA: 0:00:01

################################################################################
[1m                            Learning iteration 14/20                            [0m 

                               Run name: relative_smoke_s12
                            Total steps: 2880 
                       Steps per second: 766 
                        Collection time: 0.215s 
                          Learning time: 0.036s 
                        Mean value loss: 6.9947
                    Mean surrogate loss: -0.0914
                      Mean entropy loss: 41.1584
                            Mean reward: -13.10
                    Mean episode length: 18.52
                        Mean action std: 1.00
      Metrics/motion/sampling_top1_prob: 0.0164
        Metrics/motion/error_anchor_pos: 0.1430
   Metrics/motion/sampling_clip_entropy: 0.9287
         Metrics/motion/error_joint_pos: 1.8044
     Episode_Reward/motion_body_ang_vel: 0.0057
    Metrics/motion/segment_failure_rate: 0.9855
Metrics/motion/segment_invalid_reference_frame_count: 0.0000
          Metrics/motion/error_body_pos: 0.1626
      Metrics/motion/error_body_lin_vel: 1.2253
Metrics/motion/sampling_unit_effective_count: 624.0341
         Metrics/motion/error_joint_vel: 24.9692
         Episode_Reward/motion_body_ori: 0.0638
          Metrics/motion/error_body_rot: 0.6543
    Metrics/motion/error_anchor_lin_vel: 1.0126
Metrics/motion/sampling_adaptation_total_variation: 0.0000
             Episode_Reward/joint_limit: -0.1194
      Episode_Termination/segment_trial: 0.0000
        Metrics/motion/sampling_entropy: 0.9095
Metrics/motion/sampling_rank_saturation_fraction: 0.0000
          Episode_Reward/action_rate_l2: -1.6603
         Episode_Reward/motion_body_pos: 0.2320
       Metrics/motion/sampling_top1_bin: 0.4167
  Episode_Reward/motion_global_root_pos: 0.1243
  Episode_Reward/motion_global_root_ori: 0.0696
        Episode_Reward/failure_terminal: -10.0000
        Episode_Termination/ee_body_pos: 1.0000
 Metrics/motion/sampling_clip_top1_prob: 0.0172
         Metrics/motion/bank_clip_count: 800.0000
Metrics/motion/segment_invalid_start_count: 0.0000
      Metrics/motion/error_body_ang_vel: 7.5689
     Episode_Reward/motion_body_lin_vel: 0.1135
        Metrics/motion/error_anchor_rot: 0.4998
 Metrics/motion/segment_censored_resets: 0.0000
         Episode_Termination/anchor_pos: 0.2500
         Episode_Termination/anchor_ori: 0.1250
    Metrics/motion/error_anchor_ang_vel: 3.8562
         Episode_Reward/self_collisions: -1.3500
--------------------------------------------------------------------------------
                         Iteration time: 0.25s
                           Time elapsed: 0:00:04
                                    ETA: 0:00:01

################################################################################
[1m                            Learning iteration 15/20                            [0m 

                               Run name: relative_smoke_s12
                            Total steps: 3072 
                       Steps per second: 838 
                        Collection time: 0.192s 
                          Learning time: 0.036s 
                        Mean value loss: 3.3130
                    Mean surrogate loss: -0.0909
                      Mean entropy loss: 41.1632
                            Mean reward: -13.08
                    Mean episode length: 19.12
                        Mean action std: 1.00
      Metrics/motion/sampling_top1_prob: 0.0164
        Metrics/motion/error_anchor_pos: 0.3187
   Metrics/motion/sampling_clip_entropy: 0.9287
         Metrics/motion/error_joint_pos: 1.8740
     Episode_Reward/motion_body_ang_vel: 0.0138
    Metrics/motion/segment_failure_rate: 0.9844
Metrics/motion/segment_invalid_reference_frame_count: 0.0000
          Metrics/motion/error_body_pos: 0.2099
      Metrics/motion/error_body_lin_vel: 1.3008
Metrics/motion/sampling_unit_effective_count: 624.0341
         Metrics/motion/error_joint_vel: 22.2320
         Episode_Reward/motion_body_ori: 0.0810
          Metrics/motion/error_body_rot: 0.8141
    Metrics/motion/error_anchor_lin_vel: 1.3916
Metrics/motion/sampling_adaptation_total_variation: 0.0000
             Episode_Reward/joint_limit: -0.2125
      Episode_Termination/segment_trial: 0.1429
        Metrics/motion/sampling_entropy: 0.9095
Metrics/motion/sampling_rank_saturation_fraction: 0.0000
          Episode_Reward/action_rate_l2: -2.9949
         Episode_Reward/motion_body_pos: 0.4227
       Metrics/motion/sampling_top1_bin: 0.4167
  Episode_Reward/motion_global_root_pos: 0.1705
  Episode_Reward/motion_global_root_ori: 0.0764
        Episode_Reward/failure_terminal: -8.5714
        Episode_Termination/ee_body_pos: 0.8571
 Metrics/motion/sampling_clip_top1_prob: 0.0172
         Metrics/motion/bank_clip_count: 800.0001
Metrics/motion/segment_invalid_start_count: 0.0000
      Metrics/motion/error_body_ang_vel: 6.3256
     Episode_Reward/motion_body_lin_vel: 0.2024
        Metrics/motion/error_anchor_rot: 0.8902
 Metrics/motion/segment_censored_resets: 0.0000
         Episode_Termination/anchor_pos: 0.1429
         Episode_Termination/anchor_ori: 0.0000
    Metrics/motion/error_anchor_ang_vel: 3.5223
         Episode_Reward/self_collisions: -2.0857
--------------------------------------------------------------------------------
                         Iteration time: 0.23s
                           Time elapsed: 0:00:04
                                    ETA: 0:00:01

################################################################################
[1m                            Learning iteration 16/20                            [0m 

                               Run name: relative_smoke_s12
                            Total steps: 3264 
                       Steps per second: 770 
                        Collection time: 0.213s 
                          Learning time: 0.036s 
                        Mean value loss: 2.3099
                    Mean surrogate loss: -0.0890
                      Mean entropy loss: 41.1657
                            Mean reward: -13.25
                    Mean episode length: 19.70
                        Mean action std: 1.00
      Metrics/motion/sampling_top1_prob: 0.0164
        Metrics/motion/error_anchor_pos: 0.2427
   Metrics/motion/sampling_clip_entropy: 0.9287
         Metrics/motion/error_joint_pos: 1.9440
     Episode_Reward/motion_body_ang_vel: 0.0089
    Metrics/motion/segment_failure_rate: 0.9806
Metrics/motion/segment_invalid_reference_frame_count: 0.0000
          Metrics/motion/error_body_pos: 0.2220
      Metrics/motion/error_body_lin_vel: 1.2511
Metrics/motion/sampling_unit_effective_count: 624.0341
         Metrics/motion/error_joint_vel: 22.5782
         Episode_Reward/motion_body_ori: 0.0847
          Metrics/motion/error_body_rot: 0.7955
    Metrics/motion/error_anchor_lin_vel: 1.0040
Metrics/motion/sampling_adaptation_total_variation: 0.0000
             Episode_Reward/joint_limit: -0.2367
      Episode_Termination/segment_trial: 0.0000
        Metrics/motion/sampling_entropy: 0.9095
Metrics/motion/sampling_rank_saturation_fraction: 0.0000
          Episode_Reward/action_rate_l2: -2.6279
         Episode_Reward/motion_body_pos: 0.3348
       Metrics/motion/sampling_top1_bin: 0.4167
  Episode_Reward/motion_global_root_pos: 0.1668
  Episode_Reward/motion_global_root_ori: 0.0832
        Episode_Reward/failure_terminal: -10.0000
        Episode_Termination/ee_body_pos: 1.1250
 Metrics/motion/sampling_clip_top1_prob: 0.0172
         Metrics/motion/bank_clip_count: 800.0000
Metrics/motion/segment_invalid_start_count: 0.0000
      Metrics/motion/error_body_ang_vel: 6.9898
     Episode_Reward/motion_body_lin_vel: 0.1788
        Metrics/motion/error_anchor_rot: 0.7663
 Metrics/motion/segment_censored_resets: 0.0000
         Episode_Termination/anchor_pos: 0.1250
         Episode_Termination/anchor_ori: 0.0000
    Metrics/motion/error_anchor_ang_vel: 4.5794
         Episode_Reward/self_collisions: -2.1625
--------------------------------------------------------------------------------
                         Iteration time: 0.25s
                           Time elapsed: 0:00:05
                                    ETA: 0:00:00

################################################################################
[1m                            Learning iteration 17/20                            [0m 

                               Run name: relative_smoke_s12
                            Total steps: 3456 
                       Steps per second: 832 
                        Collection time: 0.195s 
                          Learning time: 0.036s 
                        Mean value loss: 3.3908
                    Mean surrogate loss: -0.0976
                      Mean entropy loss: 41.1661
                            Mean reward: -13.17
                    Mean episode length: 20.15
                        Mean action std: 1.00
      Metrics/motion/sampling_top1_prob: 0.0164
        Metrics/motion/error_anchor_pos: 0.1655
   Metrics/motion/sampling_clip_entropy: 0.9287
         Metrics/motion/error_joint_pos: 1.8190
     Episode_Reward/motion_body_ang_vel: 0.0139
    Metrics/motion/segment_failure_rate: 0.9816
Metrics/motion/segment_invalid_reference_frame_count: 0.0000
          Metrics/motion/error_body_pos: 0.1613
      Metrics/motion/error_body_lin_vel: 1.0263
Metrics/motion/sampling_unit_effective_count: 624.0341
         Metrics/motion/error_joint_vel: 21.2064
         Episode_Reward/motion_body_ori: 0.0838
          Metrics/motion/error_body_rot: 0.6580
    Metrics/motion/error_anchor_lin_vel: 0.8792
Metrics/motion/sampling_adaptation_total_variation: 0.0000
             Episode_Reward/joint_limit: -0.1019
      Episode_Termination/segment_trial: 0.1250
        Metrics/motion/sampling_entropy: 0.9095
Metrics/motion/sampling_rank_saturation_fraction: 0.0000
          Episode_Reward/action_rate_l2: -2.3018
         Episode_Reward/motion_body_pos: 0.3376
       Metrics/motion/sampling_top1_bin: 0.4167
  Episode_Reward/motion_global_root_pos: 0.1669
  Episode_Reward/motion_global_root_ori: 0.0817
        Episode_Reward/failure_terminal: -9.3750
        Episode_Termination/ee_body_pos: 1.0000
 Metrics/motion/sampling_clip_top1_prob: 0.0172
         Metrics/motion/bank_clip_count: 800.0000
Metrics/motion/segment_invalid_start_count: 0.0000
      Metrics/motion/error_body_ang_vel: 6.2696
     Episode_Reward/motion_body_lin_vel: 0.1871
        Metrics/motion/error_anchor_rot: 0.5321
 Metrics/motion/segment_censored_resets: 0.0000
         Episode_Termination/anchor_pos: 0.0000
         Episode_Termination/anchor_ori: 0.0000
    Metrics/motion/error_anchor_ang_vel: 2.9956
         Episode_Reward/self_collisions: -1.1625
--------------------------------------------------------------------------------
                         Iteration time: 0.23s
                           Time elapsed: 0:00:05
                                    ETA: 0:00:00

################################################################################
[1m                            Learning iteration 18/20                            [0m 

                               Run name: relative_smoke_s12
                            Total steps: 3648 
                       Steps per second: 750 
                        Collection time: 0.220s 
                          Learning time: 0.036s 
                        Mean value loss: 3.1452
                    Mean surrogate loss: -0.0869
                      Mean entropy loss: 41.1678
                            Mean reward: -13.35
                    Mean episode length: 20.61
                        Mean action std: 1.00
      Metrics/motion/sampling_top1_prob: 0.0164
        Metrics/motion/error_anchor_pos: 0.2175
   Metrics/motion/sampling_clip_entropy: 0.9287
         Metrics/motion/error_joint_pos: 1.7666
     Episode_Reward/motion_body_ang_vel: 0.0072
    Metrics/motion/segment_failure_rate: 0.9770
Metrics/motion/segment_invalid_reference_frame_count: 0.0000
          Metrics/motion/error_body_pos: 0.1681
      Metrics/motion/error_body_lin_vel: 1.1298
Metrics/motion/sampling_unit_effective_count: 624.0341
         Metrics/motion/error_joint_vel: 23.1858
         Episode_Reward/motion_body_ori: 0.0705
          Metrics/motion/error_body_rot: 0.7368
    Metrics/motion/error_anchor_lin_vel: 0.9831
Metrics/motion/sampling_adaptation_total_variation: 0.0000
             Episode_Reward/joint_limit: -0.1388
      Episode_Termination/segment_trial: 0.0000
        Metrics/motion/sampling_entropy: 0.9095
Metrics/motion/sampling_rank_saturation_fraction: 0.0000
          Episode_Reward/action_rate_l2: -2.1012
         Episode_Reward/motion_body_pos: 0.2806
       Metrics/motion/sampling_top1_bin: 0.4167
  Episode_Reward/motion_global_root_pos: 0.1320
  Episode_Reward/motion_global_root_ori: 0.0694
        Episode_Reward/failure_terminal: -10.0000
        Episode_Termination/ee_body_pos: 1.1111
 Metrics/motion/sampling_clip_top1_prob: 0.0172
         Metrics/motion/bank_clip_count: 800.0000
Metrics/motion/segment_invalid_start_count: 0.0000
      Metrics/motion/error_body_ang_vel: 6.8027
     Episode_Reward/motion_body_lin_vel: 0.1294
        Metrics/motion/error_anchor_rot: 0.5379
 Metrics/motion/segment_censored_resets: 0.0000
         Episode_Termination/anchor_pos: 0.3333
         Episode_Termination/anchor_ori: 0.0000
    Metrics/motion/error_anchor_ang_vel: 4.0724
         Episode_Reward/self_collisions: -1.9778
--------------------------------------------------------------------------------
                         Iteration time: 0.26s
                           Time elapsed: 0:00:05
                                    ETA: 0:00:00

################################################################################
[1m                            Learning iteration 19/20                            [0m 

                               Run name: relative_smoke_s12
                            Total steps: 3840 
                       Steps per second: 831 
                        Collection time: 0.195s 
                          Learning time: 0.036s 
                        Mean value loss: 1.9470
                    Mean surrogate loss: -0.0948
                      Mean entropy loss: 41.1698
                            Mean reward: -13.15
                    Mean episode length: 19.86
                        Mean action std: 1.00
      Metrics/motion/sampling_top1_prob: 0.0164
        Metrics/motion/error_anchor_pos: 0.2050
   Metrics/motion/sampling_clip_entropy: 0.9287
         Metrics/motion/error_joint_pos: 1.7792
     Episode_Reward/motion_body_ang_vel: 0.0053
    Metrics/motion/segment_failure_rate: 0.9785
Metrics/motion/segment_invalid_reference_frame_count: 0.0000
          Metrics/motion/error_body_pos: 0.1624
      Metrics/motion/error_body_lin_vel: 1.2201
Metrics/motion/sampling_unit_effective_count: 624.0341
         Metrics/motion/error_joint_vel: 25.0266
         Episode_Reward/motion_body_ori: 0.0792
          Metrics/motion/error_body_rot: 0.6163
    Metrics/motion/error_anchor_lin_vel: 1.1625
Metrics/motion/sampling_adaptation_total_variation: 0.0000
             Episode_Reward/joint_limit: -0.1266
      Episode_Termination/segment_trial: 0.0000
        Metrics/motion/sampling_entropy: 0.9095
Metrics/motion/sampling_rank_saturation_fraction: 0.0000
          Episode_Reward/action_rate_l2: -1.6656
         Episode_Reward/motion_body_pos: 0.2408
       Metrics/motion/sampling_top1_bin: 0.4167
  Episode_Reward/motion_global_root_pos: 0.1145
  Episode_Reward/motion_global_root_ori: 0.0770
        Episode_Reward/failure_terminal: -10.0000
        Episode_Termination/ee_body_pos: 1.0000
 Metrics/motion/sampling_clip_top1_prob: 0.0172
         Metrics/motion/bank_clip_count: 800.0000
Metrics/motion/segment_invalid_start_count: 0.0000
      Metrics/motion/error_body_ang_vel: 7.2699
     Episode_Reward/motion_body_lin_vel: 0.1002
        Metrics/motion/error_anchor_rot: 0.4250
 Metrics/motion/segment_censored_resets: 0.0000
         Episode_Termination/anchor_pos: 0.1111
         Episode_Termination/anchor_ori: 0.0000
    Metrics/motion/error_anchor_ang_vel: 3.8983
         Episode_Reward/self_collisions: -0.8889
--------------------------------------------------------------------------------
                         Iteration time: 0.23s
                           Time elapsed: 0:00:05
                                    ETA: 0:00:00

DONE rc=0 attempt=1 elapsed_s=17 gpu_hours=0.004722 baseline_vram_mib=1010 peak_total_vram_mib=3419 peak_delta_mib=2409 2026-09-05T18:30:27-04:00
