LAUNCH attempt=1 free_mib=15331 util_pct=2 baseline_vram_mib=972 2026-09-05T21:41:28-04:00
[INFO] Training with: device=cuda:0, seed=41, rank=0
[INFO] Using local motion file: /home/linjiw/climb-feasibility-first/bank/amass/KIT_1229_flexion_with_help_02_poses_100_jpos.npz
[INFO] Logging experiment in directory: /home/linjiw/climb-feasibility-first/reports/relative_progress_2026-09-05/policy_smokes_gate_retry/A/g1_tracking/2026-09-05_21-41-32_policy_A_smoke_s41
Setting seed: 41
Warp 1.14.0 initialized:
   CUDA Toolkit 12.9, Driver 13.2
   Devices:
     "cpu"      : "x86_64"
     "cuda:0"   : "NVIDIA GeForce RTX 5080" (15 GiB, sm_120, mempool enabled)
   Kernel cache:
     /home/linjiw/.cache/warp/1.14.0
Module mujoco_warp._src.smooth e597d07 load on device 'cuda:0' took 2.21 ms  (cached)
Module _nxn_broadphase__locals__kernel_df6640ed df6640e load on device 'cuda:0' took 0.35 ms  (cached)
Module _primitive_narrowphase__locals__primitive_narrowphase_0d45ffc8 0d45ffc load on device 'cuda:0' took 0.57 ms  (cached)
Module mujoco_warp._src.constraint 880bd7f load on device 'cuda:0' took 0.24 ms  (cached)
Module _friction_dof__locals__kernel_196c77d2 196c77d load on device 'cuda:0' took 0.40 ms  (cached)
Module _limit_slide_hinge__locals__kernel_6e38514e 6e38514 load on device 'cuda:0' took 0.43 ms  (cached)
Module _efc_contact_init__locals__kernel_6eab31b8 6eab31b load on device 'cuda:0' took 0.41 ms  (cached)
Module _efc_contact_jac_sparse__locals__kernel_f9099d1d f9099d1 load on device 'cuda:0' took 0.35 ms  (cached)
Module _efc_contact_update__locals__kernel_8aad7bfd 8aad7bf load on device 'cuda:0' took 0.33 ms  (cached)
Module mujoco_warp._src.sensor 42e0a24 load on device 'cuda:0' took 1.79 ms  (cached)
Module mujoco_warp._src.forward 687ddb7 load on device 'cuda:0' took 0.81 ms  (cached)
Module mujoco_warp._src.passive 8ff6993 load on device 'cuda:0' took 1.03 ms  (cached)
Module mujoco_warp._src.forward 2190340 load on device 'cuda:0' took 0.91 ms  (cached)
Module _qfrc_smooth__locals__kernel_6eb3d958 6eb3d95 load on device 'cuda:0' took 0.25 ms  (cached)
Module mujoco_warp._src.support d1e71d9 load on device 'cuda:0' took 0.70 ms  (cached)
Module _tile_cholesky_factorize_solve_block__locals__kernel_beb64870 837cd89 load on device 'cuda:0' took 21.48 ms  (cached)
Module _solve_init_dof__locals__kernel_c6f567bf c6f567b load on device 'cuda:0' took 0.32 ms  (cached)
Module mujoco_warp._src.solver 245b5b3 load on device 'cuda:0' took 1.14 ms  (cached)
Module _solve_init_jaref_kernel__locals__kernel_1971c1c1 1971c1c load on device 'cuda:0' took 0.29 ms  (cached)
Module mul_m_kernel__locals___mul_m_fd2186c4 fd2186c load on device 'cuda:0' took 0.27 ms  (cached)
Module _update_constraint_efc__locals__kernel_4af8f110 4af8f11 load on device 'cuda:0' took 0.43 ms  (cached)
Module _update_constraint_init_qfrc_constraint_sparse__locals__kernel_16efb537 16efb53 load on device 'cuda:0' took 0.31 ms  (cached)
Module _update_gradient_zero_grad_dot__locals__kernel_cb780630 cb78063 load on device 'cuda:0' took 0.24 ms  (cached)
Module _update_gradient_grad__locals__kernel_0cbf4927 0cbf492 load on device 'cuda:0' took 0.24 ms  (cached)
Module _update_gradient_init_h_sparse__locals__kernel_8d599502 8d59950 load on device 'cuda:0' took 0.24 ms  (cached)
Module _JTDAJ_sparse__locals__kernel_6fe61e97 6fe61e9 load on device 'cuda:0' took 0.25 ms  (cached)
Module _JTDAJ_sparse__locals__kernel_6fe61e97 4406f08 load on device 'cuda:0' took 0.23 ms  (cached)
Module _update_gradient_cholesky_blocked__locals__kernel_425d32be 40254b5 load on device 'cuda:0' took 44.42 ms  (cached)
Module _linesearch_jv_fused_kernel__locals__kernel_0509eab7 0509eab load on device 'cuda:0' took 0.40 ms  (cached)
Module _linesearch_iterative_kernel__locals__kernel_59bb1059 897906f load on device 'cuda:0' took 0.56 ms  (cached)
Module _update_constraint_efc__locals__kernel_e30beb1f e30beb1 load on device 'cuda:0' took 0.39 ms  (cached)
Module _update_gradient_zero_grad_dot__locals__kernel_f708ee5f f708ee5 load on device 'cuda:0' took 0.30 ms  (cached)
Module _update_gradient_grad__locals__kernel_cb93df65 cb93df6 load on device 'cuda:0' took 0.27 ms  (cached)
Module _update_gradient_h_incremental_sparse__locals__kernel_abf1f59a abf1f59 load on device 'cuda:0' took 0.27 ms  (cached)
Module _update_gradient_cholesky_blocked_skip_unchanged__locals__kernel_955af8fc 250c823 load on device 'cuda:0' took 48.39 ms  (cached)
Module _contact_sort__locals__contact_sort_321f5f3e 33ea4e1 load on device 'cuda:0' took 0.40 ms  (cached)
Module mujoco_warp._src.derivative e770e28 load on device 'cuda:0' took 0.77 ms  (cached)
Module _next_time_builder__locals___next_time_95ad6d7a 95ad6d7 load on device 'cuda:0' took 0.35 ms  (cached)
Module reset_data__locals__reset_xfrc_applied_03030511 0303051 load on device 'cuda:0' took 0.36 ms  (cached)
Module reset_data__locals__reset_M_631075dd 631075d load on device 'cuda:0' took 0.23 ms  (cached)
Module reset_data__locals__reset_mocap_6513201c 6513201 load on device 'cuda:0' took 0.21 ms  (cached)
Module reset_data__locals__reset_contact_5c08f689 5c08f68 load on device 'cuda:0' took 0.21 ms  (cached)
Module reset_data__locals__reset_sleep_50b990da 50b990d load on device 'cuda:0' took 0.24 ms  (cached)
Module reset_data__locals__reset_nworld_69a10925 69a1092 load on device 'cuda:0' took 0.28 ms  (cached)

+---------------------------------+
|         Base Environment        |
+------------------------+--------+
| Property               | Value  |
+------------------------+--------+
| Number of environments | 8      |
| Environment device     | cuda:0 |
| Environment seed       | 41     |
| Physics step-size      | 0.005  |
| Environment step-size  | 0.02   |
+------------------------+--------+

[INFO] <EventManager> contains 2 active terms.
+----------------------------------------------+
|    Active Event Terms in Mode: 'interval'    |
+-------+------------+-------------------------+
| Index | Name       | Interval time range (s) |
+-------+------------+-------------------------+
|   0   | push_robot |        (1.0, 3.0)       |
+-------+------------+-------------------------+
+---------------------------------------+
| Active Event Terms in Mode: 'startup' |
+-----------+---------------------------+
|   Index   | Name                      |
+-----------+---------------------------+
|     0     | base_com                  |
|     1     | encoder_bias              |
|     2     | foot_friction             |
+-----------+---------------------------+
+-----------------------------+
| Domain Randomization Fields |
+-------+---------------------+
| Index | Field Name          |
+-------+---------------------+
|   0   | body_ipos           |
|   1   | body_subtreemass    |
|   2   | dof_invweight0      |
|   3   | body_invweight0     |
|   4   | tendon_length0      |
|   5   | tendon_invweight0   |
|   6   | actuator_acc0       |
|   7   | geom_friction       |
+-------+---------------------+

Module repeat_array_kernel_4f67a4c3 711f54c load on device 'cuda:0' took 0.32 ms  (cached)
Module repeat_array_kernel_4f67a4c3 7224d07 load on device 'cuda:0' took 0.28 ms  (cached)
Module repeat_array_kernel_4f67a4c3 b2885b0 load on device 'cuda:0' took 0.29 ms  (cached)
[climb] motion bank: 800 clips, 2.54 h @ 50 fps, clip length min/median/max = 1.1/7.5/155.9 s
[INFO] <CommandManager> contains 1 active terms.
+---------------------------------------------+
|             Active Command Terms            |
+-------+--------+----------------------------+
| Index | Name   |            Type            |
+-------+--------+----------------------------+
|   0   | motion | SegmentNativeMotionCommand |
+-------+--------+----------------------------+

[INFO] <ActionManager> contains 1 active terms.
+---------------------------------+
| Active Action Terms (shape: 29) |
+-------+-----------+-------------+
| Index | Name      |   Dimension |
+-------+-----------+-------------+
|   0   | joint_pos |          29 |
+-------+-----------+-------------+

[INFO] <ObservationManager> contains 2 groups.
+------------------------------------------------------------+
| Active Observation Terms in Group: 'actor' (shape: (160,)) |
+----------+------------------------------------+------------+
|  Index   | Name                               |   Shape    |
+----------+------------------------------------+------------+
|    0     | command                            |   (58,)    |
|    1     | motion_anchor_pos_b                |    (3,)    |
|    2     | motion_anchor_ori_b                |    (6,)    |
|    3     | base_lin_vel                       |    (3,)    |
|    4     | base_ang_vel                       |    (3,)    |
|    5     | joint_pos                          |   (29,)    |
|    6     | joint_vel                          |   (29,)    |
|    7     | actions                            |   (29,)    |
+----------+------------------------------------+------------+
+-------------------------------------------------------------+
| Active Observation Terms in Group: 'critic' (shape: (286,)) |
+-----------+------------------------------------+------------+
|   Index   | Name                               |   Shape    |
+-----------+------------------------------------+------------+
|     0     | command                            |   (58,)    |
|     1     | motion_anchor_pos_b                |    (3,)    |
|     2     | motion_anchor_ori_b                |    (6,)    |
|     3     | body_pos                           |   (42,)    |
|     4     | body_ori                           |   (84,)    |
|     5     | base_lin_vel                       |    (3,)    |
|     6     | base_ang_vel                       |    (3,)    |
|     7     | joint_pos                          |   (29,)    |
|     8     | joint_vel                          |   (29,)    |
|     9     | actions                            |   (29,)    |
+-----------+------------------------------------+------------+

[INFO] <TerminationManager> contains 4 active terms.
+----------------------------------+
|     Active Termination Terms     |
+-------+---------------+----------+
| Index | Name          | Time Out |
+-------+---------------+----------+
|   0   | anchor_pos    |  False   |
|   1   | anchor_ori    |  False   |
|   2   | ee_body_pos   |  False   |
|   3   | segment_trial |   True   |
+-------+---------------+----------+

[INFO] <RewardManager> contains 10 active terms.
+-----------------------------------------+
|           Active Reward Terms           |
+-------+------------------------+--------+
| Index | Name                   | Weight |
+-------+------------------------+--------+
|   0   | motion_global_root_pos |    0.5 |
|   1   | motion_global_root_ori |    0.5 |
|   2   | motion_body_pos        |    1.0 |
|   3   | motion_body_ori        |    1.0 |
|   4   | motion_body_lin_vel    |    1.0 |
|   5   | motion_body_ang_vel    |    1.0 |
|   6   | action_rate_l2         |   -0.1 |
|   7   | joint_limit            |  -10.0 |
|   8   | self_collisions        |  -10.0 |
|   9   | failure_terminal       | -500.0 |
+-------+------------------------+--------+

[INFO] <NullCurriculumManager> (inactive)
[INFO] <NullMetricsManager> (inactive)
[INFO] <NullRecorderManager> (inactive)
Module mujoco_warp._src.io 19274fb load on device 'cuda:0' took 0.98 ms  (cached)
Module _tile_cholesky_factorize_block__locals__kernel_1a8ac315 67a96c9 load on device 'cuda:0' took 14.97 ms  (cached)
Module _tile_cholesky_solve_block__locals__kernel_be7133b6 6b45561 load on device 'cuda:0' took 15.74 ms  (cached)
--------------------------------------------------------------------------------
Resolved observation sets: 
	 actor :  ('actor',)
	 critic :  ('critic',)
--------------------------------------------------------------------------------
Actor Model: MLPModel(
  (obs_normalizer): EmpiricalNormalization()
  (distribution): GaussianDistribution()
  (mlp): MLP(
    (0): Linear(in_features=160, out_features=512, bias=True)
    (1): ELU(alpha=1.0)
    (2): Linear(in_features=512, out_features=256, bias=True)
    (3): ELU(alpha=1.0)
    (4): Linear(in_features=256, out_features=128, bias=True)
    (5): ELU(alpha=1.0)
    (6): Linear(in_features=128, out_features=29, bias=True)
  )
)
Critic Model: MLPModel(
  (obs_normalizer): EmpiricalNormalization()
  (mlp): MLP(
    (0): Linear(in_features=286, out_features=512, bias=True)
    (1): ELU(alpha=1.0)
    (2): Linear(in_features=512, out_features=256, bias=True)
    (3): ELU(alpha=1.0)
    (4): Linear(in_features=256, out_features=128, bias=True)
    (5): ELU(alpha=1.0)
    (6): Linear(in_features=128, out_features=1, bias=True)
  )
)
Storing git diff for 'mjlab-1.6.0' in: /home/linjiw/climb-feasibility-first/reports/relative_progress_2026-09-05/policy_smokes_gate_retry/A/g1_tracking/2026-09-05_21-41-32_policy_A_smoke_s41/git/mjlab-1.6.0.diff
################################################################################
[1m                            Learning iteration 0/20                             [0m 

                               Run name: policy_A_smoke_s41
                            Total steps: 192 
                       Steps per second: 165 
                        Collection time: 1.076s 
                          Learning time: 0.085s 
                        Mean value loss: 29.0235
                    Mean surrogate loss: -0.1166
                      Mean entropy loss: 41.1421
                            Mean reward: -11.33
                    Mean episode length: 12.00
                        Mean action std: 1.00
          Episode_Reward/action_rate_l2: -1.4293
    Metrics/motion/error_anchor_lin_vel: 0.7622
     Episode_Reward/motion_body_lin_vel: 0.1059
     Episode_Reward/motion_body_ang_vel: 0.0075
        Metrics/motion/error_anchor_rot: 0.3419
      Metrics/motion/error_body_lin_vel: 0.9695
        Episode_Reward/failure_terminal: -10.0000
      Episode_Termination/segment_trial: 0.0000
         Metrics/motion/error_joint_vel: 20.3963
         Episode_Reward/self_collisions: -0.5714
         Episode_Termination/anchor_ori: 0.0000
          Metrics/motion/error_body_rot: 0.5839
Metrics/motion/sampling_rank_saturation_fraction: 0.0000
         Episode_Reward/motion_body_ori: 0.0693
        Metrics/motion/sampling_entropy: 0.9095
Metrics/motion/sampling_unit_effective_count: 624.0341
      Metrics/motion/error_body_ang_vel: 5.5738
          Metrics/motion/error_body_pos: 0.1441
    Metrics/motion/segment_failure_rate: 0.8571
 Metrics/motion/segment_censored_resets: 0.0000
  Episode_Reward/motion_global_root_pos: 0.1076
        Metrics/motion/error_anchor_pos: 0.1503
      Metrics/motion/sampling_top1_prob: 0.0164
   Metrics/motion/sampling_clip_entropy: 0.9287
        Episode_Termination/ee_body_pos: 1.1429
         Episode_Termination/anchor_pos: 0.0000
         Episode_Reward/motion_body_pos: 0.2187
Metrics/motion/segment_invalid_start_count: 0.0000
 Metrics/motion/sampling_clip_top1_prob: 0.0172
         Metrics/motion/bank_clip_count: 800.0001
         Metrics/motion/error_joint_pos: 1.6842
Metrics/motion/segment_invalid_reference_frame_count: 0.0000
Metrics/motion/sampling_adaptation_total_variation: 0.0000
       Metrics/motion/sampling_top1_bin: 0.4167
             Episode_Reward/joint_limit: -0.0439
    Metrics/motion/error_anchor_ang_vel: 2.9279
  Episode_Reward/motion_global_root_ori: 0.0855
--------------------------------------------------------------------------------
                         Iteration time: 1.16s
                           Time elapsed: 0:00:01
                                    ETA: 0:00:22

################################################################################
[1m                            Learning iteration 1/20                             [0m 

                               Run name: policy_A_smoke_s41
                            Total steps: 384 
                       Steps per second: 764 
                        Collection time: 0.214s 
                          Learning time: 0.037s 
                        Mean value loss: 24.4639
                    Mean surrogate loss: -0.1065
                      Mean entropy loss: 41.1422
                            Mean reward: -11.72
                    Mean episode length: 14.81
                        Mean action std: 1.00
          Episode_Reward/action_rate_l2: -1.7533
    Metrics/motion/error_anchor_lin_vel: 1.0663
     Episode_Reward/motion_body_lin_vel: 0.1221
     Episode_Reward/motion_body_ang_vel: 0.0086
        Metrics/motion/error_anchor_rot: 0.4577
      Metrics/motion/error_body_lin_vel: 1.1608
        Episode_Reward/failure_terminal: -10.0000
      Episode_Termination/segment_trial: 0.0000
         Metrics/motion/error_joint_vel: 22.6254
         Episode_Reward/self_collisions: -0.6286
         Episode_Termination/anchor_ori: 0.0000
          Metrics/motion/error_body_rot: 0.6439
Metrics/motion/sampling_rank_saturation_fraction: 0.0000
         Episode_Reward/motion_body_ori: 0.0702
        Metrics/motion/sampling_entropy: 0.9095
Metrics/motion/sampling_unit_effective_count: 624.0341
      Metrics/motion/error_body_ang_vel: 6.2176
          Metrics/motion/error_body_pos: 0.1603
    Metrics/motion/segment_failure_rate: 1.0000
 Metrics/motion/segment_censored_resets: 0.0000
  Episode_Reward/motion_global_root_pos: 0.1214
        Metrics/motion/error_anchor_pos: 0.1966
      Metrics/motion/sampling_top1_prob: 0.0164
   Metrics/motion/sampling_clip_entropy: 0.9287
        Episode_Termination/ee_body_pos: 1.0000
         Episode_Termination/anchor_pos: 0.2857
         Episode_Reward/motion_body_pos: 0.2565
Metrics/motion/segment_invalid_start_count: 0.0000
 Metrics/motion/sampling_clip_top1_prob: 0.0172
         Metrics/motion/bank_clip_count: 800.0001
         Metrics/motion/error_joint_pos: 1.7532
Metrics/motion/segment_invalid_reference_frame_count: 0.0000
Metrics/motion/sampling_adaptation_total_variation: 0.0000
       Metrics/motion/sampling_top1_bin: 0.4167
             Episode_Reward/joint_limit: -0.0882
    Metrics/motion/error_anchor_ang_vel: 4.7547
  Episode_Reward/motion_global_root_ori: 0.0680
--------------------------------------------------------------------------------
                         Iteration time: 0.25s
                           Time elapsed: 0:00:01
                                    ETA: 0:00:12

################################################################################
[1m                            Learning iteration 2/20                             [0m 

                               Run name: policy_A_smoke_s41
                            Total steps: 576 
                       Steps per second: 742 
                        Collection time: 0.221s 
                          Learning time: 0.038s 
                        Mean value loss: 29.0377
                    Mean surrogate loss: -0.1124
                      Mean entropy loss: 41.1414
                            Mean reward: -12.47
                    Mean episode length: 18.42
                        Mean action std: 1.00
          Episode_Reward/action_rate_l2: -2.7933
    Metrics/motion/error_anchor_lin_vel: 1.2659
     Episode_Reward/motion_body_lin_vel: 0.1804
     Episode_Reward/motion_body_ang_vel: 0.0149
        Metrics/motion/error_anchor_rot: 0.6665
      Metrics/motion/error_body_lin_vel: 1.3209
        Episode_Reward/failure_terminal: -10.0000
      Episode_Termination/segment_trial: 0.0000
         Metrics/motion/error_joint_vel: 23.3410
         Episode_Reward/self_collisions: -1.6400
         Episode_Termination/anchor_ori: 0.0000
          Metrics/motion/error_body_rot: 0.6792
Metrics/motion/sampling_rank_saturation_fraction: 0.0000
         Episode_Reward/motion_body_ori: 0.1186
        Metrics/motion/sampling_entropy: 0.9095
Metrics/motion/sampling_unit_effective_count: 624.0341
      Metrics/motion/error_body_ang_vel: 6.7838
          Metrics/motion/error_body_pos: 0.2166
    Metrics/motion/segment_failure_rate: 1.0000
 Metrics/motion/segment_censored_resets: 0.0000
  Episode_Reward/motion_global_root_pos: 0.1659
        Metrics/motion/error_anchor_pos: 0.3020
      Metrics/motion/sampling_top1_prob: 0.0164
   Metrics/motion/sampling_clip_entropy: 0.9287
        Episode_Termination/ee_body_pos: 0.9000
         Episode_Termination/anchor_pos: 0.2000
         Episode_Reward/motion_body_pos: 0.3811
Metrics/motion/segment_invalid_start_count: 0.0000
 Metrics/motion/sampling_clip_top1_prob: 0.0172
         Metrics/motion/bank_clip_count: 800.0000
         Metrics/motion/error_joint_pos: 1.6350
Metrics/motion/segment_invalid_reference_frame_count: 0.0000
Metrics/motion/sampling_adaptation_total_variation: 0.0000
       Metrics/motion/sampling_top1_bin: 0.4167
             Episode_Reward/joint_limit: -0.1992
    Metrics/motion/error_anchor_ang_vel: 3.4974
  Episode_Reward/motion_global_root_ori: 0.1015
--------------------------------------------------------------------------------
                         Iteration time: 0.26s
                           Time elapsed: 0:00:01
                                    ETA: 0:00:09

################################################################################
[1m                            Learning iteration 3/20                             [0m 

                               Run name: policy_A_smoke_s41
                            Total steps: 768 
                       Steps per second: 707 
                        Collection time: 0.229s 
                          Learning time: 0.042s 
                        Mean value loss: 33.7848
                    Mean surrogate loss: -0.1016
                      Mean entropy loss: 41.1413
                            Mean reward: -12.82
                    Mean episode length: 19.97
                        Mean action std: 1.00
          Episode_Reward/action_rate_l2: -2.8184
    Metrics/motion/error_anchor_lin_vel: 1.0958
     Episode_Reward/motion_body_lin_vel: 0.1942
     Episode_Reward/motion_body_ang_vel: 0.0142
        Metrics/motion/error_anchor_rot: 0.7484
      Metrics/motion/error_body_lin_vel: 1.3004
        Episode_Reward/failure_terminal: -10.0000
      Episode_Termination/segment_trial: 0.0000
         Metrics/motion/error_joint_vel: 22.4931
         Episode_Reward/self_collisions: -2.0786
         Episode_Termination/anchor_ori: 0.0000
          Metrics/motion/error_body_rot: 0.5934
Metrics/motion/sampling_rank_saturation_fraction: 0.0000
         Episode_Reward/motion_body_ori: 0.1143
        Metrics/motion/sampling_entropy: 0.9095
Metrics/motion/sampling_unit_effective_count: 624.0341
      Metrics/motion/error_body_ang_vel: 6.4689
          Metrics/motion/error_body_pos: 0.2107
    Metrics/motion/segment_failure_rate: 1.0000
 Metrics/motion/segment_censored_resets: 0.0000
  Episode_Reward/motion_global_root_pos: 0.1768
        Metrics/motion/error_anchor_pos: 0.2738
      Metrics/motion/sampling_top1_prob: 0.0164
   Metrics/motion/sampling_clip_entropy: 0.9287
        Episode_Termination/ee_body_pos: 1.4286
         Episode_Termination/anchor_pos: 0.1429
         Episode_Reward/motion_body_pos: 0.3914
Metrics/motion/segment_invalid_start_count: 0.0000
 Metrics/motion/sampling_clip_top1_prob: 0.0172
         Metrics/motion/bank_clip_count: 800.0001
         Metrics/motion/error_joint_pos: 1.6122
Metrics/motion/segment_invalid_reference_frame_count: 0.0000
Metrics/motion/sampling_adaptation_total_variation: 0.0000
       Metrics/motion/sampling_top1_bin: 0.4167
             Episode_Reward/joint_limit: -0.1323
    Metrics/motion/error_anchor_ang_vel: 4.6422
  Episode_Reward/motion_global_root_ori: 0.0708
--------------------------------------------------------------------------------
                         Iteration time: 0.27s
                           Time elapsed: 0:00:01
                                    ETA: 0:00:07

################################################################################
[1m                            Learning iteration 4/20                             [0m 

                               Run name: policy_A_smoke_s41
                            Total steps: 960 
                       Steps per second: 709 
                        Collection time: 0.232s 
                          Learning time: 0.039s 
                        Mean value loss: 25.2894
                    Mean surrogate loss: -0.1074
                      Mean entropy loss: 41.1432
                            Mean reward: -12.63
                    Mean episode length: 18.85
                        Mean action std: 1.00
          Episode_Reward/action_rate_l2: -1.7142
    Metrics/motion/error_anchor_lin_vel: 1.0925
     Episode_Reward/motion_body_lin_vel: 0.0900
     Episode_Reward/motion_body_ang_vel: 0.0056
        Metrics/motion/error_anchor_rot: 0.4654
      Metrics/motion/error_body_lin_vel: 1.2038
        Episode_Reward/failure_terminal: -10.0000
      Episode_Termination/segment_trial: 0.0000
         Metrics/motion/error_joint_vel: 25.2511
         Episode_Reward/self_collisions: -0.6444
         Episode_Termination/anchor_ori: 0.1111
          Metrics/motion/error_body_rot: 0.7240
Metrics/motion/sampling_rank_saturation_fraction: 0.0000
         Episode_Reward/motion_body_ori: 0.0580
        Metrics/motion/sampling_entropy: 0.9095
Metrics/motion/sampling_unit_effective_count: 624.0341
      Metrics/motion/error_body_ang_vel: 6.4148
          Metrics/motion/error_body_pos: 0.1538
    Metrics/motion/segment_failure_rate: 1.0000
 Metrics/motion/segment_censored_resets: 0.0000
  Episode_Reward/motion_global_root_pos: 0.1036
        Metrics/motion/error_anchor_pos: 0.2079
      Metrics/motion/sampling_top1_prob: 0.0164
   Metrics/motion/sampling_clip_entropy: 0.9287
        Episode_Termination/ee_body_pos: 1.0000
         Episode_Termination/anchor_pos: 0.0000
         Episode_Reward/motion_body_pos: 0.2286
Metrics/motion/segment_invalid_start_count: 0.0000
 Metrics/motion/sampling_clip_top1_prob: 0.0172
         Metrics/motion/bank_clip_count: 800.0000
         Metrics/motion/error_joint_pos: 2.0016
Metrics/motion/segment_invalid_reference_frame_count: 0.0000
Metrics/motion/sampling_adaptation_total_variation: 0.0000
       Metrics/motion/sampling_top1_bin: 0.4167
             Episode_Reward/joint_limit: -0.0825
    Metrics/motion/error_anchor_ang_vel: 3.1789
  Episode_Reward/motion_global_root_ori: 0.0677
--------------------------------------------------------------------------------
                         Iteration time: 0.27s
                           Time elapsed: 0:00:02
                                    ETA: 0:00:06

################################################################################
[1m                            Learning iteration 5/20                             [0m 

                               Run name: policy_A_smoke_s41
                            Total steps: 1152 
                       Steps per second: 790 
                        Collection time: 0.207s 
                          Learning time: 0.036s 
                        Mean value loss: 25.1514
                    Mean surrogate loss: -0.1105
                      Mean entropy loss: 41.1473
                            Mean reward: -12.81
                    Mean episode length: 18.40
                        Mean action std: 1.00
          Episode_Reward/action_rate_l2: -1.8206
    Metrics/motion/error_anchor_lin_vel: 0.7302
     Episode_Reward/motion_body_lin_vel: 0.1170
     Episode_Reward/motion_body_ang_vel: 0.0079
        Metrics/motion/error_anchor_rot: 0.6531
      Metrics/motion/error_body_lin_vel: 1.1159
        Episode_Reward/failure_terminal: -10.0000
      Episode_Termination/segment_trial: 0.0000
         Metrics/motion/error_joint_vel: 24.3371
         Episode_Reward/self_collisions: -2.0125
         Episode_Termination/anchor_ori: 0.0000
          Metrics/motion/error_body_rot: 0.7739
Metrics/motion/sampling_rank_saturation_fraction: 0.0000
         Episode_Reward/motion_body_ori: 0.0584
        Metrics/motion/sampling_entropy: 0.9095
Metrics/motion/sampling_unit_effective_count: 624.0341
      Metrics/motion/error_body_ang_vel: 6.9248
          Metrics/motion/error_body_pos: 0.1639
    Metrics/motion/segment_failure_rate: 1.0000
 Metrics/motion/segment_censored_resets: 0.0000
  Episode_Reward/motion_global_root_pos: 0.1295
        Metrics/motion/error_anchor_pos: 0.1719
      Metrics/motion/sampling_top1_prob: 0.0164
   Metrics/motion/sampling_clip_entropy: 0.9287
        Episode_Termination/ee_body_pos: 1.3750
         Episode_Termination/anchor_pos: 0.0000
         Episode_Reward/motion_body_pos: 0.2524
Metrics/motion/segment_invalid_start_count: 0.0000
 Metrics/motion/sampling_clip_top1_prob: 0.0172
         Metrics/motion/bank_clip_count: 800.0000
         Metrics/motion/error_joint_pos: 2.1685
Metrics/motion/segment_invalid_reference_frame_count: 0.0000
Metrics/motion/sampling_adaptation_total_variation: 0.0000
       Metrics/motion/sampling_top1_bin: 0.4167
             Episode_Reward/joint_limit: -0.1004
    Metrics/motion/error_anchor_ang_vel: 3.5390
  Episode_Reward/motion_global_root_ori: 0.0642
--------------------------------------------------------------------------------
                         Iteration time: 0.24s
                           Time elapsed: 0:00:02
                                    ETA: 0:00:05

################################################################################
[1m                            Learning iteration 6/20                             [0m 

                               Run name: policy_A_smoke_s41
                            Total steps: 1344 
                       Steps per second: 793 
                        Collection time: 0.206s 
                          Learning time: 0.035s 
                        Mean value loss: 13.9868
                    Mean surrogate loss: -0.1069
                      Mean entropy loss: 41.1531
                            Mean reward: -13.05
                    Mean episode length: 18.92
                        Mean action std: 1.00
          Episode_Reward/action_rate_l2: -2.5674
    Metrics/motion/error_anchor_lin_vel: 1.4490
     Episode_Reward/motion_body_lin_vel: 0.1684
     Episode_Reward/motion_body_ang_vel: 0.0113
        Metrics/motion/error_anchor_rot: 0.6397
      Metrics/motion/error_body_lin_vel: 1.5002
        Episode_Reward/failure_terminal: -10.0000
      Episode_Termination/segment_trial: 0.0000
         Metrics/motion/error_joint_vel: 25.3490
         Episode_Reward/self_collisions: -2.8500
         Episode_Termination/anchor_ori: 0.0000
          Metrics/motion/error_body_rot: 0.6480
Metrics/motion/sampling_rank_saturation_fraction: 0.0000
         Episode_Reward/motion_body_ori: 0.1101
        Metrics/motion/sampling_entropy: 0.9095
Metrics/motion/sampling_unit_effective_count: 624.0341
      Metrics/motion/error_body_ang_vel: 6.8422
          Metrics/motion/error_body_pos: 0.2349
    Metrics/motion/segment_failure_rate: 1.0000
 Metrics/motion/segment_censored_resets: 0.0000
  Episode_Reward/motion_global_root_pos: 0.1639
        Metrics/motion/error_anchor_pos: 0.3379
      Metrics/motion/sampling_top1_prob: 0.0164
   Metrics/motion/sampling_clip_entropy: 0.9287
        Episode_Termination/ee_body_pos: 1.1667
         Episode_Termination/anchor_pos: 0.3333
         Episode_Reward/motion_body_pos: 0.3487
Metrics/motion/segment_invalid_start_count: 0.0000
 Metrics/motion/sampling_clip_top1_prob: 0.0172
         Metrics/motion/bank_clip_count: 800.0000
         Metrics/motion/error_joint_pos: 1.4724
Metrics/motion/segment_invalid_reference_frame_count: 0.0000
Metrics/motion/sampling_adaptation_total_variation: 0.0000
       Metrics/motion/sampling_top1_bin: 0.4167
             Episode_Reward/joint_limit: -0.1284
    Metrics/motion/error_anchor_ang_vel: 2.4163
  Episode_Reward/motion_global_root_ori: 0.0839
--------------------------------------------------------------------------------
                         Iteration time: 0.24s
                           Time elapsed: 0:00:02
                                    ETA: 0:00:05

################################################################################
[1m                            Learning iteration 7/20                             [0m 

                               Run name: policy_A_smoke_s41
                            Total steps: 1536 
                       Steps per second: 649 
                        Collection time: 0.250s 
                          Learning time: 0.045s 
                        Mean value loss: 15.8529
                    Mean surrogate loss: -0.1027
                      Mean entropy loss: 41.1546
                            Mean reward: -13.16
                    Mean episode length: 19.51
                        Mean action std: 1.00
          Episode_Reward/action_rate_l2: -2.6703
    Metrics/motion/error_anchor_lin_vel: 1.2346
     Episode_Reward/motion_body_lin_vel: 0.1817
     Episode_Reward/motion_body_ang_vel: 0.0121
        Metrics/motion/error_anchor_rot: 0.6121
      Metrics/motion/error_body_lin_vel: 1.2404
        Episode_Reward/failure_terminal: -10.0000
      Episode_Termination/segment_trial: 0.0000
         Metrics/motion/error_joint_vel: 23.2731
         Episode_Reward/self_collisions: -1.7429
         Episode_Termination/anchor_ori: 0.0000
          Metrics/motion/error_body_rot: 0.7111
Metrics/motion/sampling_rank_saturation_fraction: 0.0000
         Episode_Reward/motion_body_ori: 0.0859
        Metrics/motion/sampling_entropy: 0.9095
Metrics/motion/sampling_unit_effective_count: 624.0341
      Metrics/motion/error_body_ang_vel: 6.6678
          Metrics/motion/error_body_pos: 0.1945
    Metrics/motion/segment_failure_rate: 1.0000
 Metrics/motion/segment_censored_resets: 0.0000
  Episode_Reward/motion_global_root_pos: 0.1679
        Metrics/motion/error_anchor_pos: 0.2756
      Metrics/motion/sampling_top1_prob: 0.0164
   Metrics/motion/sampling_clip_entropy: 0.9287
        Episode_Termination/ee_body_pos: 0.8571
         Episode_Termination/anchor_pos: 0.2857
         Episode_Reward/motion_body_pos: 0.3731
Metrics/motion/segment_invalid_start_count: 0.0000
 Metrics/motion/sampling_clip_top1_prob: 0.0172
         Metrics/motion/bank_clip_count: 800.0001
         Metrics/motion/error_joint_pos: 1.6669
Metrics/motion/segment_invalid_reference_frame_count: 0.0000
Metrics/motion/sampling_adaptation_total_variation: 0.0000
       Metrics/motion/sampling_top1_bin: 0.4167
             Episode_Reward/joint_limit: -0.1113
    Metrics/motion/error_anchor_ang_vel: 4.6054
  Episode_Reward/motion_global_root_ori: 0.1167
--------------------------------------------------------------------------------
                         Iteration time: 0.30s
                           Time elapsed: 0:00:02
                                    ETA: 0:00:04

################################################################################
[1m                            Learning iteration 8/20                             [0m 

                               Run name: policy_A_smoke_s41
                            Total steps: 1728 
                       Steps per second: 648 
                        Collection time: 0.258s 
                          Learning time: 0.038s 
                        Mean value loss: 14.5976
                    Mean surrogate loss: -0.1041
                      Mean entropy loss: 41.1561
                            Mean reward: -13.18
                    Mean episode length: 20.21
                        Mean action std: 1.00
          Episode_Reward/action_rate_l2: -3.2205
    Metrics/motion/error_anchor_lin_vel: 1.1025
     Episode_Reward/motion_body_lin_vel: 0.2504
     Episode_Reward/motion_body_ang_vel: 0.0215
        Metrics/motion/error_anchor_rot: 0.6677
      Metrics/motion/error_body_lin_vel: 1.1225
        Episode_Reward/failure_terminal: -10.0000
      Episode_Termination/segment_trial: 0.0000
         Metrics/motion/error_joint_vel: 21.2017
         Episode_Reward/self_collisions: -1.4571
         Episode_Termination/anchor_ori: 0.0000
          Metrics/motion/error_body_rot: 0.6732
Metrics/motion/sampling_rank_saturation_fraction: 0.0000
         Episode_Reward/motion_body_ori: 0.0945
        Metrics/motion/sampling_entropy: 0.9095
Metrics/motion/sampling_unit_effective_count: 624.0341
      Metrics/motion/error_body_ang_vel: 5.7686
          Metrics/motion/error_body_pos: 0.1920
    Metrics/motion/segment_failure_rate: 1.0000
 Metrics/motion/segment_censored_resets: 0.0000
  Episode_Reward/motion_global_root_pos: 0.2091
        Metrics/motion/error_anchor_pos: 0.2825
      Metrics/motion/sampling_top1_prob: 0.0164
   Metrics/motion/sampling_clip_entropy: 0.9287
        Episode_Termination/ee_body_pos: 1.2857
         Episode_Termination/anchor_pos: 0.0000
         Episode_Reward/motion_body_pos: 0.4401
Metrics/motion/segment_invalid_start_count: 0.0000
 Metrics/motion/sampling_clip_top1_prob: 0.0172
         Metrics/motion/bank_clip_count: 800.0001
         Metrics/motion/error_joint_pos: 1.6628
Metrics/motion/segment_invalid_reference_frame_count: 0.0000
Metrics/motion/sampling_adaptation_total_variation: 0.0000
       Metrics/motion/sampling_top1_bin: 0.4167
             Episode_Reward/joint_limit: -0.1673
    Metrics/motion/error_anchor_ang_vel: 3.8099
  Episode_Reward/motion_global_root_ori: 0.0899
--------------------------------------------------------------------------------
                         Iteration time: 0.30s
                           Time elapsed: 0:00:03
                                    ETA: 0:00:04

################################################################################
[1m                            Learning iteration 9/20                             [0m 

                               Run name: policy_A_smoke_s41
                            Total steps: 1920 
                       Steps per second: 632 
                        Collection time: 0.250s 
                          Learning time: 0.053s 
                        Mean value loss: 14.6330
                    Mean surrogate loss: -0.0996
                      Mean entropy loss: 41.1581
                            Mean reward: -13.28
                    Mean episode length: 20.59
                        Mean action std: 1.00
          Episode_Reward/action_rate_l2: -2.9654
    Metrics/motion/error_anchor_lin_vel: 1.3234
     Episode_Reward/motion_body_lin_vel: 0.2188
     Episode_Reward/motion_body_ang_vel: 0.0147
        Metrics/motion/error_anchor_rot: 0.7112
      Metrics/motion/error_body_lin_vel: 1.2314
        Episode_Reward/failure_terminal: -10.0000
      Episode_Termination/segment_trial: 0.0000
         Metrics/motion/error_joint_vel: 23.0213
         Episode_Reward/self_collisions: -2.4500
         Episode_Termination/anchor_ori: 0.0000
          Metrics/motion/error_body_rot: 0.7455
Metrics/motion/sampling_rank_saturation_fraction: 0.0000
         Episode_Reward/motion_body_ori: 0.0867
        Metrics/motion/sampling_entropy: 0.9095
Metrics/motion/sampling_unit_effective_count: 624.0341
      Metrics/motion/error_body_ang_vel: 6.8025
          Metrics/motion/error_body_pos: 0.2026
    Metrics/motion/segment_failure_rate: 1.0000
 Metrics/motion/segment_censored_resets: 0.0000
  Episode_Reward/motion_global_root_pos: 0.1832
        Metrics/motion/error_anchor_pos: 0.2856
      Metrics/motion/sampling_top1_prob: 0.0164
   Metrics/motion/sampling_clip_entropy: 0.9287
        Episode_Termination/ee_body_pos: 1.0000
         Episode_Termination/anchor_pos: 0.1667
         Episode_Reward/motion_body_pos: 0.4015
Metrics/motion/segment_invalid_start_count: 0.0000
 Metrics/motion/sampling_clip_top1_prob: 0.0172
         Metrics/motion/bank_clip_count: 800.0000
         Metrics/motion/error_joint_pos: 1.9324
Metrics/motion/segment_invalid_reference_frame_count: 0.0000
Metrics/motion/sampling_adaptation_total_variation: 0.0000
       Metrics/motion/sampling_top1_bin: 0.4167
             Episode_Reward/joint_limit: -0.1462
    Metrics/motion/error_anchor_ang_vel: 3.5969
  Episode_Reward/motion_global_root_ori: 0.0804
--------------------------------------------------------------------------------
                         Iteration time: 0.30s
                           Time elapsed: 0:00:03
                                    ETA: 0:00:03

################################################################################
[1m                            Learning iteration 10/20                            [0m 

                               Run name: policy_A_smoke_s41
                            Total steps: 2112 
                       Steps per second: 415 
                        Collection time: 0.404s 
                          Learning time: 0.058s 
                        Mean value loss: 9.5785
                    Mean surrogate loss: -0.1003
                      Mean entropy loss: 41.1540
                            Mean reward: -13.23
                    Mean episode length: 20.82
                        Mean action std: 1.00
          Episode_Reward/action_rate_l2: -2.5957
    Metrics/motion/error_anchor_lin_vel: 0.8522
     Episode_Reward/motion_body_lin_vel: 0.1866
     Episode_Reward/motion_body_ang_vel: 0.0107
        Metrics/motion/error_anchor_rot: 0.7477
      Metrics/motion/error_body_lin_vel: 1.1643
        Episode_Reward/failure_terminal: -8.5714
      Episode_Termination/segment_trial: 0.1429
         Metrics/motion/error_joint_vel: 24.1992
         Episode_Reward/self_collisions: -2.0857
         Episode_Termination/anchor_ori: 0.0000
          Metrics/motion/error_body_rot: 0.7244
Metrics/motion/sampling_rank_saturation_fraction: 0.0000
         Episode_Reward/motion_body_ori: 0.0941
        Metrics/motion/sampling_entropy: 0.9095
Metrics/motion/sampling_unit_effective_count: 624.0341
      Metrics/motion/error_body_ang_vel: 7.2869
          Metrics/motion/error_body_pos: 0.1954
    Metrics/motion/segment_failure_rate: 1.0000
 Metrics/motion/segment_censored_resets: 0.0000
  Episode_Reward/motion_global_root_pos: 0.1774
        Metrics/motion/error_anchor_pos: 0.2371
      Metrics/motion/sampling_top1_prob: 0.0164
   Metrics/motion/sampling_clip_entropy: 0.9287
        Episode_Termination/ee_body_pos: 1.0000
         Episode_Termination/anchor_pos: 0.1429
         Episode_Reward/motion_body_pos: 0.3622
Metrics/motion/segment_invalid_start_count: 0.0000
 Metrics/motion/sampling_clip_top1_prob: 0.0172
         Metrics/motion/bank_clip_count: 800.0001
         Metrics/motion/error_joint_pos: 1.8842
Metrics/motion/segment_invalid_reference_frame_count: 0.0000
Metrics/motion/sampling_adaptation_total_variation: 0.0000
       Metrics/motion/sampling_top1_bin: 0.4167
             Episode_Reward/joint_limit: -0.1677
    Metrics/motion/error_anchor_ang_vel: 4.1911
  Episode_Reward/motion_global_root_ori: 0.0916
--------------------------------------------------------------------------------
                         Iteration time: 0.46s
                           Time elapsed: 0:00:04
                                    ETA: 0:00:03

################################################################################
[1m                            Learning iteration 11/20                            [0m 

                               Run name: policy_A_smoke_s41
                            Total steps: 2304 
                       Steps per second: 356 
                        Collection time: 0.481s 
                          Learning time: 0.058s 
                        Mean value loss: 15.8863
                    Mean surrogate loss: -0.1097
                      Mean entropy loss: 41.1515
                            Mean reward: -13.25
                    Mean episode length: 20.93
                        Mean action std: 1.00
          Episode_Reward/action_rate_l2: -1.7657
    Metrics/motion/error_anchor_lin_vel: 0.9254
     Episode_Reward/motion_body_lin_vel: 0.1098
     Episode_Reward/motion_body_ang_vel: 0.0065
        Metrics/motion/error_anchor_rot: 0.5035
      Metrics/motion/error_body_lin_vel: 1.1286
        Episode_Reward/failure_terminal: -10.0000
      Episode_Termination/segment_trial: 0.0000
         Metrics/motion/error_joint_vel: 23.3417
         Episode_Reward/self_collisions: -1.0333
         Episode_Termination/anchor_ori: 0.0000
          Metrics/motion/error_body_rot: 0.6905
Metrics/motion/sampling_rank_saturation_fraction: 0.0000
         Episode_Reward/motion_body_ori: 0.0747
        Metrics/motion/sampling_entropy: 0.9095
Metrics/motion/sampling_unit_effective_count: 624.0341
      Metrics/motion/error_body_ang_vel: 6.4902
          Metrics/motion/error_body_pos: 0.1785
    Metrics/motion/segment_failure_rate: 0.9903
 Metrics/motion/segment_censored_resets: 0.0000
  Episode_Reward/motion_global_root_pos: 0.1218
        Metrics/motion/error_anchor_pos: 0.2025
      Metrics/motion/sampling_top1_prob: 0.0164
   Metrics/motion/sampling_clip_entropy: 0.9287
        Episode_Termination/ee_body_pos: 1.0833
         Episode_Termination/anchor_pos: 0.1667
         Episode_Reward/motion_body_pos: 0.2514
Metrics/motion/segment_invalid_start_count: 0.0000
 Metrics/motion/sampling_clip_top1_prob: 0.0172
         Metrics/motion/bank_clip_count: 800.0000
         Metrics/motion/error_joint_pos: 1.7947
Metrics/motion/segment_invalid_reference_frame_count: 0.0000
Metrics/motion/sampling_adaptation_total_variation: 0.0000
       Metrics/motion/sampling_top1_bin: 0.4167
             Episode_Reward/joint_limit: -0.0854
    Metrics/motion/error_anchor_ang_vel: 4.3927
  Episode_Reward/motion_global_root_ori: 0.0804
--------------------------------------------------------------------------------
                         Iteration time: 0.54s
                           Time elapsed: 0:00:04
                                    ETA: 0:00:03

################################################################################
[1m                            Learning iteration 12/20                            [0m 

                               Run name: policy_A_smoke_s41
                            Total steps: 2496 
                       Steps per second: 354 
                        Collection time: 0.485s 
                          Learning time: 0.056s 
                        Mean value loss: 10.7264
                    Mean surrogate loss: -0.0983
                      Mean entropy loss: 41.1505
                            Mean reward: -13.05
                    Mean episode length: 19.84
                        Mean action std: 1.00
          Episode_Reward/action_rate_l2: -1.5916
    Metrics/motion/error_anchor_lin_vel: 1.2615
     Episode_Reward/motion_body_lin_vel: 0.0797
     Episode_Reward/motion_body_ang_vel: 0.0045
        Metrics/motion/error_anchor_rot: 0.5824
      Metrics/motion/error_body_lin_vel: 1.4346
        Episode_Reward/failure_terminal: -10.0000
      Episode_Termination/segment_trial: 0.0000
         Metrics/motion/error_joint_vel: 22.8440
         Episode_Reward/self_collisions: -0.5364
         Episode_Termination/anchor_ori: 0.0000
          Metrics/motion/error_body_rot: 0.7757
Metrics/motion/sampling_rank_saturation_fraction: 0.0000
         Episode_Reward/motion_body_ori: 0.0552
        Metrics/motion/sampling_entropy: 0.9095
Metrics/motion/sampling_unit_effective_count: 624.0341
      Metrics/motion/error_body_ang_vel: 6.9196
          Metrics/motion/error_body_pos: 0.1889
    Metrics/motion/segment_failure_rate: 0.9914
 Metrics/motion/segment_censored_resets: 0.0000
  Episode_Reward/motion_global_root_pos: 0.1106
        Metrics/motion/error_anchor_pos: 0.2113
      Metrics/motion/sampling_top1_prob: 0.0164
   Metrics/motion/sampling_clip_entropy: 0.9287
        Episode_Termination/ee_body_pos: 1.0000
         Episode_Termination/anchor_pos: 0.1818
         Episode_Reward/motion_body_pos: 0.2192
Metrics/motion/segment_invalid_start_count: 0.0000
 Metrics/motion/sampling_clip_top1_prob: 0.0172
         Metrics/motion/bank_clip_count: 800.0000
         Metrics/motion/error_joint_pos: 2.1844
Metrics/motion/segment_invalid_reference_frame_count: 0.0000
Metrics/motion/sampling_adaptation_total_variation: 0.0000
       Metrics/motion/sampling_top1_bin: 0.4167
             Episode_Reward/joint_limit: -0.0718
    Metrics/motion/error_anchor_ang_vel: 3.2611
  Episode_Reward/motion_global_root_ori: 0.0631
--------------------------------------------------------------------------------
                         Iteration time: 0.54s
                           Time elapsed: 0:00:05
                                    ETA: 0:00:02

################################################################################
[1m                            Learning iteration 13/20                            [0m 

                               Run name: policy_A_smoke_s41
                            Total steps: 2688 
                       Steps per second: 683 
                        Collection time: 0.245s 
                          Learning time: 0.036s 
                        Mean value loss: 4.5528
                    Mean surrogate loss: -0.0951
                      Mean entropy loss: 41.1493
                            Mean reward: -13.19
                    Mean episode length: 20.36
                        Mean action std: 1.00
          Episode_Reward/action_rate_l2: -3.0545
    Metrics/motion/error_anchor_lin_vel: 1.0879
     Episode_Reward/motion_body_lin_vel: 0.1961
     Episode_Reward/motion_body_ang_vel: 0.0128
        Metrics/motion/error_anchor_rot: 0.9804
      Metrics/motion/error_body_lin_vel: 1.2954
        Episode_Reward/failure_terminal: -10.0000
      Episode_Termination/segment_trial: 0.0000
         Metrics/motion/error_joint_vel: 26.0633
         Episode_Reward/self_collisions: -2.2667
         Episode_Termination/anchor_ori: 0.3333
          Metrics/motion/error_body_rot: 0.9905
Metrics/motion/sampling_rank_saturation_fraction: 0.0000
         Episode_Reward/motion_body_ori: 0.0987
        Metrics/motion/sampling_entropy: 0.9095
Metrics/motion/sampling_unit_effective_count: 624.0341
      Metrics/motion/error_body_ang_vel: 7.7575
          Metrics/motion/error_body_pos: 0.2453
    Metrics/motion/segment_failure_rate: 0.9920
 Metrics/motion/segment_censored_resets: 0.0000
  Episode_Reward/motion_global_root_pos: 0.1838
        Metrics/motion/error_anchor_pos: 0.3034
      Metrics/motion/sampling_top1_prob: 0.0164
   Metrics/motion/sampling_clip_entropy: 0.9287
        Episode_Termination/ee_body_pos: 1.0000
         Episode_Termination/anchor_pos: 0.0000
         Episode_Reward/motion_body_pos: 0.3951
Metrics/motion/segment_invalid_start_count: 0.0000
 Metrics/motion/sampling_clip_top1_prob: 0.0172
         Metrics/motion/bank_clip_count: 800.0000
         Metrics/motion/error_joint_pos: 2.4198
Metrics/motion/segment_invalid_reference_frame_count: 0.0000
Metrics/motion/sampling_adaptation_total_variation: 0.0000
       Metrics/motion/sampling_top1_bin: 0.4167
             Episode_Reward/joint_limit: -0.3464
    Metrics/motion/error_anchor_ang_vel: 4.5635
  Episode_Reward/motion_global_root_ori: 0.0883
--------------------------------------------------------------------------------
                         Iteration time: 0.28s
                           Time elapsed: 0:00:05
                                    ETA: 0:00:02

################################################################################
[1m                            Learning iteration 14/20                            [0m 

                               Run name: policy_A_smoke_s41
                            Total steps: 2880 
                       Steps per second: 587 
                        Collection time: 0.271s 
                          Learning time: 0.056s 
                        Mean value loss: 4.7926
                    Mean surrogate loss: -0.0978
                      Mean entropy loss: 41.1489
                            Mean reward: -13.15
                    Mean episode length: 20.55
                        Mean action std: 1.00
          Episode_Reward/action_rate_l2: -2.5812
    Metrics/motion/error_anchor_lin_vel: 1.2227
     Episode_Reward/motion_body_lin_vel: 0.1911
     Episode_Reward/motion_body_ang_vel: 0.0124
        Metrics/motion/error_anchor_rot: 0.7184
      Metrics/motion/error_body_lin_vel: 1.3434
        Episode_Reward/failure_terminal: -9.0000
      Episode_Termination/segment_trial: 0.1000
         Metrics/motion/error_joint_vel: 24.8993
         Episode_Reward/self_collisions: -2.0800
         Episode_Termination/anchor_ori: 0.1000
          Metrics/motion/error_body_rot: 0.8425
Metrics/motion/sampling_rank_saturation_fraction: 0.0000
         Episode_Reward/motion_body_ori: 0.0813
        Metrics/motion/sampling_entropy: 0.9095
Metrics/motion/sampling_unit_effective_count: 624.0341
      Metrics/motion/error_body_ang_vel: 7.5622
          Metrics/motion/error_body_pos: 0.2156
    Metrics/motion/segment_failure_rate: 0.9917
 Metrics/motion/segment_censored_resets: 0.0000
  Episode_Reward/motion_global_root_pos: 0.1659
        Metrics/motion/error_anchor_pos: 0.2845
      Metrics/motion/sampling_top1_prob: 0.0164
   Metrics/motion/sampling_clip_entropy: 0.9287
        Episode_Termination/ee_body_pos: 0.8000
         Episode_Termination/anchor_pos: 0.2000
         Episode_Reward/motion_body_pos: 0.3584
Metrics/motion/segment_invalid_start_count: 0.0000
 Metrics/motion/sampling_clip_top1_prob: 0.0172
         Metrics/motion/bank_clip_count: 800.0000
         Metrics/motion/error_joint_pos: 2.0570
Metrics/motion/segment_invalid_reference_frame_count: 0.0000
Metrics/motion/sampling_adaptation_total_variation: 0.0000
       Metrics/motion/sampling_top1_bin: 0.4167
             Episode_Reward/joint_limit: -0.1106
    Metrics/motion/error_anchor_ang_vel: 4.2506
  Episode_Reward/motion_global_root_ori: 0.0875
--------------------------------------------------------------------------------
                         Iteration time: 0.33s
                           Time elapsed: 0:00:05
                                    ETA: 0:00:01

################################################################################
[1m                            Learning iteration 15/20                            [0m 

                               Run name: policy_A_smoke_s41
                            Total steps: 3072 
                       Steps per second: 441 
                        Collection time: 0.372s 
                          Learning time: 0.062s 
                        Mean value loss: 3.7470
                    Mean surrogate loss: -0.1003
                      Mean entropy loss: 41.1487
                            Mean reward: -13.22
                    Mean episode length: 21.13
                        Mean action std: 1.00
          Episode_Reward/action_rate_l2: -2.7468
    Metrics/motion/error_anchor_lin_vel: 1.3340
     Episode_Reward/motion_body_lin_vel: 0.1860
     Episode_Reward/motion_body_ang_vel: 0.0140
        Metrics/motion/error_anchor_rot: 0.5072
      Metrics/motion/error_body_lin_vel: 1.3214
        Episode_Reward/failure_terminal: -10.0000
      Episode_Termination/segment_trial: 0.0000
         Metrics/motion/error_joint_vel: 26.0896
         Episode_Reward/self_collisions: -1.2667
         Episode_Termination/anchor_ori: 0.0000
          Metrics/motion/error_body_rot: 0.7846
Metrics/motion/sampling_rank_saturation_fraction: 0.0000
         Episode_Reward/motion_body_ori: 0.0912
        Metrics/motion/sampling_entropy: 0.9095
Metrics/motion/sampling_unit_effective_count: 624.0341
      Metrics/motion/error_body_ang_vel: 6.9052
          Metrics/motion/error_body_pos: 0.2324
    Metrics/motion/segment_failure_rate: 0.9858
 Metrics/motion/segment_censored_resets: 0.0000
  Episode_Reward/motion_global_root_pos: 0.1519
        Metrics/motion/error_anchor_pos: 0.3840
      Metrics/motion/sampling_top1_prob: 0.0164
   Metrics/motion/sampling_clip_entropy: 0.9287
        Episode_Termination/ee_body_pos: 0.8333
         Episode_Termination/anchor_pos: 0.3333
         Episode_Reward/motion_body_pos: 0.3743
Metrics/motion/segment_invalid_start_count: 0.0000
 Metrics/motion/sampling_clip_top1_prob: 0.0172
         Metrics/motion/bank_clip_count: 800.0000
         Metrics/motion/error_joint_pos: 1.7639
Metrics/motion/segment_invalid_reference_frame_count: 0.0000
Metrics/motion/sampling_adaptation_total_variation: 0.0000
       Metrics/motion/sampling_top1_bin: 0.4167
             Episode_Reward/joint_limit: -0.1949
    Metrics/motion/error_anchor_ang_vel: 4.8218
  Episode_Reward/motion_global_root_ori: 0.1217
--------------------------------------------------------------------------------
                         Iteration time: 0.43s
                           Time elapsed: 0:00:06
                                    ETA: 0:00:01

################################################################################
[1m                            Learning iteration 16/20                            [0m 

                               Run name: policy_A_smoke_s41
                            Total steps: 3264 
                       Steps per second: 389 
                        Collection time: 0.429s 
                          Learning time: 0.064s 
                        Mean value loss: 5.0467
                    Mean surrogate loss: -0.0979
                      Mean entropy loss: 41.1514
                            Mean reward: -13.15
                    Mean episode length: 21.62
                        Mean action std: 1.00
          Episode_Reward/action_rate_l2: -3.0144
    Metrics/motion/error_anchor_lin_vel: 1.0409
     Episode_Reward/motion_body_lin_vel: 0.2284
     Episode_Reward/motion_body_ang_vel: 0.0150
        Metrics/motion/error_anchor_rot: 0.9323
      Metrics/motion/error_body_lin_vel: 1.1764
        Episode_Reward/failure_terminal: -8.7500
      Episode_Termination/segment_trial: 0.1250
         Metrics/motion/error_joint_vel: 25.5355
         Episode_Reward/self_collisions: -2.1000
         Episode_Termination/anchor_ori: 0.0000
          Metrics/motion/error_body_rot: 0.7377
Metrics/motion/sampling_rank_saturation_fraction: 0.0000
         Episode_Reward/motion_body_ori: 0.1013
        Metrics/motion/sampling_entropy: 0.9095
Metrics/motion/sampling_unit_effective_count: 624.0341
      Metrics/motion/error_body_ang_vel: 6.9755
          Metrics/motion/error_body_pos: 0.1950
    Metrics/motion/segment_failure_rate: 0.9839
 Metrics/motion/segment_censored_resets: 0.0000
  Episode_Reward/motion_global_root_pos: 0.2053
        Metrics/motion/error_anchor_pos: 0.2270
      Metrics/motion/sampling_top1_prob: 0.0164
   Metrics/motion/sampling_clip_entropy: 0.9287
        Episode_Termination/ee_body_pos: 0.8750
         Episode_Termination/anchor_pos: 0.0000
         Episode_Reward/motion_body_pos: 0.4116
Metrics/motion/segment_invalid_start_count: 0.0000
 Metrics/motion/sampling_clip_top1_prob: 0.0172
         Metrics/motion/bank_clip_count: 800.0000
         Metrics/motion/error_joint_pos: 1.8246
Metrics/motion/segment_invalid_reference_frame_count: 0.0000
Metrics/motion/sampling_adaptation_total_variation: 0.0000
       Metrics/motion/sampling_top1_bin: 0.4167
             Episode_Reward/joint_limit: -0.1828
    Metrics/motion/error_anchor_ang_vel: 3.7752
  Episode_Reward/motion_global_root_ori: 0.0954
--------------------------------------------------------------------------------
                         Iteration time: 0.49s
                           Time elapsed: 0:00:06
                                    ETA: 0:00:01

################################################################################
[1m                            Learning iteration 17/20                            [0m 

                               Run name: policy_A_smoke_s41
                            Total steps: 3456 
                       Steps per second: 388 
                        Collection time: 0.437s 
                          Learning time: 0.057s 
                        Mean value loss: 4.8140
                    Mean surrogate loss: -0.0973
                      Mean entropy loss: 41.1564
                            Mean reward: -13.09
                    Mean episode length: 22.13
                        Mean action std: 1.00
          Episode_Reward/action_rate_l2: -2.5501
    Metrics/motion/error_anchor_lin_vel: 1.1933
     Episode_Reward/motion_body_lin_vel: 0.1691
     Episode_Reward/motion_body_ang_vel: 0.0122
        Metrics/motion/error_anchor_rot: 0.6772
      Metrics/motion/error_body_lin_vel: 1.3016
        Episode_Reward/failure_terminal: -10.0000
      Episode_Termination/segment_trial: 0.0000
         Metrics/motion/error_joint_vel: 23.4606
         Episode_Reward/self_collisions: -1.4111
         Episode_Termination/anchor_ori: 0.0000
          Metrics/motion/error_body_rot: 0.8004
Metrics/motion/sampling_rank_saturation_fraction: 0.0000
         Episode_Reward/motion_body_ori: 0.0893
        Metrics/motion/sampling_entropy: 0.9095
Metrics/motion/sampling_unit_effective_count: 624.0341
      Metrics/motion/error_body_ang_vel: 6.5801
          Metrics/motion/error_body_pos: 0.2201
    Metrics/motion/segment_failure_rate: 0.9809
 Metrics/motion/segment_censored_resets: 0.0000
  Episode_Reward/motion_global_root_pos: 0.1707
        Metrics/motion/error_anchor_pos: 0.2565
      Metrics/motion/sampling_top1_prob: 0.0164
   Metrics/motion/sampling_clip_entropy: 0.9287
        Episode_Termination/ee_body_pos: 0.8889
         Episode_Termination/anchor_pos: 0.2222
         Episode_Reward/motion_body_pos: 0.3278
Metrics/motion/segment_invalid_start_count: 0.0000
 Metrics/motion/sampling_clip_top1_prob: 0.0172
         Metrics/motion/bank_clip_count: 800.0000
         Metrics/motion/error_joint_pos: 1.6844
Metrics/motion/segment_invalid_reference_frame_count: 0.0000
Metrics/motion/sampling_adaptation_total_variation: 0.0000
       Metrics/motion/sampling_top1_bin: 0.4167
             Episode_Reward/joint_limit: -0.1259
    Metrics/motion/error_anchor_ang_vel: 3.5560
  Episode_Reward/motion_global_root_ori: 0.0841
--------------------------------------------------------------------------------
                         Iteration time: 0.49s
                           Time elapsed: 0:00:07
                                    ETA: 0:00:00

################################################################################
[1m                            Learning iteration 18/20                            [0m 

                               Run name: policy_A_smoke_s41
                            Total steps: 3648 
                       Steps per second: 380 
                        Collection time: 0.469s 
                          Learning time: 0.036s 
                        Mean value loss: 4.2927
                    Mean surrogate loss: -0.0947
                      Mean entropy loss: 41.1605
                            Mean reward: -12.82
                    Mean episode length: 20.82
                        Mean action std: 1.00
          Episode_Reward/action_rate_l2: -1.6904
    Metrics/motion/error_anchor_lin_vel: 1.1342
     Episode_Reward/motion_body_lin_vel: 0.0938
     Episode_Reward/motion_body_ang_vel: 0.0061
        Metrics/motion/error_anchor_rot: 0.4816
      Metrics/motion/error_body_lin_vel: 1.3635
        Episode_Reward/failure_terminal: -10.0000
      Episode_Termination/segment_trial: 0.0000
         Metrics/motion/error_joint_vel: 22.6647
         Episode_Reward/self_collisions: -1.0182
         Episode_Termination/anchor_ori: 0.0000
          Metrics/motion/error_body_rot: 0.6680
Metrics/motion/sampling_rank_saturation_fraction: 0.0000
         Episode_Reward/motion_body_ori: 0.0733
        Metrics/motion/sampling_entropy: 0.9095
Metrics/motion/sampling_unit_effective_count: 624.0341
      Metrics/motion/error_body_ang_vel: 6.6757
          Metrics/motion/error_body_pos: 0.1838
    Metrics/motion/segment_failure_rate: 0.9820
 Metrics/motion/segment_censored_resets: 0.0000
  Episode_Reward/motion_global_root_pos: 0.1124
        Metrics/motion/error_anchor_pos: 0.2211
      Metrics/motion/sampling_top1_prob: 0.0164
   Metrics/motion/sampling_clip_entropy: 0.9287
        Episode_Termination/ee_body_pos: 1.0000
         Episode_Termination/anchor_pos: 0.0000
         Episode_Reward/motion_body_pos: 0.2440
Metrics/motion/segment_invalid_start_count: 0.0000
 Metrics/motion/sampling_clip_top1_prob: 0.0172
         Metrics/motion/bank_clip_count: 800.0000
         Metrics/motion/error_joint_pos: 1.7857
Metrics/motion/segment_invalid_reference_frame_count: 0.0000
Metrics/motion/sampling_adaptation_total_variation: 0.0000
       Metrics/motion/sampling_top1_bin: 0.4167
             Episode_Reward/joint_limit: -0.0822
    Metrics/motion/error_anchor_ang_vel: 3.9734
  Episode_Reward/motion_global_root_ori: 0.0651
--------------------------------------------------------------------------------
                         Iteration time: 0.50s
                           Time elapsed: 0:00:07
                                    ETA: 0:00:00

################################################################################
[1m                            Learning iteration 19/20                            [0m 

                               Run name: policy_A_smoke_s41
                            Total steps: 3840 
                       Steps per second: 810 
                        Collection time: 0.198s 
                          Learning time: 0.039s 
                        Mean value loss: 3.5281
                    Mean surrogate loss: -0.1007
                      Mean entropy loss: 41.1578
                            Mean reward: -12.69
                    Mean episode length: 20.67
                        Mean action std: 1.00
          Episode_Reward/action_rate_l2: -2.3535
    Metrics/motion/error_anchor_lin_vel: 0.6956
     Episode_Reward/motion_body_lin_vel: 0.1844
     Episode_Reward/motion_body_ang_vel: 0.0118
        Metrics/motion/error_anchor_rot: 0.4966
      Metrics/motion/error_body_lin_vel: 1.0474
        Episode_Reward/failure_terminal: -8.8889
      Episode_Termination/segment_trial: 0.1111
         Metrics/motion/error_joint_vel: 24.5997
         Episode_Reward/self_collisions: -0.7333
         Episode_Termination/anchor_ori: 0.0000
          Metrics/motion/error_body_rot: 0.6144
Metrics/motion/sampling_rank_saturation_fraction: 0.0000
         Episode_Reward/motion_body_ori: 0.1179
        Metrics/motion/sampling_entropy: 0.9095
Metrics/motion/sampling_unit_effective_count: 624.0341
      Metrics/motion/error_body_ang_vel: 7.0470
          Metrics/motion/error_body_pos: 0.1478
    Metrics/motion/segment_failure_rate: 0.9806
 Metrics/motion/segment_censored_resets: 0.0000
  Episode_Reward/motion_global_root_pos: 0.1570
        Metrics/motion/error_anchor_pos: 0.1561
      Metrics/motion/sampling_top1_prob: 0.0164
   Metrics/motion/sampling_clip_entropy: 0.9287
        Episode_Termination/ee_body_pos: 1.0000
         Episode_Termination/anchor_pos: 0.0000
         Episode_Reward/motion_body_pos: 0.3432
Metrics/motion/segment_invalid_start_count: 0.0000
 Metrics/motion/sampling_clip_top1_prob: 0.0172
         Metrics/motion/bank_clip_count: 800.0000
         Metrics/motion/error_joint_pos: 1.7756
Metrics/motion/segment_invalid_reference_frame_count: 0.0000
Metrics/motion/sampling_adaptation_total_variation: 0.0000
       Metrics/motion/sampling_top1_bin: 0.4167
             Episode_Reward/joint_limit: -0.1265
    Metrics/motion/error_anchor_ang_vel: 4.4114
  Episode_Reward/motion_global_root_ori: 0.0812
--------------------------------------------------------------------------------
                         Iteration time: 0.24s
                           Time elapsed: 0:00:07
                                    ETA: 0:00:00

DONE rc=0 attempt=1 elapsed_s=21 gpu_hours=0.005833 baseline_vram_mib=972 peak_total_vram_mib=7304 peak_delta_mib=6332 2026-09-05T21:41:49-04:00
