LAUNCH attempt=1 free_mib=15915 util_pct=0 baseline_vram_mib=388 2026-09-05T21:44:07-04:00
[INFO] Training with: device=cuda:0, seed=41, rank=0
[INFO] Using local motion file: /home/linjiw/climb-feasibility-first/bank/amass/KIT_1229_flexion_with_help_02_poses_100_jpos.npz
[INFO] Logging experiment in directory: /home/linjiw/climb-feasibility-first/reports/relative_progress_2026-09-05/policy_smokes_gate_retry/D/g1_tracking/2026-09-05_21-44-10_policy_D_smoke_s41
Setting seed: 41
Warp 1.14.0 initialized:
   CUDA Toolkit 12.9, Driver 13.2
   Devices:
     "cpu"      : "x86_64"
     "cuda:0"   : "NVIDIA GeForce RTX 5080" (15 GiB, sm_120, mempool enabled)
   Kernel cache:
     /home/linjiw/.cache/warp/1.14.0
Module mujoco_warp._src.smooth e597d07 load on device 'cuda:0' took 1.97 ms  (cached)
Module _nxn_broadphase__locals__kernel_df6640ed df6640e load on device 'cuda:0' took 0.26 ms  (cached)
Module _primitive_narrowphase__locals__primitive_narrowphase_0d45ffc8 0d45ffc load on device 'cuda:0' took 0.41 ms  (cached)
Module mujoco_warp._src.constraint 880bd7f load on device 'cuda:0' took 0.20 ms  (cached)
Module _friction_dof__locals__kernel_196c77d2 196c77d load on device 'cuda:0' took 0.27 ms  (cached)
Module _limit_slide_hinge__locals__kernel_6e38514e 6e38514 load on device 'cuda:0' took 0.28 ms  (cached)
Module _efc_contact_init__locals__kernel_6eab31b8 6eab31b load on device 'cuda:0' took 0.26 ms  (cached)
Module _efc_contact_jac_sparse__locals__kernel_f9099d1d f9099d1 load on device 'cuda:0' took 0.24 ms  (cached)
Module _efc_contact_update__locals__kernel_8aad7bfd 8aad7bf load on device 'cuda:0' took 0.27 ms  (cached)
Module mujoco_warp._src.sensor 42e0a24 load on device 'cuda:0' took 1.56 ms  (cached)
Module mujoco_warp._src.forward 687ddb7 load on device 'cuda:0' took 0.70 ms  (cached)
Module mujoco_warp._src.passive 8ff6993 load on device 'cuda:0' took 0.97 ms  (cached)
Module mujoco_warp._src.forward 2190340 load on device 'cuda:0' took 0.78 ms  (cached)
Module _qfrc_smooth__locals__kernel_6eb3d958 6eb3d95 load on device 'cuda:0' took 0.22 ms  (cached)
Module mujoco_warp._src.support d1e71d9 load on device 'cuda:0' took 0.24 ms  (cached)
Module _tile_cholesky_factorize_solve_block__locals__kernel_beb64870 837cd89 load on device 'cuda:0' took 20.11 ms  (cached)
Module _solve_init_dof__locals__kernel_c6f567bf c6f567b load on device 'cuda:0' took 0.23 ms  (cached)
Module mujoco_warp._src.solver 245b5b3 load on device 'cuda:0' took 1.00 ms  (cached)
Module _solve_init_jaref_kernel__locals__kernel_1971c1c1 1971c1c load on device 'cuda:0' took 0.25 ms  (cached)
Module mul_m_kernel__locals___mul_m_fd2186c4 fd2186c load on device 'cuda:0' took 0.24 ms  (cached)
Module _update_constraint_efc__locals__kernel_4af8f110 4af8f11 load on device 'cuda:0' took 0.37 ms  (cached)
Module _update_constraint_init_qfrc_constraint_sparse__locals__kernel_16efb537 16efb53 load on device 'cuda:0' took 0.25 ms  (cached)
Module _update_gradient_zero_grad_dot__locals__kernel_cb780630 cb78063 load on device 'cuda:0' took 0.22 ms  (cached)
Module _update_gradient_grad__locals__kernel_0cbf4927 0cbf492 load on device 'cuda:0' took 0.22 ms  (cached)
Module _update_gradient_init_h_sparse__locals__kernel_8d599502 8d59950 load on device 'cuda:0' took 0.22 ms  (cached)
Module _JTDAJ_sparse__locals__kernel_6fe61e97 6fe61e9 load on device 'cuda:0' took 0.24 ms  (cached)
Module _JTDAJ_sparse__locals__kernel_6fe61e97 4406f08 load on device 'cuda:0' took 0.22 ms  (cached)
Module _update_gradient_cholesky_blocked__locals__kernel_425d32be 40254b5 load on device 'cuda:0' took 41.15 ms  (cached)
Module _linesearch_jv_fused_kernel__locals__kernel_0509eab7 0509eab load on device 'cuda:0' took 0.29 ms  (cached)
Module _linesearch_iterative_kernel__locals__kernel_59bb1059 897906f load on device 'cuda:0' took 0.39 ms  (cached)
Module _update_constraint_efc__locals__kernel_e30beb1f e30beb1 load on device 'cuda:0' took 0.26 ms  (cached)
Module _update_gradient_zero_grad_dot__locals__kernel_f708ee5f f708ee5 load on device 'cuda:0' took 0.23 ms  (cached)
Module _update_gradient_grad__locals__kernel_cb93df65 cb93df6 load on device 'cuda:0' took 0.23 ms  (cached)
Module _update_gradient_h_incremental_sparse__locals__kernel_abf1f59a abf1f59 load on device 'cuda:0' took 0.24 ms  (cached)
Module _update_gradient_cholesky_blocked_skip_unchanged__locals__kernel_955af8fc 250c823 load on device 'cuda:0' took 45.02 ms  (cached)
Module _contact_sort__locals__contact_sort_321f5f3e 33ea4e1 load on device 'cuda:0' took 0.31 ms  (cached)
Module mujoco_warp._src.derivative e770e28 load on device 'cuda:0' took 0.60 ms  (cached)
Module _next_time_builder__locals___next_time_95ad6d7a 95ad6d7 load on device 'cuda:0' took 0.26 ms  (cached)
Module reset_data__locals__reset_xfrc_applied_03030511 0303051 load on device 'cuda:0' took 0.24 ms  (cached)
Module reset_data__locals__reset_M_631075dd 631075d load on device 'cuda:0' took 0.20 ms  (cached)
Module reset_data__locals__reset_mocap_6513201c 6513201 load on device 'cuda:0' took 0.20 ms  (cached)
Module reset_data__locals__reset_contact_5c08f689 5c08f68 load on device 'cuda:0' took 0.20 ms  (cached)
Module reset_data__locals__reset_sleep_50b990da 50b990d load on device 'cuda:0' took 0.20 ms  (cached)
Module reset_data__locals__reset_nworld_69a10925 69a1092 load on device 'cuda:0' took 0.26 ms  (cached)

+---------------------------------+
|         Base Environment        |
+------------------------+--------+
| Property               | Value  |
+------------------------+--------+
| Number of environments | 8      |
| Environment device     | cuda:0 |
| Environment seed       | 41     |
| Physics step-size      | 0.005  |
| Environment step-size  | 0.02   |
+------------------------+--------+

[INFO] <EventManager> contains 2 active terms.
+----------------------------------------------+
|    Active Event Terms in Mode: 'interval'    |
+-------+------------+-------------------------+
| Index | Name       | Interval time range (s) |
+-------+------------+-------------------------+
|   0   | push_robot |        (1.0, 3.0)       |
+-------+------------+-------------------------+
+---------------------------------------+
| Active Event Terms in Mode: 'startup' |
+-----------+---------------------------+
|   Index   | Name                      |
+-----------+---------------------------+
|     0     | base_com                  |
|     1     | encoder_bias              |
|     2     | foot_friction             |
+-----------+---------------------------+
+-----------------------------+
| Domain Randomization Fields |
+-------+---------------------+
| Index | Field Name          |
+-------+---------------------+
|   0   | body_ipos           |
|   1   | body_subtreemass    |
|   2   | dof_invweight0      |
|   3   | body_invweight0     |
|   4   | tendon_length0      |
|   5   | tendon_invweight0   |
|   6   | actuator_acc0       |
|   7   | geom_friction       |
+-------+---------------------+

Module repeat_array_kernel_4f67a4c3 711f54c load on device 'cuda:0' took 0.31 ms  (cached)
Module repeat_array_kernel_4f67a4c3 7224d07 load on device 'cuda:0' took 0.26 ms  (cached)
Module repeat_array_kernel_4f67a4c3 b2885b0 load on device 'cuda:0' took 0.27 ms  (cached)
[climb] motion bank: 800 clips, 2.54 h @ 50 fps, clip length min/median/max = 1.1/7.5/155.9 s
[INFO] <CommandManager> contains 1 active terms.
+---------------------------------------------+
|             Active Command Terms            |
+-------+--------+----------------------------+
| Index | Name   |            Type            |
+-------+--------+----------------------------+
|   0   | motion | SegmentNativeMotionCommand |
+-------+--------+----------------------------+

[INFO] <ActionManager> contains 1 active terms.
+---------------------------------+
| Active Action Terms (shape: 29) |
+-------+-----------+-------------+
| Index | Name      |   Dimension |
+-------+-----------+-------------+
|   0   | joint_pos |          29 |
+-------+-----------+-------------+

[INFO] <ObservationManager> contains 2 groups.
+------------------------------------------------------------+
| Active Observation Terms in Group: 'actor' (shape: (160,)) |
+----------+------------------------------------+------------+
|  Index   | Name                               |   Shape    |
+----------+------------------------------------+------------+
|    0     | command                            |   (58,)    |
|    1     | motion_anchor_pos_b                |    (3,)    |
|    2     | motion_anchor_ori_b                |    (6,)    |
|    3     | base_lin_vel                       |    (3,)    |
|    4     | base_ang_vel                       |    (3,)    |
|    5     | joint_pos                          |   (29,)    |
|    6     | joint_vel                          |   (29,)    |
|    7     | actions                            |   (29,)    |
+----------+------------------------------------+------------+
+-------------------------------------------------------------+
| Active Observation Terms in Group: 'critic' (shape: (286,)) |
+-----------+------------------------------------+------------+
|   Index   | Name                               |   Shape    |
+-----------+------------------------------------+------------+
|     0     | command                            |   (58,)    |
|     1     | motion_anchor_pos_b                |    (3,)    |
|     2     | motion_anchor_ori_b                |    (6,)    |
|     3     | body_pos                           |   (42,)    |
|     4     | body_ori                           |   (84,)    |
|     5     | base_lin_vel                       |    (3,)    |
|     6     | base_ang_vel                       |    (3,)    |
|     7     | joint_pos                          |   (29,)    |
|     8     | joint_vel                          |   (29,)    |
|     9     | actions                            |   (29,)    |
+-----------+------------------------------------+------------+

[INFO] <TerminationManager> contains 4 active terms.
+----------------------------------+
|     Active Termination Terms     |
+-------+---------------+----------+
| Index | Name          | Time Out |
+-------+---------------+----------+
|   0   | anchor_pos    |  False   |
|   1   | anchor_ori    |  False   |
|   2   | ee_body_pos   |  False   |
|   3   | segment_trial |   True   |
+-------+---------------+----------+

[INFO] <RewardManager> contains 10 active terms.
+-----------------------------------------+
|           Active Reward Terms           |
+-------+------------------------+--------+
| Index | Name                   | Weight |
+-------+------------------------+--------+
|   0   | motion_global_root_pos |    0.5 |
|   1   | motion_global_root_ori |    0.5 |
|   2   | motion_body_pos        |    1.0 |
|   3   | motion_body_ori        |    1.0 |
|   4   | motion_body_lin_vel    |    1.0 |
|   5   | motion_body_ang_vel    |    1.0 |
|   6   | action_rate_l2         |   -0.1 |
|   7   | joint_limit            |  -10.0 |
|   8   | self_collisions        |  -10.0 |
|   9   | failure_terminal       | -500.0 |
+-------+------------------------+--------+

[INFO] <NullCurriculumManager> (inactive)
[INFO] <NullMetricsManager> (inactive)
[INFO] <NullRecorderManager> (inactive)
Module mujoco_warp._src.io 19274fb load on device 'cuda:0' took 0.95 ms  (cached)
Module _tile_cholesky_factorize_block__locals__kernel_1a8ac315 67a96c9 load on device 'cuda:0' took 13.75 ms  (cached)
Module _tile_cholesky_solve_block__locals__kernel_be7133b6 6b45561 load on device 'cuda:0' took 14.13 ms  (cached)
--------------------------------------------------------------------------------
Resolved observation sets: 
	 actor :  ('actor',)
	 critic :  ('critic',)
--------------------------------------------------------------------------------
Actor Model: MLPModel(
  (obs_normalizer): EmpiricalNormalization()
  (distribution): GaussianDistribution()
  (mlp): MLP(
    (0): Linear(in_features=160, out_features=512, bias=True)
    (1): ELU(alpha=1.0)
    (2): Linear(in_features=512, out_features=256, bias=True)
    (3): ELU(alpha=1.0)
    (4): Linear(in_features=256, out_features=128, bias=True)
    (5): ELU(alpha=1.0)
    (6): Linear(in_features=128, out_features=29, bias=True)
  )
)
Critic Model: MLPModel(
  (obs_normalizer): EmpiricalNormalization()
  (mlp): MLP(
    (0): Linear(in_features=286, out_features=512, bias=True)
    (1): ELU(alpha=1.0)
    (2): Linear(in_features=512, out_features=256, bias=True)
    (3): ELU(alpha=1.0)
    (4): Linear(in_features=256, out_features=128, bias=True)
    (5): ELU(alpha=1.0)
    (6): Linear(in_features=128, out_features=1, bias=True)
  )
)
Storing git diff for 'mjlab-1.6.0' in: /home/linjiw/climb-feasibility-first/reports/relative_progress_2026-09-05/policy_smokes_gate_retry/D/g1_tracking/2026-09-05_21-44-10_policy_D_smoke_s41/git/mjlab-1.6.0.diff
################################################################################
[1m                            Learning iteration 0/20                             [0m 

                               Run name: policy_D_smoke_s41
                            Total steps: 192 
                       Steps per second: 175 
                        Collection time: 1.016s 
                          Learning time: 0.080s 
                        Mean value loss: 29.0841
                    Mean surrogate loss: -0.1168
                      Mean entropy loss: 41.1421
                            Mean reward: -11.33
                    Mean episode length: 12.00
                        Mean action std: 1.00
  Episode_Reward/motion_global_root_pos: 0.1076
Metrics/motion/sampling_adaptation_total_variation: 0.0000
        Metrics/motion/error_anchor_pos: 0.1503
          Metrics/motion/error_body_pos: 0.1441
Metrics/motion/sampling_unit_effective_count: 624.0341
      Metrics/motion/error_body_ang_vel: 5.5738
      Metrics/motion/error_body_lin_vel: 0.9695
         Episode_Reward/motion_body_pos: 0.2187
    Metrics/motion/segment_failure_rate: 0.8571
             Episode_Reward/joint_limit: -0.0439
        Metrics/motion/error_anchor_rot: 0.3419
      Episode_Termination/segment_trial: 0.0000
 Metrics/motion/segment_censored_resets: 0.0000
     Episode_Reward/motion_body_ang_vel: 0.0075
        Episode_Reward/failure_terminal: -10.0000
Metrics/motion/segment_invalid_start_count: 0.0000
        Metrics/motion/sampling_entropy: 0.9095
     Episode_Reward/motion_body_lin_vel: 0.1059
        Episode_Termination/ee_body_pos: 1.1429
         Metrics/motion/bank_clip_count: 800.0001
 Metrics/motion/sampling_clip_top1_prob: 0.0172
          Episode_Reward/action_rate_l2: -1.4293
         Episode_Termination/anchor_pos: 0.0000
         Episode_Termination/anchor_ori: 0.0000
          Metrics/motion/error_body_rot: 0.5839
Metrics/motion/segment_invalid_reference_frame_count: 0.0000
         Episode_Reward/motion_body_ori: 0.0693
         Metrics/motion/error_joint_vel: 20.3964
      Metrics/motion/sampling_top1_prob: 0.0164
   Metrics/motion/sampling_clip_entropy: 0.9287
         Episode_Reward/self_collisions: -0.5857
Metrics/motion/sampling_rank_saturation_fraction: 0.0000
    Metrics/motion/error_anchor_lin_vel: 0.7622
       Metrics/motion/sampling_top1_bin: 0.4167
         Metrics/motion/error_joint_pos: 1.6842
    Metrics/motion/error_anchor_ang_vel: 2.9279
  Episode_Reward/motion_global_root_ori: 0.0855
--------------------------------------------------------------------------------
                         Iteration time: 1.10s
                           Time elapsed: 0:00:01
                                    ETA: 0:00:20

################################################################################
[1m                            Learning iteration 1/20                             [0m 

                               Run name: policy_D_smoke_s41
                            Total steps: 384 
                       Steps per second: 793 
                        Collection time: 0.204s 
                          Learning time: 0.038s 
                        Mean value loss: 24.4056
                    Mean surrogate loss: -0.1062
                      Mean entropy loss: 41.1419
                            Mean reward: -11.72
                    Mean episode length: 14.81
                        Mean action std: 1.00
  Episode_Reward/motion_global_root_pos: 0.1214
Metrics/motion/sampling_adaptation_total_variation: 0.0000
        Metrics/motion/error_anchor_pos: 0.1966
          Metrics/motion/error_body_pos: 0.1603
Metrics/motion/sampling_unit_effective_count: 624.0341
      Metrics/motion/error_body_ang_vel: 6.2562
      Metrics/motion/error_body_lin_vel: 1.1605
         Episode_Reward/motion_body_pos: 0.2565
    Metrics/motion/segment_failure_rate: 1.0000
             Episode_Reward/joint_limit: -0.0885
        Metrics/motion/error_anchor_rot: 0.4576
      Episode_Termination/segment_trial: 0.0000
 Metrics/motion/segment_censored_resets: 0.0000
     Episode_Reward/motion_body_ang_vel: 0.0086
        Episode_Reward/failure_terminal: -10.0000
Metrics/motion/segment_invalid_start_count: 0.0000
        Metrics/motion/sampling_entropy: 0.9095
     Episode_Reward/motion_body_lin_vel: 0.1221
        Episode_Termination/ee_body_pos: 1.0000
         Metrics/motion/bank_clip_count: 800.0001
 Metrics/motion/sampling_clip_top1_prob: 0.0172
          Episode_Reward/action_rate_l2: -1.7533
         Episode_Termination/anchor_pos: 0.2857
         Episode_Termination/anchor_ori: 0.0000
          Metrics/motion/error_body_rot: 0.6455
Metrics/motion/segment_invalid_reference_frame_count: 0.0000
         Episode_Reward/motion_body_ori: 0.0701
         Metrics/motion/error_joint_vel: 22.6498
      Metrics/motion/sampling_top1_prob: 0.0164
   Metrics/motion/sampling_clip_entropy: 0.9287
         Episode_Reward/self_collisions: -0.6143
Metrics/motion/sampling_rank_saturation_fraction: 0.0000
    Metrics/motion/error_anchor_lin_vel: 1.0697
       Metrics/motion/sampling_top1_bin: 0.4167
         Metrics/motion/error_joint_pos: 1.7528
    Metrics/motion/error_anchor_ang_vel: 4.7535
  Episode_Reward/motion_global_root_ori: 0.0680
--------------------------------------------------------------------------------
                         Iteration time: 0.24s
                           Time elapsed: 0:00:01
                                    ETA: 0:00:12

################################################################################
[1m                            Learning iteration 2/20                             [0m 

                               Run name: policy_D_smoke_s41
                            Total steps: 576 
                       Steps per second: 785 
                        Collection time: 0.207s 
                          Learning time: 0.037s 
                        Mean value loss: 28.6990
                    Mean surrogate loss: -0.1119
                      Mean entropy loss: 41.1405
                            Mean reward: -12.43
                    Mean episode length: 18.42
                        Mean action std: 1.00
  Episode_Reward/motion_global_root_pos: 0.1659
Metrics/motion/sampling_adaptation_total_variation: 0.0017
        Metrics/motion/error_anchor_pos: 0.3025
          Metrics/motion/error_body_pos: 0.2170
Metrics/motion/sampling_unit_effective_count: 623.6216
      Metrics/motion/error_body_ang_vel: 6.7963
      Metrics/motion/error_body_lin_vel: 1.3204
         Episode_Reward/motion_body_pos: 0.3810
    Metrics/motion/segment_failure_rate: 1.0000
             Episode_Reward/joint_limit: -0.1979
        Metrics/motion/error_anchor_rot: 0.6636
      Episode_Termination/segment_trial: 0.0000
 Metrics/motion/segment_censored_resets: 0.0000
     Episode_Reward/motion_body_ang_vel: 0.0148
        Episode_Reward/failure_terminal: -10.0000
Metrics/motion/segment_invalid_start_count: 0.0000
        Metrics/motion/sampling_entropy: 0.9094
     Episode_Reward/motion_body_lin_vel: 0.1803
        Episode_Termination/ee_body_pos: 0.9000
         Metrics/motion/bank_clip_count: 800.0000
 Metrics/motion/sampling_clip_top1_prob: 0.0173
          Episode_Reward/action_rate_l2: -2.7933
         Episode_Termination/anchor_pos: 0.2000
         Episode_Termination/anchor_ori: 0.0000
          Metrics/motion/error_body_rot: 0.6797
Metrics/motion/segment_invalid_reference_frame_count: 0.0000
         Episode_Reward/motion_body_ori: 0.1186
         Metrics/motion/error_joint_vel: 23.3500
      Metrics/motion/sampling_top1_prob: 0.0164
   Metrics/motion/sampling_clip_entropy: 0.9286
         Episode_Reward/self_collisions: -1.5400
Metrics/motion/sampling_rank_saturation_fraction: 0.0000
    Metrics/motion/error_anchor_lin_vel: 1.2690
       Metrics/motion/sampling_top1_bin: 0.4167
         Metrics/motion/error_joint_pos: 1.6348
    Metrics/motion/error_anchor_ang_vel: 3.4873
  Episode_Reward/motion_global_root_ori: 0.1016
--------------------------------------------------------------------------------
                         Iteration time: 0.24s
                           Time elapsed: 0:00:01
                                    ETA: 0:00:08

################################################################################
[1m                            Learning iteration 3/20                             [0m 

                               Run name: policy_D_smoke_s41
                            Total steps: 768 
                       Steps per second: 889 
                        Collection time: 0.179s 
                          Learning time: 0.037s 
                        Mean value loss: 32.3108
                    Mean surrogate loss: -0.1069
                      Mean entropy loss: 41.1374
                            Mean reward: -12.91
                    Mean episode length: 20.20
                        Mean action std: 1.00
  Episode_Reward/motion_global_root_pos: 0.1855
Metrics/motion/sampling_adaptation_total_variation: 0.0019
        Metrics/motion/error_anchor_pos: 0.2585
          Metrics/motion/error_body_pos: 0.2047
Metrics/motion/sampling_unit_effective_count: 623.5757
      Metrics/motion/error_body_ang_vel: 6.7412
      Metrics/motion/error_body_lin_vel: 1.2585
         Episode_Reward/motion_body_pos: 0.3959
    Metrics/motion/segment_failure_rate: 1.0000
             Episode_Reward/joint_limit: -0.1384
        Metrics/motion/error_anchor_rot: 0.7649
      Episode_Termination/segment_trial: 0.0000
 Metrics/motion/segment_censored_resets: 0.0000
     Episode_Reward/motion_body_ang_vel: 0.0148
        Episode_Reward/failure_terminal: -10.0000
Metrics/motion/segment_invalid_start_count: 0.0000
        Metrics/motion/sampling_entropy: 0.9094
     Episode_Reward/motion_body_lin_vel: 0.2056
        Episode_Termination/ee_body_pos: 1.1250
         Metrics/motion/bank_clip_count: 800.0000
 Metrics/motion/sampling_clip_top1_prob: 0.0173
          Episode_Reward/action_rate_l2: -2.8585
         Episode_Termination/anchor_pos: 0.1250
         Episode_Termination/anchor_ori: 0.0000
          Metrics/motion/error_body_rot: 0.6275
Metrics/motion/segment_invalid_reference_frame_count: 0.0000
         Episode_Reward/motion_body_ori: 0.1088
         Metrics/motion/error_joint_vel: 23.5901
      Metrics/motion/sampling_top1_prob: 0.0164
   Metrics/motion/sampling_clip_entropy: 0.9286
         Episode_Reward/self_collisions: -2.1625
Metrics/motion/sampling_rank_saturation_fraction: 0.0000
    Metrics/motion/error_anchor_lin_vel: 1.1149
       Metrics/motion/sampling_top1_bin: 0.4167
         Metrics/motion/error_joint_pos: 1.6537
    Metrics/motion/error_anchor_ang_vel: 4.1621
  Episode_Reward/motion_global_root_ori: 0.0741
--------------------------------------------------------------------------------
                         Iteration time: 0.22s
                           Time elapsed: 0:00:01
                                    ETA: 0:00:07

################################################################################
[1m                            Learning iteration 4/20                             [0m 

                               Run name: policy_D_smoke_s41
                            Total steps: 960 
                       Steps per second: 791 
                        Collection time: 0.205s 
                          Learning time: 0.037s 
                        Mean value loss: 21.5044
                    Mean surrogate loss: -0.1066
                      Mean entropy loss: 41.1346
                            Mean reward: -12.54
                    Mean episode length: 17.91
                        Mean action std: 1.00
  Episode_Reward/motion_global_root_pos: 0.0833
Metrics/motion/sampling_adaptation_total_variation: 0.0035
        Metrics/motion/error_anchor_pos: 0.1097
          Metrics/motion/error_body_pos: 0.1221
Metrics/motion/sampling_unit_effective_count: 622.9913
      Metrics/motion/error_body_ang_vel: 7.5613
      Metrics/motion/error_body_lin_vel: 1.2338
         Episode_Reward/motion_body_pos: 0.1599
    Metrics/motion/segment_failure_rate: 1.0000
             Episode_Reward/joint_limit: -0.0334
        Metrics/motion/error_anchor_rot: 0.3609
      Episode_Termination/segment_trial: 0.0000
 Metrics/motion/segment_censored_resets: 0.0000
     Episode_Reward/motion_body_ang_vel: 0.0022
        Episode_Reward/failure_terminal: -10.0000
Metrics/motion/segment_invalid_start_count: 0.0000
        Metrics/motion/sampling_entropy: 0.9093
     Episode_Reward/motion_body_lin_vel: 0.0531
        Episode_Termination/ee_body_pos: 1.2222
         Metrics/motion/bank_clip_count: 800.0000
 Metrics/motion/sampling_clip_top1_prob: 0.0173
          Episode_Reward/action_rate_l2: -1.0157
         Episode_Termination/anchor_pos: 0.0000
         Episode_Termination/anchor_ori: 0.0000
          Metrics/motion/error_body_rot: 0.6555
Metrics/motion/segment_invalid_reference_frame_count: 0.0000
         Episode_Reward/motion_body_ori: 0.0490
         Metrics/motion/error_joint_vel: 25.6868
      Metrics/motion/sampling_top1_prob: 0.0164
   Metrics/motion/sampling_clip_entropy: 0.9285
         Episode_Reward/self_collisions: -0.4778
Metrics/motion/sampling_rank_saturation_fraction: 0.0000
    Metrics/motion/error_anchor_lin_vel: 0.8961
       Metrics/motion/sampling_top1_bin: 0.4167
         Metrics/motion/error_joint_pos: 2.0197
    Metrics/motion/error_anchor_ang_vel: 3.7856
  Episode_Reward/motion_global_root_ori: 0.0529
--------------------------------------------------------------------------------
                         Iteration time: 0.24s
                           Time elapsed: 0:00:02
                                    ETA: 0:00:06

################################################################################
[1m                            Learning iteration 5/20                             [0m 

                               Run name: policy_D_smoke_s41
                            Total steps: 1152 
                       Steps per second: 858 
                        Collection time: 0.187s 
                          Learning time: 0.037s 
                        Mean value loss: 23.9672
                    Mean surrogate loss: -0.1119
                      Mean entropy loss: 41.1354
                            Mean reward: -12.64
                    Mean episode length: 17.86
                        Mean action std: 1.00
  Episode_Reward/motion_global_root_pos: 0.1219
Metrics/motion/sampling_adaptation_total_variation: 0.0040
        Metrics/motion/error_anchor_pos: 0.2668
          Metrics/motion/error_body_pos: 0.1812
Metrics/motion/sampling_unit_effective_count: 622.8244
      Metrics/motion/error_body_ang_vel: 6.6669
      Metrics/motion/error_body_lin_vel: 1.3191
         Episode_Reward/motion_body_pos: 0.2856
    Metrics/motion/segment_failure_rate: 1.0000
             Episode_Reward/joint_limit: -0.0912
        Metrics/motion/error_anchor_rot: 0.6141
      Episode_Termination/segment_trial: 0.0000
 Metrics/motion/segment_censored_resets: 0.0000
     Episode_Reward/motion_body_ang_vel: 0.0084
        Episode_Reward/failure_terminal: -10.0000
Metrics/motion/segment_invalid_start_count: 0.0000
        Metrics/motion/sampling_entropy: 0.9092
     Episode_Reward/motion_body_lin_vel: 0.1118
        Episode_Termination/ee_body_pos: 1.1818
         Metrics/motion/bank_clip_count: 800.0000
 Metrics/motion/sampling_clip_top1_prob: 0.0173
          Episode_Reward/action_rate_l2: -1.9391
         Episode_Termination/anchor_pos: 0.0000
         Episode_Termination/anchor_ori: 0.0000
          Metrics/motion/error_body_rot: 0.7353
Metrics/motion/segment_invalid_reference_frame_count: 0.0000
         Episode_Reward/motion_body_ori: 0.0680
         Metrics/motion/error_joint_vel: 24.9053
      Metrics/motion/sampling_top1_prob: 0.0164
   Metrics/motion/sampling_clip_entropy: 0.9285
         Episode_Reward/self_collisions: -1.5818
Metrics/motion/sampling_rank_saturation_fraction: 0.0000
    Metrics/motion/error_anchor_lin_vel: 1.1031
       Metrics/motion/sampling_top1_bin: 0.4167
         Metrics/motion/error_joint_pos: 1.9826
    Metrics/motion/error_anchor_ang_vel: 3.8671
  Episode_Reward/motion_global_root_ori: 0.0797
--------------------------------------------------------------------------------
                         Iteration time: 0.22s
                           Time elapsed: 0:00:02
                                    ETA: 0:00:05

################################################################################
[1m                            Learning iteration 6/20                             [0m 

                               Run name: policy_D_smoke_s41
                            Total steps: 1344 
                       Steps per second: 804 
                        Collection time: 0.202s 
                          Learning time: 0.037s 
                        Mean value loss: 13.1889
                    Mean surrogate loss: -0.1003
                      Mean entropy loss: 41.1407
                            Mean reward: -12.75
                    Mean episode length: 18.00
                        Mean action std: 1.00
  Episode_Reward/motion_global_root_pos: 0.1272
Metrics/motion/sampling_adaptation_total_variation: 0.0063
        Metrics/motion/error_anchor_pos: 0.2814
          Metrics/motion/error_body_pos: 0.1975
Metrics/motion/sampling_unit_effective_count: 621.2289
      Metrics/motion/error_body_ang_vel: 7.5987
      Metrics/motion/error_body_lin_vel: 1.2084
         Episode_Reward/motion_body_pos: 0.2910
    Metrics/motion/segment_failure_rate: 1.0000
             Episode_Reward/joint_limit: -0.1837
        Metrics/motion/error_anchor_rot: 0.5292
      Episode_Termination/segment_trial: 0.0000
 Metrics/motion/segment_censored_resets: 0.0000
     Episode_Reward/motion_body_ang_vel: 0.0118
        Episode_Reward/failure_terminal: -10.0000
Metrics/motion/segment_invalid_start_count: 0.0000
        Metrics/motion/sampling_entropy: 0.9089
     Episode_Reward/motion_body_lin_vel: 0.1372
        Episode_Termination/ee_body_pos: 0.8571
         Metrics/motion/bank_clip_count: 800.0001
 Metrics/motion/sampling_clip_top1_prob: 0.0173
          Episode_Reward/action_rate_l2: -2.0272
         Episode_Termination/anchor_pos: 0.2857
         Episode_Termination/anchor_ori: 0.0000
          Metrics/motion/error_body_rot: 0.7278
Metrics/motion/segment_invalid_reference_frame_count: 0.0000
         Episode_Reward/motion_body_ori: 0.0846
         Metrics/motion/error_joint_vel: 25.7520
      Metrics/motion/sampling_top1_prob: 0.0163
   Metrics/motion/sampling_clip_entropy: 0.9281
         Episode_Reward/self_collisions: -2.2000
Metrics/motion/sampling_rank_saturation_fraction: 0.0000
    Metrics/motion/error_anchor_lin_vel: 0.8566
       Metrics/motion/sampling_top1_bin: 0.4167
         Metrics/motion/error_joint_pos: 1.8728
    Metrics/motion/error_anchor_ang_vel: 3.7039
  Episode_Reward/motion_global_root_ori: 0.0733
--------------------------------------------------------------------------------
                         Iteration time: 0.24s
                           Time elapsed: 0:00:02
                                    ETA: 0:00:04

################################################################################
[1m                            Learning iteration 7/20                             [0m 

                               Run name: policy_D_smoke_s41
                            Total steps: 1536 
                       Steps per second: 861 
                        Collection time: 0.186s 
                          Learning time: 0.037s 
                        Mean value loss: 16.3539
                    Mean surrogate loss: -0.1010
                      Mean entropy loss: 41.1419
                            Mean reward: -12.84
                    Mean episode length: 18.96
                        Mean action std: 1.00
  Episode_Reward/motion_global_root_pos: 0.1558
Metrics/motion/sampling_adaptation_total_variation: 0.0073
        Metrics/motion/error_anchor_pos: 0.3508
          Metrics/motion/error_body_pos: 0.2027
Metrics/motion/sampling_unit_effective_count: 620.5908
      Metrics/motion/error_body_ang_vel: 6.7185
      Metrics/motion/error_body_lin_vel: 1.3115
         Episode_Reward/motion_body_pos: 0.4053
    Metrics/motion/segment_failure_rate: 1.0000
             Episode_Reward/joint_limit: -0.1445
        Metrics/motion/error_anchor_rot: 0.6341
      Episode_Termination/segment_trial: 0.0000
 Metrics/motion/segment_censored_resets: 0.0000
     Episode_Reward/motion_body_ang_vel: 0.0138
        Episode_Reward/failure_terminal: -10.0000
Metrics/motion/segment_invalid_start_count: 0.0000
        Metrics/motion/sampling_entropy: 0.9087
     Episode_Reward/motion_body_lin_vel: 0.1911
        Episode_Termination/ee_body_pos: 0.9000
         Metrics/motion/bank_clip_count: 800.0000
 Metrics/motion/sampling_clip_top1_prob: 0.0173
          Episode_Reward/action_rate_l2: -3.0619
         Episode_Termination/anchor_pos: 0.3000
         Episode_Termination/anchor_ori: 0.0000
          Metrics/motion/error_body_rot: 0.7296
Metrics/motion/segment_invalid_reference_frame_count: 0.0000
         Episode_Reward/motion_body_ori: 0.0894
         Metrics/motion/error_joint_vel: 25.3334
      Metrics/motion/sampling_top1_prob: 0.0163
   Metrics/motion/sampling_clip_entropy: 0.9280
         Episode_Reward/self_collisions: -1.3400
Metrics/motion/sampling_rank_saturation_fraction: 0.0000
    Metrics/motion/error_anchor_lin_vel: 1.1002
       Metrics/motion/sampling_top1_bin: 0.4167
         Metrics/motion/error_joint_pos: 1.8299
    Metrics/motion/error_anchor_ang_vel: 3.8869
  Episode_Reward/motion_global_root_ori: 0.1013
--------------------------------------------------------------------------------
                         Iteration time: 0.22s
                           Time elapsed: 0:00:02
                                    ETA: 0:00:04

################################################################################
[1m                            Learning iteration 8/20                             [0m 

                               Run name: policy_D_smoke_s41
                            Total steps: 1728 
                       Steps per second: 804 
                        Collection time: 0.202s 
                          Learning time: 0.037s 
                        Mean value loss: 16.0050
                    Mean surrogate loss: -0.1012
                      Mean entropy loss: 41.1426
                            Mean reward: -12.83
                    Mean episode length: 18.47
                        Mean action std: 1.00
  Episode_Reward/motion_global_root_pos: 0.1066
Metrics/motion/sampling_adaptation_total_variation: 0.0090
        Metrics/motion/error_anchor_pos: 0.1675
          Metrics/motion/error_body_pos: 0.1540
Metrics/motion/sampling_unit_effective_count: 618.7617
      Metrics/motion/error_body_ang_vel: 6.5454
      Metrics/motion/error_body_lin_vel: 1.2273
         Episode_Reward/motion_body_pos: 0.2361
    Metrics/motion/segment_failure_rate: 1.0000
             Episode_Reward/joint_limit: -0.0353
        Metrics/motion/error_anchor_rot: 0.3766
      Episode_Termination/segment_trial: 0.0000
 Metrics/motion/segment_censored_resets: 0.0000
     Episode_Reward/motion_body_ang_vel: 0.0070
        Episode_Reward/failure_terminal: -10.0000
Metrics/motion/segment_invalid_start_count: 0.0000
        Metrics/motion/sampling_entropy: 0.9083
     Episode_Reward/motion_body_lin_vel: 0.1104
        Episode_Termination/ee_body_pos: 0.8750
         Metrics/motion/bank_clip_count: 800.0000
 Metrics/motion/sampling_clip_top1_prob: 0.0173
          Episode_Reward/action_rate_l2: -1.6351
         Episode_Termination/anchor_pos: 0.2500
         Episode_Termination/anchor_ori: 0.0000
          Metrics/motion/error_body_rot: 0.6367
Metrics/motion/segment_invalid_reference_frame_count: 0.0000
         Episode_Reward/motion_body_ori: 0.0809
         Metrics/motion/error_joint_vel: 23.8890
      Metrics/motion/sampling_top1_prob: 0.0170
   Metrics/motion/sampling_clip_entropy: 0.9276
         Episode_Reward/self_collisions: -1.3125
Metrics/motion/sampling_rank_saturation_fraction: 0.0000
    Metrics/motion/error_anchor_lin_vel: 1.0650
       Metrics/motion/sampling_top1_bin: 0.4167
         Metrics/motion/error_joint_pos: 1.6878
    Metrics/motion/error_anchor_ang_vel: 3.4713
  Episode_Reward/motion_global_root_ori: 0.0873
--------------------------------------------------------------------------------
                         Iteration time: 0.24s
                           Time elapsed: 0:00:02
                                    ETA: 0:00:03

################################################################################
[1m                            Learning iteration 9/20                             [0m 

                               Run name: policy_D_smoke_s41
                            Total steps: 1920 
                       Steps per second: 876 
                        Collection time: 0.182s 
                          Learning time: 0.037s 
                        Mean value loss: 11.1020
                    Mean surrogate loss: -0.1031
                      Mean entropy loss: 41.1458
                            Mean reward: -12.96
                    Mean episode length: 19.34
                        Mean action std: 1.00
  Episode_Reward/motion_global_root_pos: 0.1824
Metrics/motion/sampling_adaptation_total_variation: 0.0095
        Metrics/motion/error_anchor_pos: 0.3305
          Metrics/motion/error_body_pos: 0.2361
Metrics/motion/sampling_unit_effective_count: 618.1521
      Metrics/motion/error_body_ang_vel: 7.1225
      Metrics/motion/error_body_lin_vel: 1.2701
         Episode_Reward/motion_body_pos: 0.4120
    Metrics/motion/segment_failure_rate: 0.9973
             Episode_Reward/joint_limit: -0.2380
        Metrics/motion/error_anchor_rot: 0.8768
      Episode_Termination/segment_trial: 0.1250
 Metrics/motion/segment_censored_resets: 0.0000
     Episode_Reward/motion_body_ang_vel: 0.0140
        Episode_Reward/failure_terminal: -8.7500
Metrics/motion/segment_invalid_start_count: 0.0000
        Metrics/motion/sampling_entropy: 0.9082
     Episode_Reward/motion_body_lin_vel: 0.2075
        Episode_Termination/ee_body_pos: 0.7500
         Metrics/motion/bank_clip_count: 800.0000
 Metrics/motion/sampling_clip_top1_prob: 0.0173
          Episode_Reward/action_rate_l2: -3.2214
         Episode_Termination/anchor_pos: 0.2500
         Episode_Termination/anchor_ori: 0.1250
          Metrics/motion/error_body_rot: 0.8205
Metrics/motion/segment_invalid_reference_frame_count: 0.0000
         Episode_Reward/motion_body_ori: 0.1131
         Metrics/motion/error_joint_vel: 24.4167
      Metrics/motion/sampling_top1_prob: 0.0173
   Metrics/motion/sampling_clip_entropy: 0.9275
         Episode_Reward/self_collisions: -3.0250
Metrics/motion/sampling_rank_saturation_fraction: 0.0000
    Metrics/motion/error_anchor_lin_vel: 1.1784
       Metrics/motion/sampling_top1_bin: 0.4167
         Metrics/motion/error_joint_pos: 1.6933
    Metrics/motion/error_anchor_ang_vel: 4.0801
  Episode_Reward/motion_global_root_ori: 0.0947
--------------------------------------------------------------------------------
                         Iteration time: 0.22s
                           Time elapsed: 0:00:03
                                    ETA: 0:00:03

################################################################################
[1m                            Learning iteration 10/20                            [0m 

                               Run name: policy_D_smoke_s41
                            Total steps: 2112 
                       Steps per second: 831 
                        Collection time: 0.197s 
                          Learning time: 0.034s 
                        Mean value loss: 12.7289
                    Mean surrogate loss: -0.1005
                      Mean entropy loss: 41.1490
                            Mean reward: -12.93
                    Mean episode length: 19.61
                        Mean action std: 1.00
  Episode_Reward/motion_global_root_pos: 0.1136
Metrics/motion/sampling_adaptation_total_variation: 0.0104
        Metrics/motion/error_anchor_pos: 0.2359
          Metrics/motion/error_body_pos: 0.1753
Metrics/motion/sampling_unit_effective_count: 617.0405
      Metrics/motion/error_body_ang_vel: 6.5935
      Metrics/motion/error_body_lin_vel: 1.2282
         Episode_Reward/motion_body_pos: 0.2580
    Metrics/motion/segment_failure_rate: 0.9899
             Episode_Reward/joint_limit: -0.0811
        Metrics/motion/error_anchor_rot: 0.4497
      Episode_Termination/segment_trial: 0.0000
 Metrics/motion/segment_censored_resets: 0.0000
     Episode_Reward/motion_body_ang_vel: 0.0073
        Episode_Reward/failure_terminal: -10.0000
Metrics/motion/segment_invalid_start_count: 0.0000
        Metrics/motion/sampling_entropy: 0.9079
     Episode_Reward/motion_body_lin_vel: 0.1148
        Episode_Termination/ee_body_pos: 1.6667
         Metrics/motion/bank_clip_count: 800.0000
 Metrics/motion/sampling_clip_top1_prob: 0.0173
          Episode_Reward/action_rate_l2: -1.8097
         Episode_Termination/anchor_pos: 0.0000
         Episode_Termination/anchor_ori: 0.0000
          Metrics/motion/error_body_rot: 0.7200
Metrics/motion/segment_invalid_reference_frame_count: 0.0000
         Episode_Reward/motion_body_ori: 0.0597
         Metrics/motion/error_joint_vel: 23.4430
      Metrics/motion/sampling_top1_prob: 0.0173
   Metrics/motion/sampling_clip_entropy: 0.9273
         Episode_Reward/self_collisions: -0.5667
Metrics/motion/sampling_rank_saturation_fraction: 0.0000
    Metrics/motion/error_anchor_lin_vel: 1.1535
       Metrics/motion/sampling_top1_bin: 0.4167
         Metrics/motion/error_joint_pos: 1.9065
    Metrics/motion/error_anchor_ang_vel: 3.2704
  Episode_Reward/motion_global_root_ori: 0.0730
--------------------------------------------------------------------------------
                         Iteration time: 0.23s
                           Time elapsed: 0:00:03
                                    ETA: 0:00:02

################################################################################
[1m                            Learning iteration 11/20                            [0m 

                               Run name: policy_D_smoke_s41
                            Total steps: 2304 
                       Steps per second: 889 
                        Collection time: 0.184s 
                          Learning time: 0.032s 
                        Mean value loss: 15.7708
                    Mean surrogate loss: -0.0907
                      Mean entropy loss: 41.1517
                            Mean reward: -12.99
                    Mean episode length: 20.23
                        Mean action std: 1.00
  Episode_Reward/motion_global_root_pos: 0.1930
Metrics/motion/sampling_adaptation_total_variation: 0.0112
        Metrics/motion/error_anchor_pos: 0.2140
          Metrics/motion/error_body_pos: 0.2091
Metrics/motion/sampling_unit_effective_count: 615.9290
      Metrics/motion/error_body_ang_vel: 7.4297
      Metrics/motion/error_body_lin_vel: 1.2385
         Episode_Reward/motion_body_pos: 0.3948
    Metrics/motion/segment_failure_rate: 0.9858
             Episode_Reward/joint_limit: -0.1832
        Metrics/motion/error_anchor_rot: 0.8581
      Episode_Termination/segment_trial: 0.2222
 Metrics/motion/segment_censored_resets: 0.0000
     Episode_Reward/motion_body_ang_vel: 0.0126
        Episode_Reward/failure_terminal: -8.8889
Metrics/motion/segment_invalid_start_count: 0.0000
        Metrics/motion/sampling_entropy: 0.9077
     Episode_Reward/motion_body_lin_vel: 0.2146
        Episode_Termination/ee_body_pos: 1.0000
         Metrics/motion/bank_clip_count: 800.0000
 Metrics/motion/sampling_clip_top1_prob: 0.0172
          Episode_Reward/action_rate_l2: -2.9713
         Episode_Termination/anchor_pos: 0.0000
         Episode_Termination/anchor_ori: 0.0000
          Metrics/motion/error_body_rot: 0.8023
Metrics/motion/segment_invalid_reference_frame_count: 0.0000
         Episode_Reward/motion_body_ori: 0.1066
         Metrics/motion/error_joint_vel: 26.9823
      Metrics/motion/sampling_top1_prob: 0.0172
   Metrics/motion/sampling_clip_entropy: 0.9270
         Episode_Reward/self_collisions: -1.7000
Metrics/motion/sampling_rank_saturation_fraction: 0.0000
    Metrics/motion/error_anchor_lin_vel: 1.0310
       Metrics/motion/sampling_top1_bin: 0.4167
         Metrics/motion/error_joint_pos: 1.9226
    Metrics/motion/error_anchor_ang_vel: 5.0526
  Episode_Reward/motion_global_root_ori: 0.0869
--------------------------------------------------------------------------------
                         Iteration time: 0.22s
                           Time elapsed: 0:00:03
                                    ETA: 0:00:02

################################################################################
[1m                            Learning iteration 12/20                            [0m 

                               Run name: policy_D_smoke_s41
                            Total steps: 2496 
                       Steps per second: 811 
                        Collection time: 0.203s 
                          Learning time: 0.034s 
                        Mean value loss: 8.3359
                    Mean surrogate loss: -0.0955
                      Mean entropy loss: 41.1526
                            Mean reward: -12.95
                    Mean episode length: 19.67
                        Mean action std: 1.00
  Episode_Reward/motion_global_root_pos: 0.1451
Metrics/motion/sampling_adaptation_total_variation: 0.0123
        Metrics/motion/error_anchor_pos: 0.2355
          Metrics/motion/error_body_pos: 0.1930
Metrics/motion/sampling_unit_effective_count: 614.6583
      Metrics/motion/error_body_ang_vel: 7.2630
      Metrics/motion/error_body_lin_vel: 1.1558
         Episode_Reward/motion_body_pos: 0.2972
    Metrics/motion/segment_failure_rate: 0.9832
             Episode_Reward/joint_limit: -0.1959
        Metrics/motion/error_anchor_rot: 0.6951
      Episode_Termination/segment_trial: 0.0000
 Metrics/motion/segment_censored_resets: 0.0000
     Episode_Reward/motion_body_ang_vel: 0.0112
        Episode_Reward/failure_terminal: -10.0000
Metrics/motion/segment_invalid_start_count: 0.0000
        Metrics/motion/sampling_entropy: 0.9074
     Episode_Reward/motion_body_lin_vel: 0.1491
        Episode_Termination/ee_body_pos: 1.1250
         Metrics/motion/bank_clip_count: 800.0000
 Metrics/motion/sampling_clip_top1_prob: 0.0178
          Episode_Reward/action_rate_l2: -2.1373
         Episode_Termination/anchor_pos: 0.1250
         Episode_Termination/anchor_ori: 0.0000
          Metrics/motion/error_body_rot: 0.7087
Metrics/motion/segment_invalid_reference_frame_count: 0.0000
         Episode_Reward/motion_body_ori: 0.0888
         Metrics/motion/error_joint_vel: 25.9388
      Metrics/motion/sampling_top1_prob: 0.0178
   Metrics/motion/sampling_clip_entropy: 0.9268
         Episode_Reward/self_collisions: -1.9125
Metrics/motion/sampling_rank_saturation_fraction: 0.0000
    Metrics/motion/error_anchor_lin_vel: 1.1526
       Metrics/motion/sampling_top1_bin: 0.4167
         Metrics/motion/error_joint_pos: 1.6095
    Metrics/motion/error_anchor_ang_vel: 4.2105
  Episode_Reward/motion_global_root_ori: 0.0774
--------------------------------------------------------------------------------
                         Iteration time: 0.24s
                           Time elapsed: 0:00:03
                                    ETA: 0:00:02

################################################################################
[1m                            Learning iteration 13/20                            [0m 

                               Run name: policy_D_smoke_s41
                            Total steps: 2688 
                       Steps per second: 897 
                        Collection time: 0.181s 
                          Learning time: 0.033s 
                        Mean value loss: 5.7060
                    Mean surrogate loss: -0.0944
                      Mean entropy loss: 41.1523
                            Mean reward: -12.94
                    Mean episode length: 19.29
                        Mean action std: 1.00
  Episode_Reward/motion_global_root_pos: 0.1359
Metrics/motion/sampling_adaptation_total_variation: 0.0127
        Metrics/motion/error_anchor_pos: 0.2952
          Metrics/motion/error_body_pos: 0.1971
Metrics/motion/sampling_unit_effective_count: 614.2347
      Metrics/motion/error_body_ang_vel: 7.0794
      Metrics/motion/error_body_lin_vel: 1.3784
         Episode_Reward/motion_body_pos: 0.3184
    Metrics/motion/segment_failure_rate: 0.9844
             Episode_Reward/joint_limit: -0.2308
        Metrics/motion/error_anchor_rot: 0.6853
      Episode_Termination/segment_trial: 0.0000
 Metrics/motion/segment_censored_resets: 0.0000
     Episode_Reward/motion_body_ang_vel: 0.0084
        Episode_Reward/failure_terminal: -10.0000
Metrics/motion/segment_invalid_start_count: 0.0000
        Metrics/motion/sampling_entropy: 0.9073
     Episode_Reward/motion_body_lin_vel: 0.1351
        Episode_Termination/ee_body_pos: 0.7778
         Metrics/motion/bank_clip_count: 800.0000
 Metrics/motion/sampling_clip_top1_prob: 0.0180
          Episode_Reward/action_rate_l2: -2.2807
         Episode_Termination/anchor_pos: 0.3333
         Episode_Termination/anchor_ori: 0.1111
          Metrics/motion/error_body_rot: 0.6967
Metrics/motion/segment_invalid_reference_frame_count: 0.0000
         Episode_Reward/motion_body_ori: 0.0842
         Metrics/motion/error_joint_vel: 27.0230
      Metrics/motion/sampling_top1_prob: 0.0180
   Metrics/motion/sampling_clip_entropy: 0.9267
         Episode_Reward/self_collisions: -1.6889
Metrics/motion/sampling_rank_saturation_fraction: 0.0000
    Metrics/motion/error_anchor_lin_vel: 1.3775
       Metrics/motion/sampling_top1_bin: 0.4167
         Metrics/motion/error_joint_pos: 1.7256
    Metrics/motion/error_anchor_ang_vel: 3.2585
  Episode_Reward/motion_global_root_ori: 0.0854
--------------------------------------------------------------------------------
                         Iteration time: 0.21s
                           Time elapsed: 0:00:04
                                    ETA: 0:00:01

################################################################################
[1m                            Learning iteration 14/20                            [0m 

                               Run name: policy_D_smoke_s41
                            Total steps: 2880 
                       Steps per second: 834 
                        Collection time: 0.196s 
                          Learning time: 0.034s 
                        Mean value loss: 3.2269
                    Mean surrogate loss: -0.0931
                      Mean entropy loss: 41.1552
                            Mean reward: -12.99
                    Mean episode length: 19.77
                        Mean action std: 1.00
  Episode_Reward/motion_global_root_pos: 0.1547
Metrics/motion/sampling_adaptation_total_variation: 0.0130
        Metrics/motion/error_anchor_pos: 0.2648
          Metrics/motion/error_body_pos: 0.2075
Metrics/motion/sampling_unit_effective_count: 613.8481
      Metrics/motion/error_body_ang_vel: 6.1628
      Metrics/motion/error_body_lin_vel: 1.2498
         Episode_Reward/motion_body_pos: 0.3253
    Metrics/motion/segment_failure_rate: 0.9852
             Episode_Reward/joint_limit: -0.1984
        Metrics/motion/error_anchor_rot: 0.6966
      Episode_Termination/segment_trial: 0.0000
 Metrics/motion/segment_censored_resets: 0.0000
     Episode_Reward/motion_body_ang_vel: 0.0098
        Episode_Reward/failure_terminal: -10.0000
Metrics/motion/segment_invalid_start_count: 0.0000
        Metrics/motion/sampling_entropy: 0.9072
     Episode_Reward/motion_body_lin_vel: 0.1479
        Episode_Termination/ee_body_pos: 1.0000
         Metrics/motion/bank_clip_count: 800.0000
 Metrics/motion/sampling_clip_top1_prob: 0.0180
          Episode_Reward/action_rate_l2: -2.4176
         Episode_Termination/anchor_pos: 0.1667
         Episode_Termination/anchor_ori: 0.0000
          Metrics/motion/error_body_rot: 0.6704
Metrics/motion/segment_invalid_reference_frame_count: 0.0000
         Episode_Reward/motion_body_ori: 0.0905
         Metrics/motion/error_joint_vel: 20.3339
      Metrics/motion/sampling_top1_prob: 0.0180
   Metrics/motion/sampling_clip_entropy: 0.9266
         Episode_Reward/self_collisions: -1.2667
Metrics/motion/sampling_rank_saturation_fraction: 0.0000
    Metrics/motion/error_anchor_lin_vel: 1.0626
       Metrics/motion/sampling_top1_bin: 0.4167
         Metrics/motion/error_joint_pos: 1.8389
    Metrics/motion/error_anchor_ang_vel: 3.4585
  Episode_Reward/motion_global_root_ori: 0.0694
--------------------------------------------------------------------------------
                         Iteration time: 0.23s
                           Time elapsed: 0:00:04
                                    ETA: 0:00:01

################################################################################
[1m                            Learning iteration 15/20                            [0m 

                               Run name: policy_D_smoke_s41
                            Total steps: 3072 
                       Steps per second: 893 
                        Collection time: 0.182s 
                          Learning time: 0.033s 
                        Mean value loss: 3.6162
                    Mean surrogate loss: -0.0863
                      Mean entropy loss: 41.1554
                            Mean reward: -13.14
                    Mean episode length: 20.37
                        Mean action std: 1.00
  Episode_Reward/motion_global_root_pos: 0.1419
Metrics/motion/sampling_adaptation_total_variation: 0.0138
        Metrics/motion/error_anchor_pos: 0.3441
          Metrics/motion/error_body_pos: 0.2047
Metrics/motion/sampling_unit_effective_count: 613.0750
      Metrics/motion/error_body_ang_vel: 7.0254
      Metrics/motion/error_body_lin_vel: 1.3121
         Episode_Reward/motion_body_pos: 0.3525
    Metrics/motion/segment_failure_rate: 0.9861
             Episode_Reward/joint_limit: -0.1447
        Metrics/motion/error_anchor_rot: 0.5970
      Episode_Termination/segment_trial: 0.0000
 Metrics/motion/segment_censored_resets: 0.0000
     Episode_Reward/motion_body_ang_vel: 0.0123
        Episode_Reward/failure_terminal: -10.0000
Metrics/motion/segment_invalid_start_count: 0.0000
        Metrics/motion/sampling_entropy: 0.9070
     Episode_Reward/motion_body_lin_vel: 0.1679
        Episode_Termination/ee_body_pos: 1.2222
         Metrics/motion/bank_clip_count: 800.0000
 Metrics/motion/sampling_clip_top1_prob: 0.0179
          Episode_Reward/action_rate_l2: -2.6670
         Episode_Termination/anchor_pos: 0.1111
         Episode_Termination/anchor_ori: 0.0000
          Metrics/motion/error_body_rot: 0.6844
Metrics/motion/segment_invalid_reference_frame_count: 0.0000
         Episode_Reward/motion_body_ori: 0.0967
         Metrics/motion/error_joint_vel: 24.8287
      Metrics/motion/sampling_top1_prob: 0.0179
   Metrics/motion/sampling_clip_entropy: 0.9265
         Episode_Reward/self_collisions: -2.0333
Metrics/motion/sampling_rank_saturation_fraction: 0.0000
    Metrics/motion/error_anchor_lin_vel: 1.1561
       Metrics/motion/sampling_top1_bin: 0.4167
         Metrics/motion/error_joint_pos: 1.8320
    Metrics/motion/error_anchor_ang_vel: 4.5110
  Episode_Reward/motion_global_root_ori: 0.0890
--------------------------------------------------------------------------------
                         Iteration time: 0.21s
                           Time elapsed: 0:00:04
                                    ETA: 0:00:01

################################################################################
[1m                            Learning iteration 16/20                            [0m 

                               Run name: policy_D_smoke_s41
                            Total steps: 3264 
                       Steps per second: 817 
                        Collection time: 0.202s 
                          Learning time: 0.033s 
                        Mean value loss: 2.9787
                    Mean surrogate loss: -0.1004
                      Mean entropy loss: 41.1537
                            Mean reward: -13.19
                    Mean episode length: 20.81
                        Mean action std: 1.00
  Episode_Reward/motion_global_root_pos: 0.1429
Metrics/motion/sampling_adaptation_total_variation: 0.0142
        Metrics/motion/error_anchor_pos: 0.2169
          Metrics/motion/error_body_pos: 0.2120
Metrics/motion/sampling_unit_effective_count: 612.6397
      Metrics/motion/error_body_ang_vel: 6.5416
      Metrics/motion/error_body_lin_vel: 1.2424
         Episode_Reward/motion_body_pos: 0.2724
    Metrics/motion/segment_failure_rate: 0.9870
             Episode_Reward/joint_limit: -0.1213
        Metrics/motion/error_anchor_rot: 0.6420
      Episode_Termination/segment_trial: 0.0000
 Metrics/motion/segment_censored_resets: 0.0000
     Episode_Reward/motion_body_ang_vel: 0.0084
        Episode_Reward/failure_terminal: -10.0000
Metrics/motion/segment_invalid_start_count: 0.0000
        Metrics/motion/sampling_entropy: 0.9069
     Episode_Reward/motion_body_lin_vel: 0.1331
        Episode_Termination/ee_body_pos: 1.0000
         Metrics/motion/bank_clip_count: 800.0000
 Metrics/motion/sampling_clip_top1_prob: 0.0180
          Episode_Reward/action_rate_l2: -2.1204
         Episode_Termination/anchor_pos: 0.2500
         Episode_Termination/anchor_ori: 0.0000
          Metrics/motion/error_body_rot: 0.7906
Metrics/motion/segment_invalid_reference_frame_count: 0.0000
         Episode_Reward/motion_body_ori: 0.0720
         Metrics/motion/error_joint_vel: 23.2297
      Metrics/motion/sampling_top1_prob: 0.0180
   Metrics/motion/sampling_clip_entropy: 0.9264
         Episode_Reward/self_collisions: -1.3750
Metrics/motion/sampling_rank_saturation_fraction: 0.0000
    Metrics/motion/error_anchor_lin_vel: 1.0619
       Metrics/motion/sampling_top1_bin: 0.4167
         Metrics/motion/error_joint_pos: 2.1891
    Metrics/motion/error_anchor_ang_vel: 4.6017
  Episode_Reward/motion_global_root_ori: 0.0715
--------------------------------------------------------------------------------
                         Iteration time: 0.23s
                           Time elapsed: 0:00:04
                                    ETA: 0:00:00

################################################################################
[1m                            Learning iteration 17/20                            [0m 

                               Run name: policy_D_smoke_s41
                            Total steps: 3456 
                       Steps per second: 520 
                        Collection time: 0.336s 
                          Learning time: 0.033s 
                        Mean value loss: 2.0936
                    Mean surrogate loss: -0.0971
                      Mean entropy loss: 41.1530
                            Mean reward: -13.02
                    Mean episode length: 19.94
                        Mean action std: 1.00
  Episode_Reward/motion_global_root_pos: 0.0919
Metrics/motion/sampling_adaptation_total_variation: 0.0148
        Metrics/motion/error_anchor_pos: 0.1576
          Metrics/motion/error_body_pos: 0.1465
Metrics/motion/sampling_unit_effective_count: 611.9144
      Metrics/motion/error_body_ang_vel: 7.1026
      Metrics/motion/error_body_lin_vel: 1.2812
         Episode_Reward/motion_body_pos: 0.1952
    Metrics/motion/segment_failure_rate: 0.9879
             Episode_Reward/joint_limit: -0.0932
        Metrics/motion/error_anchor_rot: 0.3465
      Episode_Termination/segment_trial: 0.0000
 Metrics/motion/segment_censored_resets: 0.0000
     Episode_Reward/motion_body_ang_vel: 0.0038
        Episode_Reward/failure_terminal: -10.0000
Metrics/motion/segment_invalid_start_count: 0.0000
        Metrics/motion/sampling_entropy: 0.9067
     Episode_Reward/motion_body_lin_vel: 0.0713
        Episode_Termination/ee_body_pos: 1.3000
         Metrics/motion/bank_clip_count: 800.0000
 Metrics/motion/sampling_clip_top1_prob: 0.0181
          Episode_Reward/action_rate_l2: -1.3712
         Episode_Termination/anchor_pos: 0.0000
         Episode_Termination/anchor_ori: 0.0000
          Metrics/motion/error_body_rot: 0.6171
Metrics/motion/segment_invalid_reference_frame_count: 0.0000
         Episode_Reward/motion_body_ori: 0.0519
         Metrics/motion/error_joint_vel: 26.4749
      Metrics/motion/sampling_top1_prob: 0.0181
   Metrics/motion/sampling_clip_entropy: 0.9262
         Episode_Reward/self_collisions: -0.8567
Metrics/motion/sampling_rank_saturation_fraction: 0.0000
    Metrics/motion/error_anchor_lin_vel: 0.8775
       Metrics/motion/sampling_top1_bin: 0.4167
         Metrics/motion/error_joint_pos: 1.9035
    Metrics/motion/error_anchor_ang_vel: 4.2418
  Episode_Reward/motion_global_root_ori: 0.0594
--------------------------------------------------------------------------------
                         Iteration time: 0.37s
                           Time elapsed: 0:00:05
                                    ETA: 0:00:00

################################################################################
[1m                            Learning iteration 18/20                            [0m 

                               Run name: policy_D_smoke_s41
                            Total steps: 3648 
                       Steps per second: 813 
                        Collection time: 0.203s 
                          Learning time: 0.033s 
                        Mean value loss: 3.8011
                    Mean surrogate loss: -0.0938
                      Mean entropy loss: 41.1556
                            Mean reward: -13.03
                    Mean episode length: 19.77
                        Mean action std: 1.00
  Episode_Reward/motion_global_root_pos: 0.1170
Metrics/motion/sampling_adaptation_total_variation: 0.0152
        Metrics/motion/error_anchor_pos: 0.1984
          Metrics/motion/error_body_pos: 0.1690
Metrics/motion/sampling_unit_effective_count: 611.5423
      Metrics/motion/error_body_ang_vel: 6.9651
      Metrics/motion/error_body_lin_vel: 1.2255
         Episode_Reward/motion_body_pos: 0.2461
    Metrics/motion/segment_failure_rate: 0.9888
             Episode_Reward/joint_limit: -0.1156
        Metrics/motion/error_anchor_rot: 0.4712
      Episode_Termination/segment_trial: 0.0000
 Metrics/motion/segment_censored_resets: 0.0000
     Episode_Reward/motion_body_ang_vel: 0.0064
        Episode_Reward/failure_terminal: -10.0000
Metrics/motion/segment_invalid_start_count: 0.0000
        Metrics/motion/sampling_entropy: 0.9066
     Episode_Reward/motion_body_lin_vel: 0.1094
        Episode_Termination/ee_body_pos: 1.4444
         Metrics/motion/bank_clip_count: 800.0000
 Metrics/motion/sampling_clip_top1_prob: 0.0181
          Episode_Reward/action_rate_l2: -1.7463
         Episode_Termination/anchor_pos: 0.2222
         Episode_Termination/anchor_ori: 0.0000
          Metrics/motion/error_body_rot: 0.6730
Metrics/motion/segment_invalid_reference_frame_count: 0.0000
         Episode_Reward/motion_body_ori: 0.0705
         Metrics/motion/error_joint_vel: 23.9795
      Metrics/motion/sampling_top1_prob: 0.0181
   Metrics/motion/sampling_clip_entropy: 0.9261
         Episode_Reward/self_collisions: -1.2222
Metrics/motion/sampling_rank_saturation_fraction: 0.0000
    Metrics/motion/error_anchor_lin_vel: 0.9640
       Metrics/motion/sampling_top1_bin: 0.4167
         Metrics/motion/error_joint_pos: 2.0339
    Metrics/motion/error_anchor_ang_vel: 3.2590
  Episode_Reward/motion_global_root_ori: 0.0704
--------------------------------------------------------------------------------
                         Iteration time: 0.24s
                           Time elapsed: 0:00:05
                                    ETA: 0:00:00

################################################################################
[1m                            Learning iteration 19/20                            [0m 

                               Run name: policy_D_smoke_s41
                            Total steps: 3840 
                       Steps per second: 873 
                        Collection time: 0.187s 
                          Learning time: 0.033s 
                        Mean value loss: 1.7823
                    Mean surrogate loss: -0.0988
                      Mean entropy loss: 41.1624
                            Mean reward: -12.83
                    Mean episode length: 18.63
                        Mean action std: 1.00
  Episode_Reward/motion_global_root_pos: 0.1055
Metrics/motion/sampling_adaptation_total_variation: 0.0160
        Metrics/motion/error_anchor_pos: 0.1871
          Metrics/motion/error_body_pos: 0.1635
Metrics/motion/sampling_unit_effective_count: 610.7983
      Metrics/motion/error_body_ang_vel: 6.9903
      Metrics/motion/error_body_lin_vel: 1.3035
         Episode_Reward/motion_body_pos: 0.2214
    Metrics/motion/segment_failure_rate: 0.9896
             Episode_Reward/joint_limit: -0.1166
        Metrics/motion/error_anchor_rot: 0.6282
      Episode_Termination/segment_trial: 0.0000
 Metrics/motion/segment_censored_resets: 0.0000
     Episode_Reward/motion_body_ang_vel: 0.0047
        Episode_Reward/failure_terminal: -10.0000
Metrics/motion/segment_invalid_start_count: 0.0000
        Metrics/motion/sampling_entropy: 0.9065
     Episode_Reward/motion_body_lin_vel: 0.0816
        Episode_Termination/ee_body_pos: 0.9091
         Metrics/motion/bank_clip_count: 800.0000
 Metrics/motion/sampling_clip_top1_prob: 0.0180
          Episode_Reward/action_rate_l2: -1.5748
         Episode_Termination/anchor_pos: 0.0909
         Episode_Termination/anchor_ori: 0.0000
          Metrics/motion/error_body_rot: 0.6834
Metrics/motion/segment_invalid_reference_frame_count: 0.0000
         Episode_Reward/motion_body_ori: 0.0634
         Metrics/motion/error_joint_vel: 23.4709
      Metrics/motion/sampling_top1_prob: 0.0180
   Metrics/motion/sampling_clip_entropy: 0.9259
         Episode_Reward/self_collisions: -0.7636
Metrics/motion/sampling_rank_saturation_fraction: 0.0000
    Metrics/motion/error_anchor_lin_vel: 1.1210
       Metrics/motion/sampling_top1_bin: 0.4167
         Metrics/motion/error_joint_pos: 2.0272
    Metrics/motion/error_anchor_ang_vel: 4.4955
  Episode_Reward/motion_global_root_ori: 0.0538
--------------------------------------------------------------------------------
                         Iteration time: 0.22s
                           Time elapsed: 0:00:05
                                    ETA: 0:00:00

DONE rc=0 attempt=1 elapsed_s=16 gpu_hours=0.004444 baseline_vram_mib=388 peak_total_vram_mib=2723 peak_delta_mib=2335 2026-09-05T21:44:23-04:00
