LAUNCH attempt=1 free_mib=15331 util_pct=2 baseline_vram_mib=972 2026-09-05T21:39:38-04:00
[INFO] Training with: device=cuda:0, seed=41, rank=0
[INFO] Using local motion file: /home/linjiw/climb-feasibility-first/bank/amass/KIT_1229_flexion_with_help_02_poses_100_jpos.npz
[INFO] Logging experiment in directory: /home/linjiw/climb-feasibility-first/reports/relative_progress_2026-09-05/policy_smokes_gate_retry/U/g1_tracking/2026-09-05_21-39-40_policy_U_smoke_s41
Setting seed: 41
Warp 1.14.0 initialized:
   CUDA Toolkit 12.9, Driver 13.2
   Devices:
     "cpu"      : "x86_64"
     "cuda:0"   : "NVIDIA GeForce RTX 5080" (15 GiB, sm_120, mempool enabled)
   Kernel cache:
     /home/linjiw/.cache/warp/1.14.0
Module mujoco_warp._src.smooth e597d07 load on device 'cuda:0' took 4.65 ms  (cached)
Module _nxn_broadphase__locals__kernel_df6640ed df6640e load on device 'cuda:0' took 1.53 ms  (cached)
Module _primitive_narrowphase__locals__primitive_narrowphase_0d45ffc8 0d45ffc load on device 'cuda:0' took 1.65 ms  (cached)
Module mujoco_warp._src.constraint 880bd7f load on device 'cuda:0' took 1.05 ms  (cached)
Module _friction_dof__locals__kernel_196c77d2 196c77d load on device 'cuda:0' took 1.27 ms  (cached)
Module _limit_slide_hinge__locals__kernel_6e38514e 6e38514 load on device 'cuda:0' took 1.38 ms  (cached)
Module _efc_contact_init__locals__kernel_6eab31b8 6eab31b load on device 'cuda:0' took 1.19 ms  (cached)
Module _efc_contact_jac_sparse__locals__kernel_f9099d1d f9099d1 load on device 'cuda:0' took 1.14 ms  (cached)
Module _efc_contact_update__locals__kernel_8aad7bfd 8aad7bf load on device 'cuda:0' took 1.26 ms  (cached)
Module mujoco_warp._src.sensor 42e0a24 load on device 'cuda:0' took 3.95 ms  (cached)
Module mujoco_warp._src.forward 687ddb7 load on device 'cuda:0' took 2.22 ms  (cached)
Module mujoco_warp._src.passive 8ff6993 load on device 'cuda:0' took 2.28 ms  (cached)
Module mujoco_warp._src.forward 2190340 load on device 'cuda:0' took 2.17 ms  (cached)
Module _qfrc_smooth__locals__kernel_6eb3d958 6eb3d95 load on device 'cuda:0' took 1.12 ms  (cached)
Module mujoco_warp._src.support d1e71d9 load on device 'cuda:0' took 1.16 ms  (cached)
Module _tile_cholesky_factorize_solve_block__locals__kernel_beb64870 837cd89 load on device 'cuda:0' took 32.31 ms  (cached)
Module _solve_init_dof__locals__kernel_c6f567bf c6f567b load on device 'cuda:0' took 1.13 ms  (cached)
Module mujoco_warp._src.solver 245b5b3 load on device 'cuda:0' took 2.53 ms  (cached)
Module _solve_init_jaref_kernel__locals__kernel_1971c1c1 1971c1c load on device 'cuda:0' took 1.04 ms  (cached)
Module mul_m_kernel__locals___mul_m_fd2186c4 fd2186c load on device 'cuda:0' took 0.94 ms  (cached)
Module _update_constraint_efc__locals__kernel_4af8f110 4af8f11 load on device 'cuda:0' took 1.07 ms  (cached)
Module _update_constraint_init_qfrc_constraint_sparse__locals__kernel_16efb537 16efb53 load on device 'cuda:0' took 1.07 ms  (cached)
Module _update_gradient_zero_grad_dot__locals__kernel_cb780630 cb78063 load on device 'cuda:0' took 1.01 ms  (cached)
Module _update_gradient_grad__locals__kernel_0cbf4927 0cbf492 load on device 'cuda:0' took 0.97 ms  (cached)
Module _update_gradient_init_h_sparse__locals__kernel_8d599502 8d59950 load on device 'cuda:0' took 0.97 ms  (cached)
Module _JTDAJ_sparse__locals__kernel_6fe61e97 6fe61e9 load on device 'cuda:0' took 0.94 ms  (cached)
Module _JTDAJ_sparse__locals__kernel_6fe61e97 4406f08 load on device 'cuda:0' took 0.85 ms  (cached)
Module _update_gradient_cholesky_blocked__locals__kernel_425d32be 40254b5 load on device 'cuda:0' took 58.53 ms  (cached)
Module _linesearch_jv_fused_kernel__locals__kernel_0509eab7 0509eab load on device 'cuda:0' took 1.12 ms  (cached)
Module _linesearch_iterative_kernel__locals__kernel_59bb1059 897906f load on device 'cuda:0' took 1.62 ms  (cached)
Module _update_constraint_efc__locals__kernel_e30beb1f e30beb1 load on device 'cuda:0' took 1.25 ms  (cached)
Module _update_gradient_zero_grad_dot__locals__kernel_f708ee5f f708ee5 load on device 'cuda:0' took 1.00 ms  (cached)
Module _update_gradient_grad__locals__kernel_cb93df65 cb93df6 load on device 'cuda:0' took 1.18 ms  (cached)
Module _update_gradient_h_incremental_sparse__locals__kernel_abf1f59a abf1f59 load on device 'cuda:0' took 1.05 ms  (cached)
Module _update_gradient_cholesky_blocked_skip_unchanged__locals__kernel_955af8fc 250c823 load on device 'cuda:0' took 66.49 ms  (cached)
Module _contact_sort__locals__contact_sort_321f5f3e 33ea4e1 load on device 'cuda:0' took 1.35 ms  (cached)
Module mujoco_warp._src.derivative e770e28 load on device 'cuda:0' took 1.92 ms  (cached)
Module _next_time_builder__locals___next_time_95ad6d7a 95ad6d7 load on device 'cuda:0' took 1.24 ms  (cached)
Module reset_data__locals__reset_xfrc_applied_03030511 0303051 load on device 'cuda:0' took 1.33 ms  (cached)
Module reset_data__locals__reset_M_631075dd 631075d load on device 'cuda:0' took 1.09 ms  (cached)
Module reset_data__locals__reset_mocap_6513201c 6513201 load on device 'cuda:0' took 1.10 ms  (cached)
Module reset_data__locals__reset_contact_5c08f689 5c08f68 load on device 'cuda:0' took 1.07 ms  (cached)
Module reset_data__locals__reset_sleep_50b990da 50b990d load on device 'cuda:0' took 1.04 ms  (cached)
Module reset_data__locals__reset_nworld_69a10925 69a1092 load on device 'cuda:0' took 1.13 ms  (cached)

+---------------------------------+
|         Base Environment        |
+------------------------+--------+
| Property               | Value  |
+------------------------+--------+
| Number of environments | 8      |
| Environment device     | cuda:0 |
| Environment seed       | 41     |
| Physics step-size      | 0.005  |
| Environment step-size  | 0.02   |
+------------------------+--------+

[INFO] <EventManager> contains 2 active terms.
+----------------------------------------------+
|    Active Event Terms in Mode: 'interval'    |
+-------+------------+-------------------------+
| Index | Name       | Interval time range (s) |
+-------+------------+-------------------------+
|   0   | push_robot |        (1.0, 3.0)       |
+-------+------------+-------------------------+
+---------------------------------------+
| Active Event Terms in Mode: 'startup' |
+-----------+---------------------------+
|   Index   | Name                      |
+-----------+---------------------------+
|     0     | base_com                  |
|     1     | encoder_bias              |
|     2     | foot_friction             |
+-----------+---------------------------+
+-----------------------------+
| Domain Randomization Fields |
+-------+---------------------+
| Index | Field Name          |
+-------+---------------------+
|   0   | body_ipos           |
|   1   | body_subtreemass    |
|   2   | dof_invweight0      |
|   3   | body_invweight0     |
|   4   | tendon_length0      |
|   5   | tendon_invweight0   |
|   6   | actuator_acc0       |
|   7   | geom_friction       |
+-------+---------------------+

Module repeat_array_kernel_4f67a4c3 711f54c load on device 'cuda:0' took 1.07 ms  (cached)
Module repeat_array_kernel_4f67a4c3 7224d07 load on device 'cuda:0' took 1.09 ms  (cached)
Module repeat_array_kernel_4f67a4c3 b2885b0 load on device 'cuda:0' took 1.07 ms  (cached)
[climb] motion bank: 800 clips, 2.54 h @ 50 fps, clip length min/median/max = 1.1/7.5/155.9 s
[INFO] <CommandManager> contains 1 active terms.
+---------------------------------------------+
|             Active Command Terms            |
+-------+--------+----------------------------+
| Index | Name   |            Type            |
+-------+--------+----------------------------+
|   0   | motion | SegmentNativeMotionCommand |
+-------+--------+----------------------------+

[INFO] <ActionManager> contains 1 active terms.
+---------------------------------+
| Active Action Terms (shape: 29) |
+-------+-----------+-------------+
| Index | Name      |   Dimension |
+-------+-----------+-------------+
|   0   | joint_pos |          29 |
+-------+-----------+-------------+

[INFO] <ObservationManager> contains 2 groups.
+------------------------------------------------------------+
| Active Observation Terms in Group: 'actor' (shape: (160,)) |
+----------+------------------------------------+------------+
|  Index   | Name                               |   Shape    |
+----------+------------------------------------+------------+
|    0     | command                            |   (58,)    |
|    1     | motion_anchor_pos_b                |    (3,)    |
|    2     | motion_anchor_ori_b                |    (6,)    |
|    3     | base_lin_vel                       |    (3,)    |
|    4     | base_ang_vel                       |    (3,)    |
|    5     | joint_pos                          |   (29,)    |
|    6     | joint_vel                          |   (29,)    |
|    7     | actions                            |   (29,)    |
+----------+------------------------------------+------------+
+-------------------------------------------------------------+
| Active Observation Terms in Group: 'critic' (shape: (286,)) |
+-----------+------------------------------------+------------+
|   Index   | Name                               |   Shape    |
+-----------+------------------------------------+------------+
|     0     | command                            |   (58,)    |
|     1     | motion_anchor_pos_b                |    (3,)    |
|     2     | motion_anchor_ori_b                |    (6,)    |
|     3     | body_pos                           |   (42,)    |
|     4     | body_ori                           |   (84,)    |
|     5     | base_lin_vel                       |    (3,)    |
|     6     | base_ang_vel                       |    (3,)    |
|     7     | joint_pos                          |   (29,)    |
|     8     | joint_vel                          |   (29,)    |
|     9     | actions                            |   (29,)    |
+-----------+------------------------------------+------------+

[INFO] <TerminationManager> contains 4 active terms.
+----------------------------------+
|     Active Termination Terms     |
+-------+---------------+----------+
| Index | Name          | Time Out |
+-------+---------------+----------+
|   0   | anchor_pos    |  False   |
|   1   | anchor_ori    |  False   |
|   2   | ee_body_pos   |  False   |
|   3   | segment_trial |   True   |
+-------+---------------+----------+

[INFO] <RewardManager> contains 10 active terms.
+-----------------------------------------+
|           Active Reward Terms           |
+-------+------------------------+--------+
| Index | Name                   | Weight |
+-------+------------------------+--------+
|   0   | motion_global_root_pos |    0.5 |
|   1   | motion_global_root_ori |    0.5 |
|   2   | motion_body_pos        |    1.0 |
|   3   | motion_body_ori        |    1.0 |
|   4   | motion_body_lin_vel    |    1.0 |
|   5   | motion_body_ang_vel    |    1.0 |
|   6   | action_rate_l2         |   -0.1 |
|   7   | joint_limit            |  -10.0 |
|   8   | self_collisions        |  -10.0 |
|   9   | failure_terminal       | -500.0 |
+-------+------------------------+--------+

[INFO] <NullCurriculumManager> (inactive)
[INFO] <NullMetricsManager> (inactive)
[INFO] <NullRecorderManager> (inactive)
Module mujoco_warp._src.io 19274fb load on device 'cuda:0' took 2.29 ms  (cached)
Module _tile_cholesky_factorize_block__locals__kernel_1a8ac315 67a96c9 load on device 'cuda:0' took 18.86 ms  (cached)
Module _tile_cholesky_solve_block__locals__kernel_be7133b6 6b45561 load on device 'cuda:0' took 18.91 ms  (cached)
--------------------------------------------------------------------------------
Resolved observation sets: 
	 actor :  ('actor',)
	 critic :  ('critic',)
--------------------------------------------------------------------------------
Actor Model: MLPModel(
  (obs_normalizer): EmpiricalNormalization()
  (distribution): GaussianDistribution()
  (mlp): MLP(
    (0): Linear(in_features=160, out_features=512, bias=True)
    (1): ELU(alpha=1.0)
    (2): Linear(in_features=512, out_features=256, bias=True)
    (3): ELU(alpha=1.0)
    (4): Linear(in_features=256, out_features=128, bias=True)
    (5): ELU(alpha=1.0)
    (6): Linear(in_features=128, out_features=29, bias=True)
  )
)
Critic Model: MLPModel(
  (obs_normalizer): EmpiricalNormalization()
  (mlp): MLP(
    (0): Linear(in_features=286, out_features=512, bias=True)
    (1): ELU(alpha=1.0)
    (2): Linear(in_features=512, out_features=256, bias=True)
    (3): ELU(alpha=1.0)
    (4): Linear(in_features=256, out_features=128, bias=True)
    (5): ELU(alpha=1.0)
    (6): Linear(in_features=128, out_features=1, bias=True)
  )
)
Storing git diff for 'mjlab-1.6.0' in: /home/linjiw/climb-feasibility-first/reports/relative_progress_2026-09-05/policy_smokes_gate_retry/U/g1_tracking/2026-09-05_21-39-40_policy_U_smoke_s41/git/mjlab-1.6.0.diff
################################################################################
[1m                            Learning iteration 0/20                             [0m 

                               Run name: policy_U_smoke_s41
                            Total steps: 192 
                       Steps per second: 153 
                        Collection time: 1.135s 
                          Learning time: 0.114s 
                        Mean value loss: 29.0235
                    Mean surrogate loss: -0.1166
                      Mean entropy loss: 41.1421
                            Mean reward: -11.33
                    Mean episode length: 12.00
                        Mean action std: 1.00
 Metrics/motion/sampling_clip_top1_prob: 0.0172
          Episode_Reward/action_rate_l2: -1.4293
         Episode_Termination/anchor_pos: 0.0000
 Metrics/motion/segment_censored_resets: 0.0000
      Metrics/motion/sampling_top1_prob: 0.0164
    Metrics/motion/error_anchor_lin_vel: 0.7622
          Metrics/motion/error_body_pos: 0.1441
     Episode_Reward/motion_body_lin_vel: 0.1059
    Metrics/motion/segment_failure_rate: 0.8571
  Episode_Reward/motion_global_root_pos: 0.1076
         Metrics/motion/bank_clip_count: 800.0001
         Episode_Reward/self_collisions: -0.5714
Metrics/motion/segment_invalid_start_count: 0.0000
             Episode_Reward/joint_limit: -0.0440
      Metrics/motion/error_body_ang_vel: 5.5738
        Metrics/motion/error_anchor_pos: 0.1503
Metrics/motion/sampling_adaptation_total_variation: 0.0000
       Metrics/motion/sampling_top1_bin: 0.4167
        Episode_Termination/ee_body_pos: 1.1429
      Metrics/motion/error_body_lin_vel: 0.9695
         Episode_Termination/anchor_ori: 0.0000
         Metrics/motion/error_joint_pos: 1.6842
    Metrics/motion/error_anchor_ang_vel: 2.9279
        Metrics/motion/sampling_entropy: 0.9095
   Metrics/motion/sampling_clip_entropy: 0.9287
  Episode_Reward/motion_global_root_ori: 0.0855
         Episode_Reward/motion_body_pos: 0.2187
Metrics/motion/sampling_unit_effective_count: 624.0341
         Metrics/motion/error_joint_vel: 20.3963
         Episode_Reward/motion_body_ori: 0.0693
Metrics/motion/sampling_rank_saturation_fraction: 0.0000
        Metrics/motion/error_anchor_rot: 0.3419
      Episode_Termination/segment_trial: 0.0000
        Episode_Reward/failure_terminal: -10.0000
     Episode_Reward/motion_body_ang_vel: 0.0075
          Metrics/motion/error_body_rot: 0.5839
Metrics/motion/segment_invalid_reference_frame_count: 0.0000
--------------------------------------------------------------------------------
                         Iteration time: 1.25s
                           Time elapsed: 0:00:01
                                    ETA: 0:00:23

################################################################################
[1m                            Learning iteration 1/20                             [0m 

                               Run name: policy_U_smoke_s41
                            Total steps: 384 
                       Steps per second: 616 
                        Collection time: 0.262s 
                          Learning time: 0.050s 
                        Mean value loss: 24.3903
                    Mean surrogate loss: -0.1064
                      Mean entropy loss: 41.1422
                            Mean reward: -11.71
                    Mean episode length: 14.81
                        Mean action std: 1.00
 Metrics/motion/sampling_clip_top1_prob: 0.0172
          Episode_Reward/action_rate_l2: -1.7533
         Episode_Termination/anchor_pos: 0.2857
 Metrics/motion/segment_censored_resets: 0.0000
      Metrics/motion/sampling_top1_prob: 0.0164
    Metrics/motion/error_anchor_lin_vel: 1.0663
          Metrics/motion/error_body_pos: 0.1603
     Episode_Reward/motion_body_lin_vel: 0.1221
    Metrics/motion/segment_failure_rate: 1.0000
  Episode_Reward/motion_global_root_pos: 0.1214
         Metrics/motion/bank_clip_count: 800.0001
         Episode_Reward/self_collisions: -0.6000
Metrics/motion/segment_invalid_start_count: 0.0000
             Episode_Reward/joint_limit: -0.0882
      Metrics/motion/error_body_ang_vel: 6.2177
        Metrics/motion/error_anchor_pos: 0.1966
Metrics/motion/sampling_adaptation_total_variation: 0.0000
       Metrics/motion/sampling_top1_bin: 0.4167
        Episode_Termination/ee_body_pos: 1.0000
      Metrics/motion/error_body_lin_vel: 1.1608
         Episode_Termination/anchor_ori: 0.0000
         Metrics/motion/error_joint_pos: 1.7532
    Metrics/motion/error_anchor_ang_vel: 4.7547
        Metrics/motion/sampling_entropy: 0.9095
   Metrics/motion/sampling_clip_entropy: 0.9287
  Episode_Reward/motion_global_root_ori: 0.0680
         Episode_Reward/motion_body_pos: 0.2565
Metrics/motion/sampling_unit_effective_count: 624.0341
         Metrics/motion/error_joint_vel: 22.6258
         Episode_Reward/motion_body_ori: 0.0702
Metrics/motion/sampling_rank_saturation_fraction: 0.0000
        Metrics/motion/error_anchor_rot: 0.4578
      Episode_Termination/segment_trial: 0.0000
        Episode_Reward/failure_terminal: -10.0000
     Episode_Reward/motion_body_ang_vel: 0.0086
          Metrics/motion/error_body_rot: 0.6439
Metrics/motion/segment_invalid_reference_frame_count: 0.0000
--------------------------------------------------------------------------------
                         Iteration time: 0.31s
                           Time elapsed: 0:00:01
                                    ETA: 0:00:14

################################################################################
[1m                            Learning iteration 2/20                             [0m 

                               Run name: policy_U_smoke_s41
                            Total steps: 576 
                       Steps per second: 590 
                        Collection time: 0.280s 
                          Learning time: 0.045s 
                        Mean value loss: 28.7831
                    Mean surrogate loss: -0.1122
                      Mean entropy loss: 41.1412
                            Mean reward: -12.45
                    Mean episode length: 18.42
                        Mean action std: 1.00
 Metrics/motion/sampling_clip_top1_prob: 0.0172
          Episode_Reward/action_rate_l2: -2.7931
         Episode_Termination/anchor_pos: 0.2000
 Metrics/motion/segment_censored_resets: 0.0000
      Metrics/motion/sampling_top1_prob: 0.0164
    Metrics/motion/error_anchor_lin_vel: 1.2701
          Metrics/motion/error_body_pos: 0.2171
     Episode_Reward/motion_body_lin_vel: 0.1802
    Metrics/motion/segment_failure_rate: 1.0000
  Episode_Reward/motion_global_root_pos: 0.1659
         Metrics/motion/bank_clip_count: 800.0000
         Episode_Reward/self_collisions: -1.6000
Metrics/motion/segment_invalid_start_count: 0.0000
             Episode_Reward/joint_limit: -0.1993
      Metrics/motion/error_body_ang_vel: 6.7867
        Metrics/motion/error_anchor_pos: 0.3024
Metrics/motion/sampling_adaptation_total_variation: 0.0000
       Metrics/motion/sampling_top1_bin: 0.4167
        Episode_Termination/ee_body_pos: 0.9000
      Metrics/motion/error_body_lin_vel: 1.3233
         Episode_Termination/anchor_ori: 0.0000
         Metrics/motion/error_joint_pos: 1.6353
    Metrics/motion/error_anchor_ang_vel: 3.4851
        Metrics/motion/sampling_entropy: 0.9095
   Metrics/motion/sampling_clip_entropy: 0.9287
  Episode_Reward/motion_global_root_ori: 0.1015
         Episode_Reward/motion_body_pos: 0.3810
Metrics/motion/sampling_unit_effective_count: 624.0341
         Metrics/motion/error_joint_vel: 23.3554
         Episode_Reward/motion_body_ori: 0.1186
Metrics/motion/sampling_rank_saturation_fraction: 0.0000
        Metrics/motion/error_anchor_rot: 0.6660
      Episode_Termination/segment_trial: 0.0000
        Episode_Reward/failure_terminal: -10.0000
     Episode_Reward/motion_body_ang_vel: 0.0149
          Metrics/motion/error_body_rot: 0.6807
Metrics/motion/segment_invalid_reference_frame_count: 0.0000
--------------------------------------------------------------------------------
                         Iteration time: 0.33s
                           Time elapsed: 0:00:01
                                    ETA: 0:00:10

################################################################################
[1m                            Learning iteration 3/20                             [0m 

                               Run name: policy_U_smoke_s41
                            Total steps: 768 
                       Steps per second: 578 
                        Collection time: 0.282s 
                          Learning time: 0.050s 
                        Mean value loss: 34.1531
                    Mean surrogate loss: -0.1011
                      Mean entropy loss: 41.1398
                            Mean reward: -12.83
                    Mean episode length: 20.06
                        Mean action std: 1.00
 Metrics/motion/sampling_clip_top1_prob: 0.0172
          Episode_Reward/action_rate_l2: -2.9455
         Episode_Termination/anchor_pos: 0.1250
 Metrics/motion/segment_censored_resets: 0.0000
      Metrics/motion/sampling_top1_prob: 0.0164
    Metrics/motion/error_anchor_lin_vel: 1.2093
          Metrics/motion/error_body_pos: 0.2167
     Episode_Reward/motion_body_lin_vel: 0.2045
    Metrics/motion/segment_failure_rate: 1.0000
  Episode_Reward/motion_global_root_pos: 0.1851
         Metrics/motion/bank_clip_count: 800.0000
         Episode_Reward/self_collisions: -2.0083
Metrics/motion/segment_invalid_start_count: 0.0000
             Episode_Reward/joint_limit: -0.1391
      Metrics/motion/error_body_ang_vel: 6.5886
        Metrics/motion/error_anchor_pos: 0.2833
Metrics/motion/sampling_adaptation_total_variation: 0.0000
       Metrics/motion/sampling_top1_bin: 0.4167
        Episode_Termination/ee_body_pos: 1.2500
      Metrics/motion/error_body_lin_vel: 1.3180
         Episode_Termination/anchor_ori: 0.0000
         Metrics/motion/error_joint_pos: 1.6331
    Metrics/motion/error_anchor_ang_vel: 4.2676
        Metrics/motion/sampling_entropy: 0.9095
   Metrics/motion/sampling_clip_entropy: 0.9287
  Episode_Reward/motion_global_root_ori: 0.0748
         Episode_Reward/motion_body_pos: 0.4048
Metrics/motion/sampling_unit_effective_count: 624.0341
         Metrics/motion/error_joint_vel: 22.4198
         Episode_Reward/motion_body_ori: 0.1131
Metrics/motion/sampling_rank_saturation_fraction: 0.0000
        Metrics/motion/error_anchor_rot: 0.7939
      Episode_Termination/segment_trial: 0.0000
        Episode_Reward/failure_terminal: -10.0000
     Episode_Reward/motion_body_ang_vel: 0.0144
          Metrics/motion/error_body_rot: 0.6027
Metrics/motion/segment_invalid_reference_frame_count: 0.0000
--------------------------------------------------------------------------------
                         Iteration time: 0.33s
                           Time elapsed: 0:00:02
                                    ETA: 0:00:08

################################################################################
[1m                            Learning iteration 4/20                             [0m 

                               Run name: policy_U_smoke_s41
                            Total steps: 960 
                       Steps per second: 713 
                        Collection time: 0.234s 
                          Learning time: 0.035s 
                        Mean value loss: 20.9596
                    Mean surrogate loss: -0.1030
                      Mean entropy loss: 41.1383
                            Mean reward: -12.41
                    Mean episode length: 17.87
                        Mean action std: 1.00
 Metrics/motion/sampling_clip_top1_prob: 0.0172
          Episode_Reward/action_rate_l2: -0.9967
         Episode_Termination/anchor_pos: 0.0000
 Metrics/motion/segment_censored_resets: 0.0000
      Metrics/motion/sampling_top1_prob: 0.0164
    Metrics/motion/error_anchor_lin_vel: 0.8499
          Metrics/motion/error_body_pos: 0.1083
     Episode_Reward/motion_body_lin_vel: 0.0521
    Metrics/motion/segment_failure_rate: 1.0000
  Episode_Reward/motion_global_root_pos: 0.0779
         Metrics/motion/bank_clip_count: 800.0000
         Episode_Reward/self_collisions: -0.1250
Metrics/motion/segment_invalid_start_count: 0.0000
             Episode_Reward/joint_limit: -0.0405
      Metrics/motion/error_body_ang_vel: 7.7660
        Metrics/motion/error_anchor_pos: 0.0944
Metrics/motion/sampling_adaptation_total_variation: 0.0000
       Metrics/motion/sampling_top1_bin: 0.4167
        Episode_Termination/ee_body_pos: 1.2500
      Metrics/motion/error_body_lin_vel: 1.2215
         Episode_Termination/anchor_ori: 0.0000
         Metrics/motion/error_joint_pos: 1.8636
    Metrics/motion/error_anchor_ang_vel: 2.6020
        Metrics/motion/sampling_entropy: 0.9095
   Metrics/motion/sampling_clip_entropy: 0.9287
  Episode_Reward/motion_global_root_ori: 0.0531
         Episode_Reward/motion_body_pos: 0.1505
Metrics/motion/sampling_unit_effective_count: 624.0341
         Metrics/motion/error_joint_vel: 25.3808
         Episode_Reward/motion_body_ori: 0.0496
Metrics/motion/sampling_rank_saturation_fraction: 0.0000
        Metrics/motion/error_anchor_rot: 0.2815
      Episode_Termination/segment_trial: 0.0000
        Episode_Reward/failure_terminal: -10.0000
     Episode_Reward/motion_body_ang_vel: 0.0019
          Metrics/motion/error_body_rot: 0.6097
Metrics/motion/segment_invalid_reference_frame_count: 0.0000
--------------------------------------------------------------------------------
                         Iteration time: 0.27s
                           Time elapsed: 0:00:02
                                    ETA: 0:00:07

################################################################################
[1m                            Learning iteration 5/20                             [0m 

                               Run name: policy_U_smoke_s41
                            Total steps: 1152 
                       Steps per second: 816 
                        Collection time: 0.196s 
                          Learning time: 0.039s 
                        Mean value loss: 20.7331
                    Mean surrogate loss: -0.1103
                      Mean entropy loss: 41.1368
                            Mean reward: -12.55
                    Mean episode length: 18.43
                        Mean action std: 1.00
 Metrics/motion/sampling_clip_top1_prob: 0.0172
          Episode_Reward/action_rate_l2: -1.9725
         Episode_Termination/anchor_pos: 0.6250
 Metrics/motion/segment_censored_resets: 0.0000
      Metrics/motion/sampling_top1_prob: 0.0164
    Metrics/motion/error_anchor_lin_vel: 1.3978
          Metrics/motion/error_body_pos: 0.2045
     Episode_Reward/motion_body_lin_vel: 0.1195
    Metrics/motion/segment_failure_rate: 1.0000
  Episode_Reward/motion_global_root_pos: 0.1207
         Metrics/motion/bank_clip_count: 800.0000
         Episode_Reward/self_collisions: -1.3250
Metrics/motion/segment_invalid_start_count: 0.0000
             Episode_Reward/joint_limit: -0.0732
      Metrics/motion/error_body_ang_vel: 6.5334
        Metrics/motion/error_anchor_pos: 0.2908
Metrics/motion/sampling_adaptation_total_variation: 0.0000
       Metrics/motion/sampling_top1_bin: 0.4167
        Episode_Termination/ee_body_pos: 0.8750
      Metrics/motion/error_body_lin_vel: 1.4156
         Episode_Termination/anchor_ori: 0.0000
         Metrics/motion/error_joint_pos: 1.7447
    Metrics/motion/error_anchor_ang_vel: 3.8747
        Metrics/motion/sampling_entropy: 0.9095
   Metrics/motion/sampling_clip_entropy: 0.9287
  Episode_Reward/motion_global_root_ori: 0.0726
         Episode_Reward/motion_body_pos: 0.2776
Metrics/motion/sampling_unit_effective_count: 624.0341
         Metrics/motion/error_joint_vel: 23.2742
         Episode_Reward/motion_body_ori: 0.0705
Metrics/motion/sampling_rank_saturation_fraction: 0.0000
        Metrics/motion/error_anchor_rot: 0.6196
      Episode_Termination/segment_trial: 0.0000
        Episode_Reward/failure_terminal: -10.0000
     Episode_Reward/motion_body_ang_vel: 0.0104
          Metrics/motion/error_body_rot: 0.7140
Metrics/motion/segment_invalid_reference_frame_count: 0.0000
--------------------------------------------------------------------------------
                         Iteration time: 0.24s
                           Time elapsed: 0:00:02
                                    ETA: 0:00:06

################################################################################
[1m                            Learning iteration 6/20                             [0m 

                               Run name: policy_U_smoke_s41
                            Total steps: 1344 
                       Steps per second: 706 
                        Collection time: 0.235s 
                          Learning time: 0.037s 
                        Mean value loss: 18.0088
                    Mean surrogate loss: -0.1104
                      Mean entropy loss: 41.1390
                            Mean reward: -12.72
                    Mean episode length: 18.74
                        Mean action std: 1.00
 Metrics/motion/sampling_clip_top1_prob: 0.0172
          Episode_Reward/action_rate_l2: -2.3810
         Episode_Termination/anchor_pos: 0.1111
 Metrics/motion/segment_censored_resets: 0.0000
      Metrics/motion/sampling_top1_prob: 0.0164
    Metrics/motion/error_anchor_lin_vel: 1.2032
          Metrics/motion/error_body_pos: 0.1976
     Episode_Reward/motion_body_lin_vel: 0.1668
    Metrics/motion/segment_failure_rate: 1.0000
  Episode_Reward/motion_global_root_pos: 0.1453
         Metrics/motion/bank_clip_count: 800.0000
         Episode_Reward/self_collisions: -2.1111
Metrics/motion/segment_invalid_start_count: 0.0000
             Episode_Reward/joint_limit: -0.0843
      Metrics/motion/error_body_ang_vel: 6.6306
        Metrics/motion/error_anchor_pos: 0.2577
Metrics/motion/sampling_adaptation_total_variation: 0.0000
       Metrics/motion/sampling_top1_bin: 0.4167
        Episode_Termination/ee_body_pos: 1.0000
      Metrics/motion/error_body_lin_vel: 1.0874
         Episode_Termination/anchor_ori: 0.0000
         Metrics/motion/error_joint_pos: 1.9322
    Metrics/motion/error_anchor_ang_vel: 4.1387
        Metrics/motion/sampling_entropy: 0.9095
   Metrics/motion/sampling_clip_entropy: 0.9287
  Episode_Reward/motion_global_root_ori: 0.0877
         Episode_Reward/motion_body_pos: 0.3105
Metrics/motion/sampling_unit_effective_count: 624.0341
         Metrics/motion/error_joint_vel: 23.1750
         Episode_Reward/motion_body_ori: 0.0760
Metrics/motion/sampling_rank_saturation_fraction: 0.0000
        Metrics/motion/error_anchor_rot: 0.5881
      Episode_Termination/segment_trial: 0.0000
        Episode_Reward/failure_terminal: -10.0000
     Episode_Reward/motion_body_ang_vel: 0.0104
          Metrics/motion/error_body_rot: 0.7470
Metrics/motion/segment_invalid_reference_frame_count: 0.0000
--------------------------------------------------------------------------------
                         Iteration time: 0.27s
                           Time elapsed: 0:00:02
                                    ETA: 0:00:05

################################################################################
[1m                            Learning iteration 7/20                             [0m 

                               Run name: policy_U_smoke_s41
                            Total steps: 1536 
                       Steps per second: 780 
                        Collection time: 0.200s 
                          Learning time: 0.046s 
                        Mean value loss: 15.7369
                    Mean surrogate loss: -0.1029
                      Mean entropy loss: 41.1408
                            Mean reward: -12.84
                    Mean episode length: 19.27
                        Mean action std: 1.00
 Metrics/motion/sampling_clip_top1_prob: 0.0172
          Episode_Reward/action_rate_l2: -2.5954
         Episode_Termination/anchor_pos: 0.1250
 Metrics/motion/segment_censored_resets: 0.0000
      Metrics/motion/sampling_top1_prob: 0.0164
    Metrics/motion/error_anchor_lin_vel: 0.9850
          Metrics/motion/error_body_pos: 0.1968
     Episode_Reward/motion_body_lin_vel: 0.1671
    Metrics/motion/segment_failure_rate: 1.0000
  Episode_Reward/motion_global_root_pos: 0.1518
         Metrics/motion/bank_clip_count: 800.0000
         Episode_Reward/self_collisions: -1.5500
Metrics/motion/segment_invalid_start_count: 0.0000
             Episode_Reward/joint_limit: -0.1528
      Metrics/motion/error_body_ang_vel: 6.6174
        Metrics/motion/error_anchor_pos: 0.2677
Metrics/motion/sampling_adaptation_total_variation: 0.0000
       Metrics/motion/sampling_top1_bin: 0.4167
        Episode_Termination/ee_body_pos: 1.0000
      Metrics/motion/error_body_lin_vel: 1.1416
         Episode_Termination/anchor_ori: 0.1250
         Metrics/motion/error_joint_pos: 1.6908
    Metrics/motion/error_anchor_ang_vel: 3.8541
        Metrics/motion/sampling_entropy: 0.9095
   Metrics/motion/sampling_clip_entropy: 0.9287
  Episode_Reward/motion_global_root_ori: 0.0935
         Episode_Reward/motion_body_pos: 0.3551
Metrics/motion/sampling_unit_effective_count: 624.0341
         Metrics/motion/error_joint_vel: 23.6187
         Episode_Reward/motion_body_ori: 0.1136
Metrics/motion/sampling_rank_saturation_fraction: 0.0000
        Metrics/motion/error_anchor_rot: 0.6721
      Episode_Termination/segment_trial: 0.0000
        Episode_Reward/failure_terminal: -10.0000
     Episode_Reward/motion_body_ang_vel: 0.0119
          Metrics/motion/error_body_rot: 0.6753
Metrics/motion/segment_invalid_reference_frame_count: 0.0000
--------------------------------------------------------------------------------
                         Iteration time: 0.25s
                           Time elapsed: 0:00:03
                                    ETA: 0:00:04

################################################################################
[1m                            Learning iteration 8/20                             [0m 

                               Run name: policy_U_smoke_s41
                            Total steps: 1728 
                       Steps per second: 741 
                        Collection time: 0.222s 
                          Learning time: 0.037s 
                        Mean value loss: 8.0845
                    Mean surrogate loss: -0.1024
                      Mean entropy loss: 41.1420
                            Mean reward: -12.86
                    Mean episode length: 19.49
                        Mean action std: 1.00
 Metrics/motion/sampling_clip_top1_prob: 0.0172
          Episode_Reward/action_rate_l2: -2.5832
         Episode_Termination/anchor_pos: 0.0000
 Metrics/motion/segment_censored_resets: 0.0000
      Metrics/motion/sampling_top1_prob: 0.0164
    Metrics/motion/error_anchor_lin_vel: 1.0846
          Metrics/motion/error_body_pos: 0.2004
     Episode_Reward/motion_body_lin_vel: 0.1865
    Metrics/motion/segment_failure_rate: 0.9965
  Episode_Reward/motion_global_root_pos: 0.1654
         Metrics/motion/bank_clip_count: 800.0001
         Episode_Reward/self_collisions: -2.7286
Metrics/motion/segment_invalid_start_count: 0.0000
             Episode_Reward/joint_limit: -0.1094
      Metrics/motion/error_body_ang_vel: 6.1331
        Metrics/motion/error_anchor_pos: 0.2948
Metrics/motion/sampling_adaptation_total_variation: 0.0000
       Metrics/motion/sampling_top1_bin: 0.4167
        Episode_Termination/ee_body_pos: 1.0000
      Metrics/motion/error_body_lin_vel: 1.0932
         Episode_Termination/anchor_ori: 0.0000
         Metrics/motion/error_joint_pos: 1.9077
    Metrics/motion/error_anchor_ang_vel: 3.6300
        Metrics/motion/sampling_entropy: 0.9095
   Metrics/motion/sampling_clip_entropy: 0.9287
  Episode_Reward/motion_global_root_ori: 0.0796
         Episode_Reward/motion_body_pos: 0.3680
Metrics/motion/sampling_unit_effective_count: 624.0341
         Metrics/motion/error_joint_vel: 22.0859
         Episode_Reward/motion_body_ori: 0.1178
Metrics/motion/sampling_rank_saturation_fraction: 0.0000
        Metrics/motion/error_anchor_rot: 0.6623
      Episode_Termination/segment_trial: 0.1429
        Episode_Reward/failure_terminal: -8.5714
     Episode_Reward/motion_body_ang_vel: 0.0140
          Metrics/motion/error_body_rot: 0.7307
Metrics/motion/segment_invalid_reference_frame_count: 0.0000
--------------------------------------------------------------------------------
                         Iteration time: 0.26s
                           Time elapsed: 0:00:03
                                    ETA: 0:00:04

################################################################################
[1m                            Learning iteration 9/20                             [0m 

                               Run name: policy_U_smoke_s41
                            Total steps: 1920 
                       Steps per second: 828 
                        Collection time: 0.194s 
                          Learning time: 0.038s 
                        Mean value loss: 14.6633
                    Mean surrogate loss: -0.0972
                      Mean entropy loss: 41.1432
                            Mean reward: -12.90
                    Mean episode length: 19.40
                        Mean action std: 1.00
 Metrics/motion/sampling_clip_top1_prob: 0.0172
          Episode_Reward/action_rate_l2: -1.9889
         Episode_Termination/anchor_pos: 0.1111
 Metrics/motion/segment_censored_resets: 0.0000
      Metrics/motion/sampling_top1_prob: 0.0164
    Metrics/motion/error_anchor_lin_vel: 1.1272
          Metrics/motion/error_body_pos: 0.1647
     Episode_Reward/motion_body_lin_vel: 0.1282
    Metrics/motion/segment_failure_rate: 0.9884
  Episode_Reward/motion_global_root_pos: 0.1157
         Metrics/motion/bank_clip_count: 800.0000
         Episode_Reward/self_collisions: -1.4556
Metrics/motion/segment_invalid_start_count: 0.0000
             Episode_Reward/joint_limit: -0.1222
      Metrics/motion/error_body_ang_vel: 6.4607
        Metrics/motion/error_anchor_pos: 0.2314
Metrics/motion/sampling_adaptation_total_variation: 0.0000
       Metrics/motion/sampling_top1_bin: 0.4167
        Episode_Termination/ee_body_pos: 1.0000
      Metrics/motion/error_body_lin_vel: 1.2302
         Episode_Termination/anchor_ori: 0.0000
         Metrics/motion/error_joint_pos: 1.8562
    Metrics/motion/error_anchor_ang_vel: 3.5402
        Metrics/motion/sampling_entropy: 0.9095
   Metrics/motion/sampling_clip_entropy: 0.9287
  Episode_Reward/motion_global_root_ori: 0.0781
         Episode_Reward/motion_body_pos: 0.2777
Metrics/motion/sampling_unit_effective_count: 624.0341
         Metrics/motion/error_joint_vel: 22.3500
         Episode_Reward/motion_body_ori: 0.0794
Metrics/motion/sampling_rank_saturation_fraction: 0.0000
        Metrics/motion/error_anchor_rot: 0.5317
      Episode_Termination/segment_trial: 0.0000
        Episode_Reward/failure_terminal: -10.0000
     Episode_Reward/motion_body_ang_vel: 0.0104
          Metrics/motion/error_body_rot: 0.6926
Metrics/motion/segment_invalid_reference_frame_count: 0.0000
--------------------------------------------------------------------------------
                         Iteration time: 0.23s
                           Time elapsed: 0:00:03
                                    ETA: 0:00:03

################################################################################
[1m                            Learning iteration 10/20                            [0m 

                               Run name: policy_U_smoke_s41
                            Total steps: 2112 
                       Steps per second: 603 
                        Collection time: 0.279s 
                          Learning time: 0.039s 
                        Mean value loss: 13.4892
                    Mean surrogate loss: -0.1069
                      Mean entropy loss: 41.1456
                            Mean reward: -13.10
                    Mean episode length: 19.89
                        Mean action std: 1.00
 Metrics/motion/sampling_clip_top1_prob: 0.0172
          Episode_Reward/action_rate_l2: -2.2101
         Episode_Termination/anchor_pos: 0.1818
 Metrics/motion/segment_censored_resets: 0.0000
      Metrics/motion/sampling_top1_prob: 0.0164
    Metrics/motion/error_anchor_lin_vel: 1.1136
          Metrics/motion/error_body_pos: 0.1941
     Episode_Reward/motion_body_lin_vel: 0.1330
    Metrics/motion/segment_failure_rate: 0.9898
  Episode_Reward/motion_global_root_pos: 0.1345
         Metrics/motion/bank_clip_count: 800.0000
         Episode_Reward/self_collisions: -1.8455
Metrics/motion/segment_invalid_start_count: 0.0000
             Episode_Reward/joint_limit: -0.1191
      Metrics/motion/error_body_ang_vel: 6.4528
        Metrics/motion/error_anchor_pos: 0.2579
Metrics/motion/sampling_adaptation_total_variation: 0.0000
       Metrics/motion/sampling_top1_bin: 0.4167
        Episode_Termination/ee_body_pos: 1.2727
      Metrics/motion/error_body_lin_vel: 1.3462
         Episode_Termination/anchor_ori: 0.0000
         Metrics/motion/error_joint_pos: 1.8796
    Metrics/motion/error_anchor_ang_vel: 4.1837
        Metrics/motion/sampling_entropy: 0.9095
   Metrics/motion/sampling_clip_entropy: 0.9287
  Episode_Reward/motion_global_root_ori: 0.0722
         Episode_Reward/motion_body_pos: 0.2993
Metrics/motion/sampling_unit_effective_count: 624.0341
         Metrics/motion/error_joint_vel: 22.1138
         Episode_Reward/motion_body_ori: 0.0847
Metrics/motion/sampling_rank_saturation_fraction: 0.0000
        Metrics/motion/error_anchor_rot: 0.5930
      Episode_Termination/segment_trial: 0.0000
        Episode_Reward/failure_terminal: -10.0000
     Episode_Reward/motion_body_ang_vel: 0.0076
          Metrics/motion/error_body_rot: 0.7354
Metrics/motion/segment_invalid_reference_frame_count: 0.0000
--------------------------------------------------------------------------------
                         Iteration time: 0.32s
                           Time elapsed: 0:00:04
                                    ETA: 0:00:03

################################################################################
[1m                            Learning iteration 11/20                            [0m 

                               Run name: policy_U_smoke_s41
                            Total steps: 2304 
                       Steps per second: 399 
                        Collection time: 0.435s 
                          Learning time: 0.045s 
                        Mean value loss: 15.0105
                    Mean surrogate loss: -0.0951
                      Mean entropy loss: 41.1500
                            Mean reward: -13.23
                    Mean episode length: 20.07
                        Mean action std: 1.00
 Metrics/motion/sampling_clip_top1_prob: 0.0172
          Episode_Reward/action_rate_l2: -2.3228
         Episode_Termination/anchor_pos: 0.0000
 Metrics/motion/segment_censored_resets: 0.0000
      Metrics/motion/sampling_top1_prob: 0.0164
    Metrics/motion/error_anchor_lin_vel: 1.1374
          Metrics/motion/error_body_pos: 0.1875
     Episode_Reward/motion_body_lin_vel: 0.1501
    Metrics/motion/segment_failure_rate: 0.9909
  Episode_Reward/motion_global_root_pos: 0.1499
         Metrics/motion/bank_clip_count: 800.0000
         Episode_Reward/self_collisions: -1.5833
Metrics/motion/segment_invalid_start_count: 0.0000
             Episode_Reward/joint_limit: -0.1564
      Metrics/motion/error_body_ang_vel: 6.9027
        Metrics/motion/error_anchor_pos: 0.2469
Metrics/motion/sampling_adaptation_total_variation: 0.0000
       Metrics/motion/sampling_top1_bin: 0.4167
        Episode_Termination/ee_body_pos: 1.5000
      Metrics/motion/error_body_lin_vel: 1.2946
         Episode_Termination/anchor_ori: 0.0000
         Metrics/motion/error_joint_pos: 1.7586
    Metrics/motion/error_anchor_ang_vel: 2.5209
        Metrics/motion/sampling_entropy: 0.9095
   Metrics/motion/sampling_clip_entropy: 0.9287
  Episode_Reward/motion_global_root_ori: 0.0960
         Episode_Reward/motion_body_pos: 0.3118
Metrics/motion/sampling_unit_effective_count: 624.0341
         Metrics/motion/error_joint_vel: 23.8984
         Episode_Reward/motion_body_ori: 0.0866
Metrics/motion/sampling_rank_saturation_fraction: 0.0000
        Metrics/motion/error_anchor_rot: 0.5188
      Episode_Termination/segment_trial: 0.0000
        Episode_Reward/failure_terminal: -10.0000
     Episode_Reward/motion_body_ang_vel: 0.0095
          Metrics/motion/error_body_rot: 0.6600
Metrics/motion/segment_invalid_reference_frame_count: 0.0000
--------------------------------------------------------------------------------
                         Iteration time: 0.48s
                           Time elapsed: 0:00:04
                                    ETA: 0:00:03

################################################################################
[1m                            Learning iteration 12/20                            [0m 

                               Run name: policy_U_smoke_s41
                            Total steps: 2496 
                       Steps per second: 451 
                        Collection time: 0.372s 
                          Learning time: 0.053s 
                        Mean value loss: 5.9417
                    Mean surrogate loss: -0.1001
                      Mean entropy loss: 41.1527
                            Mean reward: -13.14
                    Mean episode length: 19.13
                        Mean action std: 1.00
 Metrics/motion/sampling_clip_top1_prob: 0.0172
          Episode_Reward/action_rate_l2: -1.6355
         Episode_Termination/anchor_pos: 0.0833
 Metrics/motion/segment_censored_resets: 0.0000
      Metrics/motion/sampling_top1_prob: 0.0164
    Metrics/motion/error_anchor_lin_vel: 1.2735
          Metrics/motion/error_body_pos: 0.1761
     Episode_Reward/motion_body_lin_vel: 0.0865
    Metrics/motion/segment_failure_rate: 0.9917
  Episode_Reward/motion_global_root_pos: 0.1161
         Metrics/motion/bank_clip_count: 800.0000
         Episode_Reward/self_collisions: -1.2500
Metrics/motion/segment_invalid_start_count: 0.0000
             Episode_Reward/joint_limit: -0.0826
      Metrics/motion/error_body_ang_vel: 7.5028
        Metrics/motion/error_anchor_pos: 0.1898
Metrics/motion/sampling_adaptation_total_variation: 0.0000
       Metrics/motion/sampling_top1_bin: 0.4167
        Episode_Termination/ee_body_pos: 1.0000
      Metrics/motion/error_body_lin_vel: 1.3488
         Episode_Termination/anchor_ori: 0.0000
         Metrics/motion/error_joint_pos: 2.0925
    Metrics/motion/error_anchor_ang_vel: 4.1673
        Metrics/motion/sampling_entropy: 0.9095
   Metrics/motion/sampling_clip_entropy: 0.9287
  Episode_Reward/motion_global_root_ori: 0.0703
         Episode_Reward/motion_body_pos: 0.2192
Metrics/motion/sampling_unit_effective_count: 624.0341
         Metrics/motion/error_joint_vel: 24.9444
         Episode_Reward/motion_body_ori: 0.0648
Metrics/motion/sampling_rank_saturation_fraction: 0.0000
        Metrics/motion/error_anchor_rot: 0.5730
      Episode_Termination/segment_trial: 0.0000
        Episode_Reward/failure_terminal: -10.0000
     Episode_Reward/motion_body_ang_vel: 0.0049
          Metrics/motion/error_body_rot: 0.7784
Metrics/motion/segment_invalid_reference_frame_count: 0.0000
--------------------------------------------------------------------------------
                         Iteration time: 0.43s
                           Time elapsed: 0:00:04
                                    ETA: 0:00:02

################################################################################
[1m                            Learning iteration 13/20                            [0m 

                               Run name: policy_U_smoke_s41
                            Total steps: 2688 
                       Steps per second: 378 
                        Collection time: 0.449s 
                          Learning time: 0.058s 
                        Mean value loss: 6.4837
                    Mean surrogate loss: -0.1005
                      Mean entropy loss: 41.1551
                            Mean reward: -13.07
                    Mean episode length: 18.59
                        Mean action std: 1.00
 Metrics/motion/sampling_clip_top1_prob: 0.0172
          Episode_Reward/action_rate_l2: -2.1668
         Episode_Termination/anchor_pos: 0.1000
 Metrics/motion/segment_censored_resets: 0.0000
      Metrics/motion/sampling_top1_prob: 0.0164
    Metrics/motion/error_anchor_lin_vel: 0.9924
          Metrics/motion/error_body_pos: 0.1856
     Episode_Reward/motion_body_lin_vel: 0.1335
    Metrics/motion/segment_failure_rate: 0.9925
  Episode_Reward/motion_global_root_pos: 0.1317
         Metrics/motion/bank_clip_count: 800.0000
         Episode_Reward/self_collisions: -1.4800
Metrics/motion/segment_invalid_start_count: 0.0000
             Episode_Reward/joint_limit: -0.1116
      Metrics/motion/error_body_ang_vel: 6.8122
        Metrics/motion/error_anchor_pos: 0.2445
Metrics/motion/sampling_adaptation_total_variation: 0.0000
       Metrics/motion/sampling_top1_bin: 0.4167
        Episode_Termination/ee_body_pos: 1.0000
      Metrics/motion/error_body_lin_vel: 1.1872
         Episode_Termination/anchor_ori: 0.0000
         Metrics/motion/error_joint_pos: 1.9250
    Metrics/motion/error_anchor_ang_vel: 4.0439
        Metrics/motion/sampling_entropy: 0.9095
   Metrics/motion/sampling_clip_entropy: 0.9287
  Episode_Reward/motion_global_root_ori: 0.0780
         Episode_Reward/motion_body_pos: 0.2846
Metrics/motion/sampling_unit_effective_count: 624.0341
         Metrics/motion/error_joint_vel: 24.7831
         Episode_Reward/motion_body_ori: 0.0670
Metrics/motion/sampling_rank_saturation_fraction: 0.0000
        Metrics/motion/error_anchor_rot: 0.6054
      Episode_Termination/segment_trial: 0.0000
        Episode_Reward/failure_terminal: -10.0000
     Episode_Reward/motion_body_ang_vel: 0.0075
          Metrics/motion/error_body_rot: 0.7191
Metrics/motion/segment_invalid_reference_frame_count: 0.0000
--------------------------------------------------------------------------------
                         Iteration time: 0.51s
                           Time elapsed: 0:00:05
                                    ETA: 0:00:02

################################################################################
[1m                            Learning iteration 14/20                            [0m 

                               Run name: policy_U_smoke_s41
                            Total steps: 2880 
                       Steps per second: 445 
                        Collection time: 0.369s 
                          Learning time: 0.062s 
                        Mean value loss: 9.2312
                    Mean surrogate loss: -0.0926
                      Mean entropy loss: 41.1583
                            Mean reward: -13.17
                    Mean episode length: 19.36
                        Mean action std: 1.00
 Metrics/motion/sampling_clip_top1_prob: 0.0172
          Episode_Reward/action_rate_l2: -2.3502
         Episode_Termination/anchor_pos: 0.4000
 Metrics/motion/segment_censored_resets: 0.0000
      Metrics/motion/sampling_top1_prob: 0.0164
    Metrics/motion/error_anchor_lin_vel: 1.3418
          Metrics/motion/error_body_pos: 0.2225
     Episode_Reward/motion_body_lin_vel: 0.1578
    Metrics/motion/segment_failure_rate: 0.9929
  Episode_Reward/motion_global_root_pos: 0.1524
         Metrics/motion/bank_clip_count: 800.0000
         Episode_Reward/self_collisions: -0.8400
Metrics/motion/segment_invalid_start_count: 0.0000
             Episode_Reward/joint_limit: -0.1470
      Metrics/motion/error_body_ang_vel: 6.9772
        Metrics/motion/error_anchor_pos: 0.3195
Metrics/motion/sampling_adaptation_total_variation: 0.0000
       Metrics/motion/sampling_top1_bin: 0.4167
        Episode_Termination/ee_body_pos: 0.6000
      Metrics/motion/error_body_lin_vel: 1.2248
         Episode_Termination/anchor_ori: 0.0000
         Metrics/motion/error_joint_pos: 1.8207
    Metrics/motion/error_anchor_ang_vel: 5.7213
        Metrics/motion/sampling_entropy: 0.9095
   Metrics/motion/sampling_clip_entropy: 0.9287
  Episode_Reward/motion_global_root_ori: 0.0788
         Episode_Reward/motion_body_pos: 0.3223
Metrics/motion/sampling_unit_effective_count: 624.0341
         Metrics/motion/error_joint_vel: 25.2163
         Episode_Reward/motion_body_ori: 0.0867
Metrics/motion/sampling_rank_saturation_fraction: 0.0000
        Metrics/motion/error_anchor_rot: 0.8628
      Episode_Termination/segment_trial: 0.0000
        Episode_Reward/failure_terminal: -10.0000
     Episode_Reward/motion_body_ang_vel: 0.0103
          Metrics/motion/error_body_rot: 0.8474
Metrics/motion/segment_invalid_reference_frame_count: 0.0000
--------------------------------------------------------------------------------
                         Iteration time: 0.43s
                           Time elapsed: 0:00:05
                                    ETA: 0:00:01

################################################################################
[1m                            Learning iteration 15/20                            [0m 

                               Run name: policy_U_smoke_s41
                            Total steps: 3072 
                       Steps per second: 440 
                        Collection time: 0.377s 
                          Learning time: 0.059s 
                        Mean value loss: 5.1075
                    Mean surrogate loss: -0.0991
                      Mean entropy loss: 41.1598
                            Mean reward: -13.27
                    Mean episode length: 19.78
                        Mean action std: 1.00
 Metrics/motion/sampling_clip_top1_prob: 0.0172
          Episode_Reward/action_rate_l2: -3.3205
         Episode_Termination/anchor_pos: 0.3333
 Metrics/motion/segment_censored_resets: 0.0000
      Metrics/motion/sampling_top1_prob: 0.0164
    Metrics/motion/error_anchor_lin_vel: 1.6917
          Metrics/motion/error_body_pos: 0.2636
     Episode_Reward/motion_body_lin_vel: 0.2172
    Metrics/motion/segment_failure_rate: 0.9932
  Episode_Reward/motion_global_root_pos: 0.2086
         Metrics/motion/bank_clip_count: 800.0000
         Episode_Reward/self_collisions: -2.4000
Metrics/motion/segment_invalid_start_count: 0.0000
             Episode_Reward/joint_limit: -0.1978
      Metrics/motion/error_body_ang_vel: 6.5964
        Metrics/motion/error_anchor_pos: 0.3556
Metrics/motion/sampling_adaptation_total_variation: 0.0000
       Metrics/motion/sampling_top1_bin: 0.4167
        Episode_Termination/ee_body_pos: 0.8333
      Metrics/motion/error_body_lin_vel: 1.5262
         Episode_Termination/anchor_ori: 0.0000
         Metrics/motion/error_joint_pos: 1.9383
    Metrics/motion/error_anchor_ang_vel: 3.6465
        Metrics/motion/sampling_entropy: 0.9095
   Metrics/motion/sampling_clip_entropy: 0.9287
  Episode_Reward/motion_global_root_ori: 0.1046
         Episode_Reward/motion_body_pos: 0.3894
Metrics/motion/sampling_unit_effective_count: 624.0341
         Metrics/motion/error_joint_vel: 23.0798
         Episode_Reward/motion_body_ori: 0.0866
Metrics/motion/sampling_rank_saturation_fraction: 0.0000
        Metrics/motion/error_anchor_rot: 0.9523
      Episode_Termination/segment_trial: 0.0000
        Episode_Reward/failure_terminal: -10.0000
     Episode_Reward/motion_body_ang_vel: 0.0151
          Metrics/motion/error_body_rot: 1.0110
Metrics/motion/segment_invalid_reference_frame_count: 0.0000
--------------------------------------------------------------------------------
                         Iteration time: 0.44s
                           Time elapsed: 0:00:06
                                    ETA: 0:00:01

################################################################################
[1m                            Learning iteration 16/20                            [0m 

                               Run name: policy_U_smoke_s41
                            Total steps: 3264 
                       Steps per second: 518 
                        Collection time: 0.331s 
                          Learning time: 0.039s 
                        Mean value loss: 8.7105
                    Mean surrogate loss: -0.0860
                      Mean entropy loss: 41.1570
                            Mean reward: -13.35
                    Mean episode length: 20.52
                        Mean action std: 1.00
 Metrics/motion/sampling_clip_top1_prob: 0.0172
          Episode_Reward/action_rate_l2: -2.9450
         Episode_Termination/anchor_pos: 0.2857
 Metrics/motion/segment_censored_resets: 0.0000
      Metrics/motion/sampling_top1_prob: 0.0164
    Metrics/motion/error_anchor_lin_vel: 1.2691
          Metrics/motion/error_body_pos: 0.2160
     Episode_Reward/motion_body_lin_vel: 0.1977
    Metrics/motion/segment_failure_rate: 0.9880
  Episode_Reward/motion_global_root_pos: 0.1737
         Metrics/motion/bank_clip_count: 800.0001
         Episode_Reward/self_collisions: -2.4429
Metrics/motion/segment_invalid_start_count: 0.0000
             Episode_Reward/joint_limit: -0.1665
      Metrics/motion/error_body_ang_vel: 6.9132
        Metrics/motion/error_anchor_pos: 0.2896
Metrics/motion/sampling_adaptation_total_variation: 0.0000
       Metrics/motion/sampling_top1_bin: 0.4167
        Episode_Termination/ee_body_pos: 0.8571
      Metrics/motion/error_body_lin_vel: 1.4145
         Episode_Termination/anchor_ori: 0.0000
         Metrics/motion/error_joint_pos: 2.0181
    Metrics/motion/error_anchor_ang_vel: 2.7550
        Metrics/motion/sampling_entropy: 0.9095
   Metrics/motion/sampling_clip_entropy: 0.9287
  Episode_Reward/motion_global_root_ori: 0.1114
         Episode_Reward/motion_body_pos: 0.3831
Metrics/motion/sampling_unit_effective_count: 624.0341
         Metrics/motion/error_joint_vel: 24.2606
         Episode_Reward/motion_body_ori: 0.0922
Metrics/motion/sampling_rank_saturation_fraction: 0.0000
        Metrics/motion/error_anchor_rot: 0.6667
      Episode_Termination/segment_trial: 0.2857
        Episode_Reward/failure_terminal: -9.2857
     Episode_Reward/motion_body_ang_vel: 0.0115
          Metrics/motion/error_body_rot: 0.8049
Metrics/motion/segment_invalid_reference_frame_count: 0.0000
--------------------------------------------------------------------------------
                         Iteration time: 0.37s
                           Time elapsed: 0:00:06
                                    ETA: 0:00:01

################################################################################
[1m                            Learning iteration 17/20                            [0m 

                               Run name: policy_U_smoke_s41
                            Total steps: 3456 
                       Steps per second: 627 
                        Collection time: 0.246s 
                          Learning time: 0.060s 
                        Mean value loss: 4.4088
                    Mean surrogate loss: -0.0967
                      Mean entropy loss: 41.1568
                            Mean reward: -13.32
                    Mean episode length: 20.30
                        Mean action std: 1.00
 Metrics/motion/sampling_clip_top1_prob: 0.0172
          Episode_Reward/action_rate_l2: -2.5673
         Episode_Termination/anchor_pos: 0.1111
 Metrics/motion/segment_censored_resets: 0.0000
      Metrics/motion/sampling_top1_prob: 0.0164
    Metrics/motion/error_anchor_lin_vel: 1.1042
          Metrics/motion/error_body_pos: 0.1955
     Episode_Reward/motion_body_lin_vel: 0.1836
    Metrics/motion/segment_failure_rate: 0.9878
  Episode_Reward/motion_global_root_pos: 0.1610
         Metrics/motion/bank_clip_count: 800.0000
         Episode_Reward/self_collisions: -2.6667
Metrics/motion/segment_invalid_start_count: 0.0000
             Episode_Reward/joint_limit: -0.1521
      Metrics/motion/error_body_ang_vel: 6.9520
        Metrics/motion/error_anchor_pos: 0.2786
Metrics/motion/sampling_adaptation_total_variation: 0.0000
       Metrics/motion/sampling_top1_bin: 0.4167
        Episode_Termination/ee_body_pos: 1.1111
      Metrics/motion/error_body_lin_vel: 1.2540
         Episode_Termination/anchor_ori: 0.0000
         Metrics/motion/error_joint_pos: 1.7672
    Metrics/motion/error_anchor_ang_vel: 3.1955
        Metrics/motion/sampling_entropy: 0.9095
   Metrics/motion/sampling_clip_entropy: 0.9287
  Episode_Reward/motion_global_root_ori: 0.0965
         Episode_Reward/motion_body_pos: 0.3579
Metrics/motion/sampling_unit_effective_count: 624.0341
         Metrics/motion/error_joint_vel: 24.7542
         Episode_Reward/motion_body_ori: 0.0872
Metrics/motion/sampling_rank_saturation_fraction: 0.0000
        Metrics/motion/error_anchor_rot: 0.4529
      Episode_Termination/segment_trial: 0.0000
        Episode_Reward/failure_terminal: -10.0000
     Episode_Reward/motion_body_ang_vel: 0.0116
          Metrics/motion/error_body_rot: 0.6748
Metrics/motion/segment_invalid_reference_frame_count: 0.0000
--------------------------------------------------------------------------------
                         Iteration time: 0.31s
                           Time elapsed: 0:00:07
                                    ETA: 0:00:00

################################################################################
[1m                            Learning iteration 18/20                            [0m 

                               Run name: policy_U_smoke_s41
                            Total steps: 3648 
                       Steps per second: 386 
                        Collection time: 0.435s 
                          Learning time: 0.062s 
                        Mean value loss: 2.3947
                    Mean surrogate loss: -0.0959
                      Mean entropy loss: 41.1662
                            Mean reward: -13.24
                    Mean episode length: 19.51
                        Mean action std: 1.00
 Metrics/motion/sampling_clip_top1_prob: 0.0172
          Episode_Reward/action_rate_l2: -1.7062
         Episode_Termination/anchor_pos: 0.1111
 Metrics/motion/segment_censored_resets: 0.0000
      Metrics/motion/sampling_top1_prob: 0.0164
    Metrics/motion/error_anchor_lin_vel: 1.1043
          Metrics/motion/error_body_pos: 0.1689
     Episode_Reward/motion_body_lin_vel: 0.0861
    Metrics/motion/segment_failure_rate: 0.9885
  Episode_Reward/motion_global_root_pos: 0.1075
         Metrics/motion/bank_clip_count: 800.0000
         Episode_Reward/self_collisions: -0.8778
Metrics/motion/segment_invalid_start_count: 0.0000
             Episode_Reward/joint_limit: -0.0713
      Metrics/motion/error_body_ang_vel: 7.8911
        Metrics/motion/error_anchor_pos: 0.2077
Metrics/motion/sampling_adaptation_total_variation: 0.0000
       Metrics/motion/sampling_top1_bin: 0.4167
        Episode_Termination/ee_body_pos: 1.0000
      Metrics/motion/error_body_lin_vel: 1.2795
         Episode_Termination/anchor_ori: 0.0000
         Metrics/motion/error_joint_pos: 2.1221
    Metrics/motion/error_anchor_ang_vel: 5.7100
        Metrics/motion/sampling_entropy: 0.9095
   Metrics/motion/sampling_clip_entropy: 0.9287
  Episode_Reward/motion_global_root_ori: 0.0764
         Episode_Reward/motion_body_pos: 0.2222
Metrics/motion/sampling_unit_effective_count: 624.0341
         Metrics/motion/error_joint_vel: 26.6942
         Episode_Reward/motion_body_ori: 0.0594
Metrics/motion/sampling_rank_saturation_fraction: 0.0000
        Metrics/motion/error_anchor_rot: 0.4212
      Episode_Termination/segment_trial: 0.0000
        Episode_Reward/failure_terminal: -10.0000
     Episode_Reward/motion_body_ang_vel: 0.0060
          Metrics/motion/error_body_rot: 0.7355
Metrics/motion/segment_invalid_reference_frame_count: 0.0000
--------------------------------------------------------------------------------
                         Iteration time: 0.50s
                           Time elapsed: 0:00:07
                                    ETA: 0:00:00

################################################################################
[1m                            Learning iteration 19/20                            [0m 

                               Run name: policy_U_smoke_s41
                            Total steps: 3840 
                       Steps per second: 393 
                        Collection time: 0.431s 
                          Learning time: 0.057s 
                        Mean value loss: 2.7580
                    Mean surrogate loss: -0.0942
                      Mean entropy loss: 41.1765
                            Mean reward: -13.25
                    Mean episode length: 19.90
                        Mean action std: 1.00
 Metrics/motion/sampling_clip_top1_prob: 0.0172
          Episode_Reward/action_rate_l2: -2.6003
         Episode_Termination/anchor_pos: 0.0000
 Metrics/motion/segment_censored_resets: 0.0000
      Metrics/motion/sampling_top1_prob: 0.0164
    Metrics/motion/error_anchor_lin_vel: 1.0179
          Metrics/motion/error_body_pos: 0.1679
     Episode_Reward/motion_body_lin_vel: 0.1526
    Metrics/motion/segment_failure_rate: 0.9892
  Episode_Reward/motion_global_root_pos: 0.1536
         Metrics/motion/bank_clip_count: 800.0000
         Episode_Reward/self_collisions: -1.3222
Metrics/motion/segment_invalid_start_count: 0.0000
             Episode_Reward/joint_limit: -0.0954
      Metrics/motion/error_body_ang_vel: 6.5274
        Metrics/motion/error_anchor_pos: 0.2529
Metrics/motion/sampling_adaptation_total_variation: 0.0000
       Metrics/motion/sampling_top1_bin: 0.4167
        Episode_Termination/ee_body_pos: 1.1111
      Metrics/motion/error_body_lin_vel: 1.1174
         Episode_Termination/anchor_ori: 0.1111
         Metrics/motion/error_joint_pos: 1.8413
    Metrics/motion/error_anchor_ang_vel: 3.2400
        Metrics/motion/sampling_entropy: 0.9095
   Metrics/motion/sampling_clip_entropy: 0.9287
  Episode_Reward/motion_global_root_ori: 0.0847
         Episode_Reward/motion_body_pos: 0.3579
Metrics/motion/sampling_unit_effective_count: 624.0341
         Metrics/motion/error_joint_vel: 21.1549
         Episode_Reward/motion_body_ori: 0.0891
Metrics/motion/sampling_rank_saturation_fraction: 0.0000
        Metrics/motion/error_anchor_rot: 0.6889
      Episode_Termination/segment_trial: 0.0000
        Episode_Reward/failure_terminal: -10.0000
     Episode_Reward/motion_body_ang_vel: 0.0108
          Metrics/motion/error_body_rot: 0.7559
Metrics/motion/segment_invalid_reference_frame_count: 0.0000
--------------------------------------------------------------------------------
                         Iteration time: 0.49s
                           Time elapsed: 0:00:07
                                    ETA: 0:00:00

DONE rc=0 attempt=1 elapsed_s=20 gpu_hours=0.005556 baseline_vram_mib=972 peak_total_vram_mib=7222 peak_delta_mib=6250 2026-09-05T21:39:58-04:00
