Warp CUDA error 100: no CUDA-capable device is detected (in function init_cuda_driver, /builds/omniverse/warp/warp/native/cuda_util.cpp:309)
Setting seed: 26090691
Warp 1.14.0 initialized:
   CUDA Toolkit 12.9, CUDA driver not available (NVRTC compilation available)
   Devices:
     "cpu"      : "x86_64"
   Kernel cache:
     /home/linjiw/.cache/warp/1.14.0

+-----------------------------------+
|          Base Environment         |
+------------------------+----------+
| Property               | Value    |
+------------------------+----------+
| Number of environments | 4        |
| Environment device     | cpu      |
| Environment seed       | 26090691 |
| Physics step-size      | 0.005    |
| Environment step-size  | 0.02     |
+------------------------+----------+

[INFO] <EventManager> contains 1 active terms.
+---------------------------------------+
| Active Event Terms in Mode: 'startup' |
+-----------+---------------------------+
|   Index   | Name                      |
+-----------+---------------------------+
|     0     | base_com                  |
|     1     | encoder_bias              |
|     2     | foot_friction             |
+-----------+---------------------------+
+-----------------------------+
| Domain Randomization Fields |
+-------+---------------------+
| Index | Field Name          |
+-------+---------------------+
|   0   | body_ipos           |
|   1   | body_subtreemass    |
|   2   | dof_invweight0      |
|   3   | body_invweight0     |
|   4   | tendon_length0      |
|   5   | tendon_invweight0   |
|   6   | actuator_acc0       |
|   7   | geom_friction       |
+-------+---------------------+

Module repeat_array_kernel_4f67a4c3 fb84e34 load on device 'cpu' took 7.93 ms  (cached)
Module repeat_array_kernel_4f67a4c3 791e88a load on device 'cpu' took 0.37 ms  (cached)
Module repeat_array_kernel_4f67a4c3 9b2b6ad load on device 'cpu' took 0.54 ms  (cached)
[climb] motion bank: 2 clips, 0.00 h @ 50 fps, clip length min/median/max = 6.1/6.1/8.6 s
[INFO] <CommandManager> contains 1 active terms.
+-----------------------------------------+
|           Active Command Terms          |
+-------+--------+------------------------+
| Index | Name   |          Type          |
+-------+--------+------------------------+
|   0   | motion | MultiClipMotionCommand |
+-------+--------+------------------------+

[INFO] <ActionManager> contains 1 active terms.
+---------------------------------+
| Active Action Terms (shape: 29) |
+-------+-----------+-------------+
| Index | Name      |   Dimension |
+-------+-----------+-------------+
|   0   | joint_pos |          29 |
+-------+-----------+-------------+

[INFO] <ObservationManager> contains 2 groups.
+------------------------------------------------------------+
| Active Observation Terms in Group: 'actor' (shape: (160,)) |
+----------+------------------------------------+------------+
|  Index   | Name                               |   Shape    |
+----------+------------------------------------+------------+
|    0     | command                            |   (58,)    |
|    1     | motion_anchor_pos_b                |    (3,)    |
|    2     | motion_anchor_ori_b                |    (6,)    |
|    3     | base_lin_vel                       |    (3,)    |
|    4     | base_ang_vel                       |    (3,)    |
|    5     | joint_pos                          |   (29,)    |
|    6     | joint_vel                          |   (29,)    |
|    7     | actions                            |   (29,)    |
+----------+------------------------------------+------------+
+-------------------------------------------------------------+
| Active Observation Terms in Group: 'critic' (shape: (286,)) |
+-----------+------------------------------------+------------+
|   Index   | Name                               |   Shape    |
+-----------+------------------------------------+------------+
|     0     | command                            |   (58,)    |
|     1     | motion_anchor_pos_b                |    (3,)    |
|     2     | motion_anchor_ori_b                |    (6,)    |
|     3     | body_pos                           |   (42,)    |
|     4     | body_ori                           |   (84,)    |
|     5     | base_lin_vel                       |    (3,)    |
|     6     | base_ang_vel                       |    (3,)    |
|     7     | joint_pos                          |   (29,)    |
|     8     | joint_vel                          |   (29,)    |
|     9     | actions                            |   (29,)    |
+-----------+------------------------------------+------------+

[INFO] <TerminationManager> contains 4 active terms.
+--------------------------------+
|    Active Termination Terms    |
+-------+-------------+----------+
| Index | Name        | Time Out |
+-------+-------------+----------+
|   0   | time_out    |   True   |
|   1   | anchor_pos  |  False   |
|   2   | anchor_ori  |  False   |
|   3   | ee_body_pos |  False   |
+-------+-------------+----------+

[INFO] <RewardManager> contains 9 active terms.
+-----------------------------------------+
|           Active Reward Terms           |
+-------+------------------------+--------+
| Index | Name                   | Weight |
+-------+------------------------+--------+
|   0   | motion_global_root_pos |    0.5 |
|   1   | motion_global_root_ori |    0.5 |
|   2   | motion_body_pos        |    1.0 |
|   3   | motion_body_ori        |    1.0 |
|   4   | motion_body_lin_vel    |    1.0 |
|   5   | motion_body_ang_vel    |    1.0 |
|   6   | action_rate_l2         |   -0.1 |
|   7   | joint_limit            |  -10.0 |
|   8   | self_collisions        |  -10.0 |
+-------+------------------------+--------+

[INFO] <NullCurriculumManager> (inactive)
[INFO] <NullMetricsManager> (inactive)
[INFO] <NullRecorderManager> (inactive)
Module mujoco_warp._src.io 056e107 load on device 'cpu' took 0.45 ms  (cached)
Module mujoco_warp._src.smooth 60df080 load on device 'cpu' took 0.75 ms  (cached)
Module _tile_cholesky_factorize_block__locals__kernel_1a8ac315 5261847 load on device 'cpu' took 0.53 ms  (cached)
Module _tile_cholesky_solve_block__locals__kernel_be7133b6 adae0a1 load on device 'cpu' took 0.34 ms  (cached)
Module reset_data__locals__reset_xfrc_applied_03030511 6442adb load on device 'cpu' took 0.34 ms  (cached)
Module reset_data__locals__reset_M_631075dd 270a798 load on device 'cpu' took 0.32 ms  (cached)
Module reset_data__locals__reset_mocap_6513201c ee8f7ba load on device 'cpu' took 0.37 ms  (cached)
Module reset_data__locals__reset_contact_5c08f689 9d2cde1 load on device 'cpu' took 0.31 ms  (cached)
Module reset_data__locals__reset_sleep_50b990da 5427725 load on device 'cpu' took 0.31 ms  (cached)
Module reset_data__locals__reset_nworld_69a10925 c22681c load on device 'cpu' took 0.32 ms  (cached)
Module _nxn_broadphase__locals__kernel_df6640ed 8a5d6ba load on device 'cpu' took 0.57 ms  (cached)
Module _primitive_narrowphase__locals__primitive_narrowphase_0d45ffc8 44465d3 load on device 'cpu' took 0.50 ms  (cached)
Module mujoco_warp._src.constraint 1055a87 load on device 'cpu' took 0.37 ms  (cached)
Module _friction_dof__locals__kernel_196c77d2 ed54ad1 load on device 'cpu' took 0.44 ms  (cached)
Module _limit_slide_hinge__locals__kernel_6e38514e f43752c load on device 'cpu' took 0.41 ms  (cached)
Module _efc_contact_init__locals__kernel_6eab31b8 98d11aa load on device 'cpu' took 0.38 ms  (cached)
Module _efc_contact_jac_sparse__locals__kernel_f9099d1d 97893ca load on device 'cpu' took 0.44 ms  (cached)
Module _efc_contact_update__locals__kernel_8aad7bfd 2b56b7e load on device 'cpu' took 0.37 ms  (cached)
Module mujoco_warp._src.sensor 5b546e1 load on device 'cpu' took 0.46 ms  (cached)
Module mujoco_warp._src.forward 70f2f91 load on device 'cpu' took 0.42 ms  (cached)
Module mujoco_warp._src.passive 9ef5a40 load on device 'cpu' took 0.45 ms  (cached)
Module _qfrc_smooth__locals__kernel_6eb3d958 21660d5 load on device 'cpu' took 0.36 ms  (cached)
Module mujoco_warp._src.support db2c7c5 load on device 'cpu' took 0.35 ms  (cached)
Module _tile_cholesky_factorize_solve_block__locals__kernel_beb64870 9cce3cd load on device 'cpu' took 0.33 ms  (cached)
Module _solve_init_dof__locals__kernel_c6f567bf 9a52ad9 load on device 'cpu' took 0.32 ms  (cached)
Module mujoco_warp._src.solver e3858a2 load on device 'cpu' took 0.42 ms  (cached)
Module _solve_init_jaref_kernel__locals__kernel_1971c1c1 ed9adac load on device 'cpu' took 0.33 ms  (cached)
Module mul_m_kernel__locals___mul_m_fd2186c4 026f940 load on device 'cpu' took 0.35 ms  (cached)
Module _update_constraint_efc__locals__kernel_4af8f110 fc7fac2 load on device 'cpu' took 0.35 ms  (cached)
Module _update_constraint_init_qfrc_constraint_sparse__locals__kernel_16efb537 0d9a44e load on device 'cpu' took 0.33 ms  (cached)
Module _update_gradient_zero_grad_dot__locals__kernel_cb780630 407be49 load on device 'cpu' took 0.34 ms  (cached)
Module _update_gradient_grad__locals__kernel_0cbf4927 992aea9 load on device 'cpu' took 0.34 ms  (cached)
Module _update_gradient_init_h_sparse__locals__kernel_8d599502 c72ae5a load on device 'cpu' took 0.33 ms  (cached)
Module _JTDAJ_sparse__locals__kernel_6fe61e97 a2b5fff load on device 'cpu' took 0.32 ms  (cached)
Module _update_gradient_cholesky_blocked__locals__kernel_425d32be 482451a load on device 'cpu' took 0.36 ms  (cached)
Module _linesearch_jv_fused_kernel__locals__kernel_0509eab7 cf3c722 load on device 'cpu' took 0.31 ms  (cached)
Module _linesearch_iterative_kernel__locals__kernel_59bb1059 ad60e77 load on device 'cpu' took 0.35 ms  (cached)
Module _update_constraint_efc__locals__kernel_e30beb1f add8868 load on device 'cpu' took 0.36 ms  (cached)
Module _update_gradient_zero_grad_dot__locals__kernel_f708ee5f f6af282 load on device 'cpu' took 0.36 ms  (cached)
Module _update_gradient_grad__locals__kernel_cb93df65 99de580 load on device 'cpu' took 0.33 ms  (cached)
Module _update_gradient_h_incremental_sparse__locals__kernel_abf1f59a a136f23 load on device 'cpu' took 0.33 ms  (cached)
Module _update_gradient_cholesky_blocked_skip_unchanged__locals__kernel_955af8fc 60323d9 load on device 'cpu' took 0.37 ms  (cached)
Module _contact_sort__locals__contact_sort_321f5f3e 5a98d63 load on device 'cpu' took 0.34 ms  (cached)
--------------------------------------------------------------------------------
Resolved observation sets: 
	 actor :  ('actor',)
	 critic :  ('critic',)
--------------------------------------------------------------------------------
Actor Model: MLPModel(
  (obs_normalizer): EmpiricalNormalization()
  (distribution): GaussianDistribution()
  (mlp): MLP(
    (0): Linear(in_features=160, out_features=512, bias=True)
    (1): ELU(alpha=1.0)
    (2): Linear(in_features=512, out_features=256, bias=True)
    (3): ELU(alpha=1.0)
    (4): Linear(in_features=256, out_features=128, bias=True)
    (5): ELU(alpha=1.0)
    (6): Linear(in_features=128, out_features=29, bias=True)
  )
)
Critic Model: MLPModel(
  (obs_normalizer): EmpiricalNormalization()
  (mlp): MLP(
    (0): Linear(in_features=286, out_features=512, bias=True)
    (1): ELU(alpha=1.0)
    (2): Linear(in_features=512, out_features=256, bias=True)
    (3): ELU(alpha=1.0)
    (4): Linear(in_features=256, out_features=128, bias=True)
    (5): ELU(alpha=1.0)
    (6): Linear(in_features=128, out_features=1, bias=True)
  )
)
Module mujoco_warp._src.derivative 761668c load on device 'cpu' took 0.51 ms  (cached)
Module _next_time_builder__locals___next_time_95ad6d7a e26b00c load on device 'cpu' took 0.37 ms  (cached)
[paired-v2] wrote /home/linjiw/climb-icra-evidence-2026-09-06/reports/continuous_execution_development_2026-09-06/run/evaluation.csv (4 episode rows)
[paired-v2] metadata -> /home/linjiw/climb-icra-evidence-2026-09-06/reports/continuous_execution_development_2026-09-06/run/evaluation.csv.meta.json
{"status": "continuous_execution_development_pass", "classification": "measured CPU continuity on two training references; no method comparison", "design_sha256": "92c1db2b9463ddd4ec0bec365ec9c49efe0feb5c304836f040c76b1cde6e6959", "policy": {"forward_calls": 429, "parameters": 9, "buffers": 4, "unchanged": true}, "rows": [{"condition_id": "KIT_1229_flexion_with_help_02_poses_100_jpos@0:r0", "horizon_steps": 429, "scored_steps": 429, "success": true, "tracking_score": 0.5861679368022443, "failure_frame": null}, {"condition_id": "KIT_1229_flexion_with_help_02_poses_100_jpos@0:r1", "horizon_steps": 429, "scored_steps": 429, "success": true, "tracking_score": 0.5566318772288299, "failure_frame": null}, {"condition_id": "KIT_1229_in_out_rotation_with_help_03_poses_100_jpos@0:r0", "horizon_steps": 306, "scored_steps": 306, "success": true, "tracking_score": 0.5927939007855674, "failure_frame": null}, {"condition_id": "KIT_1229_in_out_rotation_with_help_03_poses_100_jpos@0:r1", "horizon_steps": 306, "scored_steps": 306, "success": true, "tracking_score": 0.6623148990494704, "failure_frame": null}], "active_resets_or_reference_writes": 0, "full_evaluation_enabled": false, "confirmation_policy_outcomes_read": false, "artifacts": {"lifecycle.json": "3d8bfcc7de11b2f1874b822e83d9e768c41786d4bdf3eae110620365798f8638", "policy.pt": "ad623e73bd37f6eab3d98bdb9eb1076b0d6b0b6c9ec332337f523df163f7fa2a", "evaluation.csv": "d68f521b20a2a6898db9afb363eb770f6ca19004eb7c3afe705d671e4139430c", "evaluation.csv.meta.json": "1c4c0b3d8df68d1d19654add517135b309f14dd976d745e2cc81a496b46e8d78"}}
