/home/linjiw/climb-feasibility-first/mjlab-1.6.0/.venv/lib/python3.13/site-packages/rsl_rl/__init__.py: OK
/home/linjiw/climb-feasibility-first/mjlab-1.6.0/.venv/lib/python3.13/site-packages/rsl_rl/algorithms/__init__.py: OK
/home/linjiw/climb-feasibility-first/mjlab-1.6.0/.venv/lib/python3.13/site-packages/rsl_rl/algorithms/distillation.py: OK
/home/linjiw/climb-feasibility-first/mjlab-1.6.0/.venv/lib/python3.13/site-packages/rsl_rl/algorithms/ppo.py: OK
/home/linjiw/climb-feasibility-first/mjlab-1.6.0/.venv/lib/python3.13/site-packages/rsl_rl/env/__init__.py: OK
/home/linjiw/climb-feasibility-first/mjlab-1.6.0/.venv/lib/python3.13/site-packages/rsl_rl/env/vec_env.py: OK
/home/linjiw/climb-feasibility-first/mjlab-1.6.0/.venv/lib/python3.13/site-packages/rsl_rl/extensions/__init__.py: OK
/home/linjiw/climb-feasibility-first/mjlab-1.6.0/.venv/lib/python3.13/site-packages/rsl_rl/extensions/rnd.py: OK
/home/linjiw/climb-feasibility-first/mjlab-1.6.0/.venv/lib/python3.13/site-packages/rsl_rl/extensions/symmetry.py: OK
/home/linjiw/climb-feasibility-first/mjlab-1.6.0/.venv/lib/python3.13/site-packages/rsl_rl/models/__init__.py: OK
/home/linjiw/climb-feasibility-first/mjlab-1.6.0/.venv/lib/python3.13/site-packages/rsl_rl/models/cnn_model.py: OK
/home/linjiw/climb-feasibility-first/mjlab-1.6.0/.venv/lib/python3.13/site-packages/rsl_rl/models/mlp_model.py: OK
/home/linjiw/climb-feasibility-first/mjlab-1.6.0/.venv/lib/python3.13/site-packages/rsl_rl/models/rnn_model.py: OK
/home/linjiw/climb-feasibility-first/mjlab-1.6.0/.venv/lib/python3.13/site-packages/rsl_rl/modules/__init__.py: OK
/home/linjiw/climb-feasibility-first/mjlab-1.6.0/.venv/lib/python3.13/site-packages/rsl_rl/modules/cnn.py: OK
/home/linjiw/climb-feasibility-first/mjlab-1.6.0/.venv/lib/python3.13/site-packages/rsl_rl/modules/distribution.py: OK
/home/linjiw/climb-feasibility-first/mjlab-1.6.0/.venv/lib/python3.13/site-packages/rsl_rl/modules/mlp.py: OK
/home/linjiw/climb-feasibility-first/mjlab-1.6.0/.venv/lib/python3.13/site-packages/rsl_rl/modules/normalization.py: OK
/home/linjiw/climb-feasibility-first/mjlab-1.6.0/.venv/lib/python3.13/site-packages/rsl_rl/modules/rnn.py: OK
/home/linjiw/climb-feasibility-first/mjlab-1.6.0/.venv/lib/python3.13/site-packages/rsl_rl/runners/__init__.py: OK
/home/linjiw/climb-feasibility-first/mjlab-1.6.0/.venv/lib/python3.13/site-packages/rsl_rl/runners/distillation_runner.py: OK
/home/linjiw/climb-feasibility-first/mjlab-1.6.0/.venv/lib/python3.13/site-packages/rsl_rl/runners/on_policy_runner.py: OK
/home/linjiw/climb-feasibility-first/mjlab-1.6.0/.venv/lib/python3.13/site-packages/rsl_rl/storage/__init__.py: OK
/home/linjiw/climb-feasibility-first/mjlab-1.6.0/.venv/lib/python3.13/site-packages/rsl_rl/storage/rollout_storage.py: OK
/home/linjiw/climb-feasibility-first/mjlab-1.6.0/.venv/lib/python3.13/site-packages/rsl_rl/utils/__init__.py: OK
/home/linjiw/climb-feasibility-first/mjlab-1.6.0/.venv/lib/python3.13/site-packages/rsl_rl/utils/log_writer.py: OK
/home/linjiw/climb-feasibility-first/mjlab-1.6.0/.venv/lib/python3.13/site-packages/rsl_rl/utils/logger.py: OK
/home/linjiw/climb-feasibility-first/mjlab-1.6.0/.venv/lib/python3.13/site-packages/rsl_rl/utils/neptune_log_writer.py: OK
/home/linjiw/climb-feasibility-first/mjlab-1.6.0/.venv/lib/python3.13/site-packages/rsl_rl/utils/utils.py: OK
/home/linjiw/climb-feasibility-first/mjlab-1.6.0/.venv/lib/python3.13/site-packages/rsl_rl/utils/wandb_log_writer.py: OK
/home/linjiw/climb-feasibility-first/mjlab-1.6.0/src/mjlab/__init__.py: OK
/home/linjiw/climb-feasibility-first/mjlab-1.6.0/src/mjlab/actuator/__init__.py: OK
/home/linjiw/climb-feasibility-first/mjlab-1.6.0/src/mjlab/actuator/actuator.py: OK
/home/linjiw/climb-feasibility-first/mjlab-1.6.0/src/mjlab/actuator/builtin_actuator.py: OK
/home/linjiw/climb-feasibility-first/mjlab-1.6.0/src/mjlab/actuator/builtin_group.py: OK
/home/linjiw/climb-feasibility-first/mjlab-1.6.0/src/mjlab/actuator/dc_actuator.py: OK
/home/linjiw/climb-feasibility-first/mjlab-1.6.0/src/mjlab/actuator/fused_group.py: OK
/home/linjiw/climb-feasibility-first/mjlab-1.6.0/src/mjlab/actuator/learned_actuator.py: OK
/home/linjiw/climb-feasibility-first/mjlab-1.6.0/src/mjlab/actuator/pd_actuator.py: OK
/home/linjiw/climb-feasibility-first/mjlab-1.6.0/src/mjlab/actuator/xml_actuator.py: OK
/home/linjiw/climb-feasibility-first/mjlab-1.6.0/src/mjlab/asset_zoo/__init__.py: OK
/home/linjiw/climb-feasibility-first/mjlab-1.6.0/src/mjlab/asset_zoo/robots/__init__.py: OK
/home/linjiw/climb-feasibility-first/mjlab-1.6.0/src/mjlab/asset_zoo/robots/i2rt_yam/__init__.py: OK
/home/linjiw/climb-feasibility-first/mjlab-1.6.0/src/mjlab/asset_zoo/robots/i2rt_yam/yam_constants.py: OK
/home/linjiw/climb-feasibility-first/mjlab-1.6.0/src/mjlab/asset_zoo/robots/unitree_g1/__init__.py: OK
/home/linjiw/climb-feasibility-first/mjlab-1.6.0/src/mjlab/asset_zoo/robots/unitree_g1/g1_constants.py: OK
/home/linjiw/climb-feasibility-first/mjlab-1.6.0/src/mjlab/asset_zoo/robots/unitree_g1/xmls/assets/head_link.STL: OK
/home/linjiw/climb-feasibility-first/mjlab-1.6.0/src/mjlab/asset_zoo/robots/unitree_g1/xmls/assets/left_ankle_pitch_link.STL: OK
/home/linjiw/climb-feasibility-first/mjlab-1.6.0/src/mjlab/asset_zoo/robots/unitree_g1/xmls/assets/left_ankle_roll_link.STL: OK
/home/linjiw/climb-feasibility-first/mjlab-1.6.0/src/mjlab/asset_zoo/robots/unitree_g1/xmls/assets/left_elbow_link.STL: OK
/home/linjiw/climb-feasibility-first/mjlab-1.6.0/src/mjlab/asset_zoo/robots/unitree_g1/xmls/assets/left_hip_pitch_link.STL: OK
/home/linjiw/climb-feasibility-first/mjlab-1.6.0/src/mjlab/asset_zoo/robots/unitree_g1/xmls/assets/left_hip_roll_link.STL: OK
/home/linjiw/climb-feasibility-first/mjlab-1.6.0/src/mjlab/asset_zoo/robots/unitree_g1/xmls/assets/left_hip_yaw_link.STL: OK
/home/linjiw/climb-feasibility-first/mjlab-1.6.0/src/mjlab/asset_zoo/robots/unitree_g1/xmls/assets/left_knee_link.STL: OK
/home/linjiw/climb-feasibility-first/mjlab-1.6.0/src/mjlab/asset_zoo/robots/unitree_g1/xmls/assets/left_rubber_hand.STL: OK
/home/linjiw/climb-feasibility-first/mjlab-1.6.0/src/mjlab/asset_zoo/robots/unitree_g1/xmls/assets/left_shoulder_pitch_link.STL: OK
/home/linjiw/climb-feasibility-first/mjlab-1.6.0/src/mjlab/asset_zoo/robots/unitree_g1/xmls/assets/left_shoulder_roll_link.STL: OK
/home/linjiw/climb-feasibility-first/mjlab-1.6.0/src/mjlab/asset_zoo/robots/unitree_g1/xmls/assets/left_shoulder_yaw_link.STL: OK
/home/linjiw/climb-feasibility-first/mjlab-1.6.0/src/mjlab/asset_zoo/robots/unitree_g1/xmls/assets/left_wrist_pitch_link.STL: OK
/home/linjiw/climb-feasibility-first/mjlab-1.6.0/src/mjlab/asset_zoo/robots/unitree_g1/xmls/assets/left_wrist_roll_link.STL: OK
/home/linjiw/climb-feasibility-first/mjlab-1.6.0/src/mjlab/asset_zoo/robots/unitree_g1/xmls/assets/left_wrist_yaw_link.STL: OK
/home/linjiw/climb-feasibility-first/mjlab-1.6.0/src/mjlab/asset_zoo/robots/unitree_g1/xmls/assets/logo_link.STL: OK
/home/linjiw/climb-feasibility-first/mjlab-1.6.0/src/mjlab/asset_zoo/robots/unitree_g1/xmls/assets/pelvis.STL: OK
/home/linjiw/climb-feasibility-first/mjlab-1.6.0/src/mjlab/asset_zoo/robots/unitree_g1/xmls/assets/pelvis_contour_link.STL: OK
/home/linjiw/climb-feasibility-first/mjlab-1.6.0/src/mjlab/asset_zoo/robots/unitree_g1/xmls/assets/right_ankle_pitch_link.STL: OK
/home/linjiw/climb-feasibility-first/mjlab-1.6.0/src/mjlab/asset_zoo/robots/unitree_g1/xmls/assets/right_ankle_roll_link.STL: OK
/home/linjiw/climb-feasibility-first/mjlab-1.6.0/src/mjlab/asset_zoo/robots/unitree_g1/xmls/assets/right_elbow_link.STL: OK
/home/linjiw/climb-feasibility-first/mjlab-1.6.0/src/mjlab/asset_zoo/robots/unitree_g1/xmls/assets/right_hip_pitch_link.STL: OK
/home/linjiw/climb-feasibility-first/mjlab-1.6.0/src/mjlab/asset_zoo/robots/unitree_g1/xmls/assets/right_hip_roll_link.STL: OK
/home/linjiw/climb-feasibility-first/mjlab-1.6.0/src/mjlab/asset_zoo/robots/unitree_g1/xmls/assets/right_hip_yaw_link.STL: OK
/home/linjiw/climb-feasibility-first/mjlab-1.6.0/src/mjlab/asset_zoo/robots/unitree_g1/xmls/assets/right_knee_link.STL: OK
/home/linjiw/climb-feasibility-first/mjlab-1.6.0/src/mjlab/asset_zoo/robots/unitree_g1/xmls/assets/right_rubber_hand.STL: OK
/home/linjiw/climb-feasibility-first/mjlab-1.6.0/src/mjlab/asset_zoo/robots/unitree_g1/xmls/assets/right_shoulder_pitch_link.STL: OK
/home/linjiw/climb-feasibility-first/mjlab-1.6.0/src/mjlab/asset_zoo/robots/unitree_g1/xmls/assets/right_shoulder_roll_link.STL: OK
/home/linjiw/climb-feasibility-first/mjlab-1.6.0/src/mjlab/asset_zoo/robots/unitree_g1/xmls/assets/right_shoulder_yaw_link.STL: OK
/home/linjiw/climb-feasibility-first/mjlab-1.6.0/src/mjlab/asset_zoo/robots/unitree_g1/xmls/assets/right_wrist_pitch_link.STL: OK
/home/linjiw/climb-feasibility-first/mjlab-1.6.0/src/mjlab/asset_zoo/robots/unitree_g1/xmls/assets/right_wrist_roll_link.STL: OK
/home/linjiw/climb-feasibility-first/mjlab-1.6.0/src/mjlab/asset_zoo/robots/unitree_g1/xmls/assets/right_wrist_yaw_link.STL: OK
/home/linjiw/climb-feasibility-first/mjlab-1.6.0/src/mjlab/asset_zoo/robots/unitree_g1/xmls/assets/torso_link_rev_1_0.STL: OK
/home/linjiw/climb-feasibility-first/mjlab-1.6.0/src/mjlab/asset_zoo/robots/unitree_g1/xmls/assets/waist_roll_link_rev_1_0.STL: OK
/home/linjiw/climb-feasibility-first/mjlab-1.6.0/src/mjlab/asset_zoo/robots/unitree_g1/xmls/assets/waist_yaw_link_rev_1_0.STL: OK
/home/linjiw/climb-feasibility-first/mjlab-1.6.0/src/mjlab/asset_zoo/robots/unitree_g1/xmls/g1.xml: OK
/home/linjiw/climb-feasibility-first/mjlab-1.6.0/src/mjlab/asset_zoo/robots/unitree_go1/__init__.py: OK
/home/linjiw/climb-feasibility-first/mjlab-1.6.0/src/mjlab/asset_zoo/robots/unitree_go1/go1_constants.py: OK
/home/linjiw/climb-feasibility-first/mjlab-1.6.0/src/mjlab/entity/__init__.py: OK
/home/linjiw/climb-feasibility-first/mjlab-1.6.0/src/mjlab/entity/data.py: OK
/home/linjiw/climb-feasibility-first/mjlab-1.6.0/src/mjlab/entity/entity.py: OK
/home/linjiw/climb-feasibility-first/mjlab-1.6.0/src/mjlab/entity/variants.py: OK
/home/linjiw/climb-feasibility-first/mjlab-1.6.0/src/mjlab/envs/__init__.py: OK
/home/linjiw/climb-feasibility-first/mjlab-1.6.0/src/mjlab/envs/manager_based_rl_env.py: OK
/home/linjiw/climb-feasibility-first/mjlab-1.6.0/src/mjlab/envs/mdp/__init__.py: OK
/home/linjiw/climb-feasibility-first/mjlab-1.6.0/src/mjlab/envs/mdp/actions/__init__.py: OK
/home/linjiw/climb-feasibility-first/mjlab-1.6.0/src/mjlab/envs/mdp/actions/actions.py: OK
/home/linjiw/climb-feasibility-first/mjlab-1.6.0/src/mjlab/envs/mdp/actions/differential_ik.py: OK
/home/linjiw/climb-feasibility-first/mjlab-1.6.0/src/mjlab/envs/mdp/curriculums.py: OK
/home/linjiw/climb-feasibility-first/mjlab-1.6.0/src/mjlab/envs/mdp/dr/__init__.py: OK
/home/linjiw/climb-feasibility-first/mjlab-1.6.0/src/mjlab/envs/mdp/dr/_core.py: OK
/home/linjiw/climb-feasibility-first/mjlab-1.6.0/src/mjlab/envs/mdp/dr/_types.py: OK
/home/linjiw/climb-feasibility-first/mjlab-1.6.0/src/mjlab/envs/mdp/dr/actuator.py: OK
/home/linjiw/climb-feasibility-first/mjlab-1.6.0/src/mjlab/envs/mdp/dr/body.py: OK
/home/linjiw/climb-feasibility-first/mjlab-1.6.0/src/mjlab/envs/mdp/dr/camera.py: OK
/home/linjiw/climb-feasibility-first/mjlab-1.6.0/src/mjlab/envs/mdp/dr/geom.py: OK
/home/linjiw/climb-feasibility-first/mjlab-1.6.0/src/mjlab/envs/mdp/dr/joint.py: OK
/home/linjiw/climb-feasibility-first/mjlab-1.6.0/src/mjlab/envs/mdp/dr/light.py: OK
/home/linjiw/climb-feasibility-first/mjlab-1.6.0/src/mjlab/envs/mdp/dr/material.py: OK
/home/linjiw/climb-feasibility-first/mjlab-1.6.0/src/mjlab/envs/mdp/dr/pair.py: OK
/home/linjiw/climb-feasibility-first/mjlab-1.6.0/src/mjlab/envs/mdp/dr/site.py: OK
/home/linjiw/climb-feasibility-first/mjlab-1.6.0/src/mjlab/envs/mdp/dr/tendon.py: OK
/home/linjiw/climb-feasibility-first/mjlab-1.6.0/src/mjlab/envs/mdp/events.py: OK
/home/linjiw/climb-feasibility-first/mjlab-1.6.0/src/mjlab/envs/mdp/metrics.py: OK
/home/linjiw/climb-feasibility-first/mjlab-1.6.0/src/mjlab/envs/mdp/observations.py: OK
/home/linjiw/climb-feasibility-first/mjlab-1.6.0/src/mjlab/envs/mdp/rewards.py: OK
/home/linjiw/climb-feasibility-first/mjlab-1.6.0/src/mjlab/envs/mdp/terminations.py: OK
/home/linjiw/climb-feasibility-first/mjlab-1.6.0/src/mjlab/envs/types.py: OK
/home/linjiw/climb-feasibility-first/mjlab-1.6.0/src/mjlab/managers/__init__.py: OK
/home/linjiw/climb-feasibility-first/mjlab-1.6.0/src/mjlab/managers/action_manager.py: OK
/home/linjiw/climb-feasibility-first/mjlab-1.6.0/src/mjlab/managers/command_manager.py: OK
/home/linjiw/climb-feasibility-first/mjlab-1.6.0/src/mjlab/managers/curriculum_manager.py: OK
/home/linjiw/climb-feasibility-first/mjlab-1.6.0/src/mjlab/managers/event_manager.py: OK
/home/linjiw/climb-feasibility-first/mjlab-1.6.0/src/mjlab/managers/manager_base.py: OK
/home/linjiw/climb-feasibility-first/mjlab-1.6.0/src/mjlab/managers/metrics_manager.py: OK
/home/linjiw/climb-feasibility-first/mjlab-1.6.0/src/mjlab/managers/observation_manager.py: OK
/home/linjiw/climb-feasibility-first/mjlab-1.6.0/src/mjlab/managers/recorder_manager.py: OK
/home/linjiw/climb-feasibility-first/mjlab-1.6.0/src/mjlab/managers/reward_manager.py: OK
/home/linjiw/climb-feasibility-first/mjlab-1.6.0/src/mjlab/managers/scene_entity_config.py: OK
/home/linjiw/climb-feasibility-first/mjlab-1.6.0/src/mjlab/managers/termination_manager.py: OK
/home/linjiw/climb-feasibility-first/mjlab-1.6.0/src/mjlab/rl/__init__.py: OK
/home/linjiw/climb-feasibility-first/mjlab-1.6.0/src/mjlab/rl/config.py: OK
/home/linjiw/climb-feasibility-first/mjlab-1.6.0/src/mjlab/rl/exporter_utils.py: OK
/home/linjiw/climb-feasibility-first/mjlab-1.6.0/src/mjlab/rl/runner.py: OK
/home/linjiw/climb-feasibility-first/mjlab-1.6.0/src/mjlab/rl/spatial_softmax.py: OK
/home/linjiw/climb-feasibility-first/mjlab-1.6.0/src/mjlab/rl/vecenv_wrapper.py: OK
/home/linjiw/climb-feasibility-first/mjlab-1.6.0/src/mjlab/scene/__init__.py: OK
/home/linjiw/climb-feasibility-first/mjlab-1.6.0/src/mjlab/scene/scene.py: OK
/home/linjiw/climb-feasibility-first/mjlab-1.6.0/src/mjlab/scripts/_cli.py: OK
/home/linjiw/climb-feasibility-first/mjlab-1.6.0/src/mjlab/scripts/csv_to_npz.py: OK
/home/linjiw/climb-feasibility-first/mjlab-1.6.0/src/mjlab/scripts/demo.py: OK
/home/linjiw/climb-feasibility-first/mjlab-1.6.0/src/mjlab/scripts/export_scene.py: OK
/home/linjiw/climb-feasibility-first/mjlab-1.6.0/src/mjlab/scripts/gcs.py: OK
/home/linjiw/climb-feasibility-first/mjlab-1.6.0/src/mjlab/scripts/list_envs.py: OK
/home/linjiw/climb-feasibility-first/mjlab-1.6.0/src/mjlab/scripts/nan_viz.py: OK
/home/linjiw/climb-feasibility-first/mjlab-1.6.0/src/mjlab/scripts/play.py: OK
/home/linjiw/climb-feasibility-first/mjlab-1.6.0/src/mjlab/scripts/train.py: OK
/home/linjiw/climb-feasibility-first/mjlab-1.6.0/src/mjlab/scripts/visualize_terrain.py: OK
/home/linjiw/climb-feasibility-first/mjlab-1.6.0/src/mjlab/sensor/__init__.py: OK
/home/linjiw/climb-feasibility-first/mjlab-1.6.0/src/mjlab/sensor/builtin_sensor.py: OK
/home/linjiw/climb-feasibility-first/mjlab-1.6.0/src/mjlab/sensor/camera_sensor.py: OK
/home/linjiw/climb-feasibility-first/mjlab-1.6.0/src/mjlab/sensor/contact_sensor.py: OK
/home/linjiw/climb-feasibility-first/mjlab-1.6.0/src/mjlab/sensor/raycast_sensor.py: OK
/home/linjiw/climb-feasibility-first/mjlab-1.6.0/src/mjlab/sensor/sensor.py: OK
/home/linjiw/climb-feasibility-first/mjlab-1.6.0/src/mjlab/sensor/sensor_context.py: OK
/home/linjiw/climb-feasibility-first/mjlab-1.6.0/src/mjlab/sensor/terrain_height_sensor.py: OK
/home/linjiw/climb-feasibility-first/mjlab-1.6.0/src/mjlab/sim/__init__.py: OK
/home/linjiw/climb-feasibility-first/mjlab-1.6.0/src/mjlab/sim/randomization.py: OK
/home/linjiw/climb-feasibility-first/mjlab-1.6.0/src/mjlab/sim/sim.py: OK
/home/linjiw/climb-feasibility-first/mjlab-1.6.0/src/mjlab/sim/sim_data.py: OK
/home/linjiw/climb-feasibility-first/mjlab-1.6.0/src/mjlab/tasks/__init__.py: OK
/home/linjiw/climb-feasibility-first/mjlab-1.6.0/src/mjlab/tasks/cartpole/__init__.py: OK
/home/linjiw/climb-feasibility-first/mjlab-1.6.0/src/mjlab/tasks/cartpole/cartpole_env_cfg.py: OK
/home/linjiw/climb-feasibility-first/mjlab-1.6.0/src/mjlab/tasks/manipulation/__init__.py: OK
/home/linjiw/climb-feasibility-first/mjlab-1.6.0/src/mjlab/tasks/manipulation/config/__init__.py: OK
/home/linjiw/climb-feasibility-first/mjlab-1.6.0/src/mjlab/tasks/manipulation/config/yam/__init__.py: OK
/home/linjiw/climb-feasibility-first/mjlab-1.6.0/src/mjlab/tasks/manipulation/config/yam/env_cfgs.py: OK
/home/linjiw/climb-feasibility-first/mjlab-1.6.0/src/mjlab/tasks/manipulation/config/yam/rl_cfg.py: OK
/home/linjiw/climb-feasibility-first/mjlab-1.6.0/src/mjlab/tasks/manipulation/lift_cube_env_cfg.py: OK
/home/linjiw/climb-feasibility-first/mjlab-1.6.0/src/mjlab/tasks/manipulation/mdp/__init__.py: OK
/home/linjiw/climb-feasibility-first/mjlab-1.6.0/src/mjlab/tasks/manipulation/mdp/commands.py: OK
/home/linjiw/climb-feasibility-first/mjlab-1.6.0/src/mjlab/tasks/manipulation/mdp/observations.py: OK
/home/linjiw/climb-feasibility-first/mjlab-1.6.0/src/mjlab/tasks/manipulation/mdp/rewards.py: OK
/home/linjiw/climb-feasibility-first/mjlab-1.6.0/src/mjlab/tasks/manipulation/mdp/terminations.py: OK
/home/linjiw/climb-feasibility-first/mjlab-1.6.0/src/mjlab/tasks/manipulation/rl/__init__.py: OK
/home/linjiw/climb-feasibility-first/mjlab-1.6.0/src/mjlab/tasks/manipulation/rl/runner.py: OK
/home/linjiw/climb-feasibility-first/mjlab-1.6.0/src/mjlab/tasks/registry.py: OK
/home/linjiw/climb-feasibility-first/mjlab-1.6.0/src/mjlab/tasks/tracking/__init__.py: OK
/home/linjiw/climb-feasibility-first/mjlab-1.6.0/src/mjlab/tasks/tracking/config/__init__.py: OK
/home/linjiw/climb-feasibility-first/mjlab-1.6.0/src/mjlab/tasks/tracking/config/g1/__init__.py: OK
/home/linjiw/climb-feasibility-first/mjlab-1.6.0/src/mjlab/tasks/tracking/config/g1/env_cfgs.py: OK
/home/linjiw/climb-feasibility-first/mjlab-1.6.0/src/mjlab/tasks/tracking/config/g1/rl_cfg.py: OK
/home/linjiw/climb-feasibility-first/mjlab-1.6.0/src/mjlab/tasks/tracking/mdp/__init__.py: OK
/home/linjiw/climb-feasibility-first/mjlab-1.6.0/src/mjlab/tasks/tracking/mdp/commands.py: OK
/home/linjiw/climb-feasibility-first/mjlab-1.6.0/src/mjlab/tasks/tracking/mdp/metrics.py: OK
/home/linjiw/climb-feasibility-first/mjlab-1.6.0/src/mjlab/tasks/tracking/mdp/observations.py: OK
/home/linjiw/climb-feasibility-first/mjlab-1.6.0/src/mjlab/tasks/tracking/mdp/rewards.py: OK
/home/linjiw/climb-feasibility-first/mjlab-1.6.0/src/mjlab/tasks/tracking/mdp/terminations.py: OK
/home/linjiw/climb-feasibility-first/mjlab-1.6.0/src/mjlab/tasks/tracking/rl/__init__.py: OK
/home/linjiw/climb-feasibility-first/mjlab-1.6.0/src/mjlab/tasks/tracking/rl/runner.py: OK
/home/linjiw/climb-feasibility-first/mjlab-1.6.0/src/mjlab/tasks/tracking/scripts/evaluate.py: OK
/home/linjiw/climb-feasibility-first/mjlab-1.6.0/src/mjlab/tasks/tracking/tracking_env_cfg.py: OK
/home/linjiw/climb-feasibility-first/mjlab-1.6.0/src/mjlab/tasks/velocity/__init__.py: OK
/home/linjiw/climb-feasibility-first/mjlab-1.6.0/src/mjlab/tasks/velocity/config/__init__.py: OK
/home/linjiw/climb-feasibility-first/mjlab-1.6.0/src/mjlab/tasks/velocity/config/g1/__init__.py: OK
/home/linjiw/climb-feasibility-first/mjlab-1.6.0/src/mjlab/tasks/velocity/config/g1/env_cfgs.py: OK
/home/linjiw/climb-feasibility-first/mjlab-1.6.0/src/mjlab/tasks/velocity/config/g1/rl_cfg.py: OK
/home/linjiw/climb-feasibility-first/mjlab-1.6.0/src/mjlab/tasks/velocity/config/go1/__init__.py: OK
/home/linjiw/climb-feasibility-first/mjlab-1.6.0/src/mjlab/tasks/velocity/config/go1/env_cfgs.py: OK
/home/linjiw/climb-feasibility-first/mjlab-1.6.0/src/mjlab/tasks/velocity/config/go1/rl_cfg.py: OK
/home/linjiw/climb-feasibility-first/mjlab-1.6.0/src/mjlab/tasks/velocity/mdp/__init__.py: OK
/home/linjiw/climb-feasibility-first/mjlab-1.6.0/src/mjlab/tasks/velocity/mdp/curriculums.py: OK
/home/linjiw/climb-feasibility-first/mjlab-1.6.0/src/mjlab/tasks/velocity/mdp/observations.py: OK
/home/linjiw/climb-feasibility-first/mjlab-1.6.0/src/mjlab/tasks/velocity/mdp/rewards.py: OK
/home/linjiw/climb-feasibility-first/mjlab-1.6.0/src/mjlab/tasks/velocity/mdp/terminations.py: OK
/home/linjiw/climb-feasibility-first/mjlab-1.6.0/src/mjlab/tasks/velocity/mdp/terrain_utils.py: OK
/home/linjiw/climb-feasibility-first/mjlab-1.6.0/src/mjlab/tasks/velocity/mdp/velocity_command.py: OK
/home/linjiw/climb-feasibility-first/mjlab-1.6.0/src/mjlab/tasks/velocity/rl/__init__.py: OK
/home/linjiw/climb-feasibility-first/mjlab-1.6.0/src/mjlab/tasks/velocity/rl/runner.py: OK
/home/linjiw/climb-feasibility-first/mjlab-1.6.0/src/mjlab/tasks/velocity/velocity_env_cfg.py: OK
/home/linjiw/climb-feasibility-first/mjlab-1.6.0/src/mjlab/terrains/__init__.py: OK
/home/linjiw/climb-feasibility-first/mjlab-1.6.0/src/mjlab/terrains/config.py: OK
/home/linjiw/climb-feasibility-first/mjlab-1.6.0/src/mjlab/terrains/heightfield_terrains.py: OK
/home/linjiw/climb-feasibility-first/mjlab-1.6.0/src/mjlab/terrains/primitive_terrains.py: OK
/home/linjiw/climb-feasibility-first/mjlab-1.6.0/src/mjlab/terrains/terrain_entity.py: OK
/home/linjiw/climb-feasibility-first/mjlab-1.6.0/src/mjlab/terrains/terrain_generator.py: OK
/home/linjiw/climb-feasibility-first/mjlab-1.6.0/src/mjlab/terrains/utils.py: OK
/home/linjiw/climb-feasibility-first/mjlab-1.6.0/src/mjlab/utils/__init__.py: OK
/home/linjiw/climb-feasibility-first/mjlab-1.6.0/src/mjlab/utils/actuator.py: OK
/home/linjiw/climb-feasibility-first/mjlab-1.6.0/src/mjlab/utils/buffers/__init__.py: OK
/home/linjiw/climb-feasibility-first/mjlab-1.6.0/src/mjlab/utils/buffers/circular_buffer.py: OK
/home/linjiw/climb-feasibility-first/mjlab-1.6.0/src/mjlab/utils/buffers/delay_buffer.py: OK
/home/linjiw/climb-feasibility-first/mjlab-1.6.0/src/mjlab/utils/color.py: OK
/home/linjiw/climb-feasibility-first/mjlab-1.6.0/src/mjlab/utils/gpu.py: OK
/home/linjiw/climb-feasibility-first/mjlab-1.6.0/src/mjlab/utils/lab_api/__init__.py: OK
/home/linjiw/climb-feasibility-first/mjlab-1.6.0/src/mjlab/utils/lab_api/math.py: OK
/home/linjiw/climb-feasibility-first/mjlab-1.6.0/src/mjlab/utils/lab_api/string.py: OK
/home/linjiw/climb-feasibility-first/mjlab-1.6.0/src/mjlab/utils/lab_api/tasks/importer.py: OK
/home/linjiw/climb-feasibility-first/mjlab-1.6.0/src/mjlab/utils/logging.py: OK
/home/linjiw/climb-feasibility-first/mjlab-1.6.0/src/mjlab/utils/mujoco.py: OK
/home/linjiw/climb-feasibility-first/mjlab-1.6.0/src/mjlab/utils/nan_guard.py: OK
/home/linjiw/climb-feasibility-first/mjlab-1.6.0/src/mjlab/utils/noise/__init__.py: OK
/home/linjiw/climb-feasibility-first/mjlab-1.6.0/src/mjlab/utils/noise/noise_cfg.py: OK
/home/linjiw/climb-feasibility-first/mjlab-1.6.0/src/mjlab/utils/noise/noise_model.py: OK
/home/linjiw/climb-feasibility-first/mjlab-1.6.0/src/mjlab/utils/os.py: OK
/home/linjiw/climb-feasibility-first/mjlab-1.6.0/src/mjlab/utils/random.py: OK
/home/linjiw/climb-feasibility-first/mjlab-1.6.0/src/mjlab/utils/spaces.py: OK
/home/linjiw/climb-feasibility-first/mjlab-1.6.0/src/mjlab/utils/spec.py: OK
/home/linjiw/climb-feasibility-first/mjlab-1.6.0/src/mjlab/utils/spec_config.py: OK
/home/linjiw/climb-feasibility-first/mjlab-1.6.0/src/mjlab/utils/string.py: OK
/home/linjiw/climb-feasibility-first/mjlab-1.6.0/src/mjlab/utils/torch.py: OK
/home/linjiw/climb-feasibility-first/mjlab-1.6.0/src/mjlab/utils/wandb.py: OK
/home/linjiw/climb-feasibility-first/mjlab-1.6.0/src/mjlab/utils/wrappers/__init__.py: OK
/home/linjiw/climb-feasibility-first/mjlab-1.6.0/src/mjlab/utils/wrappers/video_recorder.py: OK
/home/linjiw/climb-feasibility-first/mjlab-1.6.0/src/mjlab/utils/xml.py: OK
/home/linjiw/climb-feasibility-first/mjlab-1.6.0/src/mjlab/viewer/__init__.py: OK
/home/linjiw/climb-feasibility-first/mjlab-1.6.0/src/mjlab/viewer/base.py: OK
/home/linjiw/climb-feasibility-first/mjlab-1.6.0/src/mjlab/viewer/debug_visualizer.py: OK
/home/linjiw/climb-feasibility-first/mjlab-1.6.0/src/mjlab/viewer/model_sync.py: OK
/home/linjiw/climb-feasibility-first/mjlab-1.6.0/src/mjlab/viewer/native/__init__.py: OK
/home/linjiw/climb-feasibility-first/mjlab-1.6.0/src/mjlab/viewer/native/keys.py: OK
/home/linjiw/climb-feasibility-first/mjlab-1.6.0/src/mjlab/viewer/native/viewer.py: OK
/home/linjiw/climb-feasibility-first/mjlab-1.6.0/src/mjlab/viewer/native/visualizer.py: OK
/home/linjiw/climb-feasibility-first/mjlab-1.6.0/src/mjlab/viewer/offscreen_renderer.py: OK
/home/linjiw/climb-feasibility-first/mjlab-1.6.0/src/mjlab/viewer/viewer_config.py: OK
/home/linjiw/climb-feasibility-first/mjlab-1.6.0/src/mjlab/viewer/viser/__init__.py: OK
/home/linjiw/climb-feasibility-first/mjlab-1.6.0/src/mjlab/viewer/viser/camera_viewer.py: OK
/home/linjiw/climb-feasibility-first/mjlab-1.6.0/src/mjlab/viewer/viser/overlays.py: OK
/home/linjiw/climb-feasibility-first/mjlab-1.6.0/src/mjlab/viewer/viser/reward_bar_panel.py: OK
/home/linjiw/climb-feasibility-first/mjlab-1.6.0/src/mjlab/viewer/viser/scene.py: OK
/home/linjiw/climb-feasibility-first/mjlab-1.6.0/src/mjlab/viewer/viser/term_plotter.py: OK
/home/linjiw/climb-feasibility-first/mjlab-1.6.0/src/mjlab/viewer/viser/viewer.py: OK
/home/linjiw/climb-feasibility-first/reports/g_segment/eval_conditions.json: OK
/home/linjiw/climb-feasibility-first/reports/g_segment/panel/panel.txt: OK
/home/linjiw/climb-feasibility-first/reports/g_segment/panel/strata.csv: OK
/home/linjiw/climb-feasibility-first/reports/relative_progress_2026-09-05/confirmation_freeze/contract.json: OK
/home/linjiw/climb-gate-ablation-2026-09-06/climb/__init__.py: OK
/home/linjiw/climb-gate-ablation-2026-09-06/climb/commands.py: OK
/home/linjiw/climb-gate-ablation-2026-09-06/climb/contact_timing.py: OK
/home/linjiw/climb-gate-ablation-2026-09-06/climb/contact_validation.py: OK
/home/linjiw/climb-gate-ablation-2026-09-06/climb/dfrp.py: OK
/home/linjiw/climb-gate-ablation-2026-09-06/climb/eligibility.py: OK
/home/linjiw/climb-gate-ablation-2026-09-06/climb/env_cfg.py: OK
/home/linjiw/climb-gate-ablation-2026-09-06/climb/gate_ablation.py: OK
/home/linjiw/climb-gate-ablation-2026-09-06/climb/gate_study.py: OK
/home/linjiw/climb-gate-ablation-2026-09-06/climb/motion_bank.py: OK
/home/linjiw/climb-gate-ablation-2026-09-06/climb/relative_progress.py: OK
/home/linjiw/climb-gate-ablation-2026-09-06/climb/segment_command.py: OK
/home/linjiw/climb-gate-ablation-2026-09-06/climb/segment_curriculum.py: OK
/home/linjiw/climb-gate-ablation-2026-09-06/climb/segment_env_cfg.py: OK
/home/linjiw/climb-gate-ablation-2026-09-06/climb/segment_runtime.py: OK
/home/linjiw/climb-gate-ablation-2026-09-06/paper/h1/campaign.py: OK
/home/linjiw/climb-gate-ablation-2026-09-06/paper/h1/job.py: OK
/home/linjiw/climb-gate-ablation-2026-09-06/paper/h1/prepare.py: OK
/home/linjiw/climb-gate-ablation-2026-09-06/paper/h1/protocol.py: OK
/home/linjiw/climb-gate-ablation-2026-09-06/paper/h1/test_protocol.py: OK
/home/linjiw/climb-gate-ablation-2026-09-06/reports/gate_entrypoint_2026-09-06/cpu_off/result.json: OK
/home/linjiw/climb-gate-ablation-2026-09-06/reports/gate_entrypoint_2026-09-06/cpu_on/result.json: OK
/home/linjiw/climb-gate-ablation-2026-09-06/reports/gate_entrypoint_2026-09-06/preparation/draft_contract.json: OK
/home/linjiw/climb-gate-ablation-2026-09-06/reports/h1_fable_2026-09-07/contract.json: OK
/home/linjiw/climb-gate-ablation-2026-09-06/reports/h1_fable_2026-09-07/fresh_seed_audit.json: OK
/home/linjiw/climb-gate-ablation-2026-09-06/reports/h1_fable_preparation_2026-09-07/tests.json: OK
/home/linjiw/climb-gate-ablation-2026-09-06/tools/aggregate_repair_census.py: OK
/home/linjiw/climb-gate-ablation-2026-09-06/tools/analyze_adaptive_contamination.py: OK
/home/linjiw/climb-gate-ablation-2026-09-06/tools/analyze_atlas_support.py: OK
/home/linjiw/climb-gate-ablation-2026-09-06/tools/analyze_atlas_transfer.py: OK
/home/linjiw/climb-gate-ablation-2026-09-06/tools/analyze_atlas_v21.py: OK
/home/linjiw/climb-gate-ablation-2026-09-06/tools/analyze_attractor.py: OK
/home/linjiw/climb-gate-ablation-2026-09-06/tools/analyze_campaign.py: OK
/home/linjiw/climb-gate-ablation-2026-09-06/tools/analyze_coverage_dose.py: OK
/home/linjiw/climb-gate-ablation-2026-09-06/tools/analyze_dfrp_exact_panel.py: OK
/home/linjiw/climb-gate-ablation-2026-09-06/tools/analyze_dfrp_manifest.py: OK
/home/linjiw/climb-gate-ablation-2026-09-06/tools/analyze_dfrp_policy_validation.py: OK
/home/linjiw/climb-gate-ablation-2026-09-06/tools/analyze_ehyg.py: OK
/home/linjiw/climb-gate-ablation-2026-09-06/tools/analyze_eval_v2_pilot.py: OK
/home/linjiw/climb-gate-ablation-2026-09-06/tools/analyze_feasibility_predicts_failure.py: OK
/home/linjiw/climb-gate-ablation-2026-09-06/tools/analyze_fgas.py: OK
/home/linjiw/climb-gate-ablation-2026-09-06/tools/analyze_frontier_band.py: OK
/home/linjiw/climb-gate-ablation-2026-09-06/tools/analyze_g1.py: OK
/home/linjiw/climb-gate-ablation-2026-09-06/tools/analyze_g1_v2.py: OK
/home/linjiw/climb-gate-ablation-2026-09-06/tools/analyze_g_segment.py: OK
/home/linjiw/climb-gate-ablation-2026-09-06/tools/analyze_gate_smokes.py: OK
/home/linjiw/climb-gate-ablation-2026-09-06/tools/analyze_n3.py: OK
/home/linjiw/climb-gate-ablation-2026-09-06/tools/analyze_n7.py: OK
/home/linjiw/climb-gate-ablation-2026-09-06/tools/analyze_newton_pred.py: OK
/home/linjiw/climb-gate-ablation-2026-09-06/tools/analyze_p_sign.py: OK
/home/linjiw/climb-gate-ablation-2026-09-06/tools/analyze_relative_campaign.py: OK
/home/linjiw/climb-gate-ablation-2026-09-06/tools/analyze_relative_cost.py: OK
/home/linjiw/climb-gate-ablation-2026-09-06/tools/analyze_relative_policy.py: OK
/home/linjiw/climb-gate-ablation-2026-09-06/tools/analyze_relative_rank_signal.py: OK
/home/linjiw/climb-gate-ablation-2026-09-06/tools/analyze_rq1.py: OK
/home/linjiw/climb-gate-ablation-2026-09-06/tools/analyze_sat_at_fall.py: OK
/home/linjiw/climb-gate-ablation-2026-09-06/tools/analyze_segment_pilot.py: OK
/home/linjiw/climb-gate-ablation-2026-09-06/tools/analyze_wasted_exposure.py: OK
/home/linjiw/climb-gate-ablation-2026-09-06/tools/audit_extreme_sources.py: OK
/home/linjiw/climb-gate-ablation-2026-09-06/tools/audit_gate_candidate_support.py: OK
/home/linjiw/climb-gate-ablation-2026-09-06/tools/build_contact_validation_panel.py: OK
/home/linjiw/climb-gate-ablation-2026-09-06/tools/build_eligibility_sidecar.py: OK
/home/linjiw/climb-gate-ablation-2026-09-06/tools/build_feasibility_release.py: OK
/home/linjiw/climb-gate-ablation-2026-09-06/tools/build_g_eval_panel.py: OK
/home/linjiw/climb-gate-ablation-2026-09-06/tools/build_g_eval_strata.py: OK
/home/linjiw/climb-gate-ablation-2026-09-06/tools/build_g_run_manifest.py: OK
/home/linjiw/climb-gate-ablation-2026-09-06/tools/build_motion_bank.py: OK
/home/linjiw/climb-gate-ablation-2026-09-06/tools/build_newton_pred_panel.py: OK
/home/linjiw/climb-gate-ablation-2026-09-06/tools/build_reference_contact_labels.py: OK
/home/linjiw/climb-gate-ablation-2026-09-06/tools/build_repaired_bank.py: OK
/home/linjiw/climb-gate-ablation-2026-09-06/tools/build_segment_unit_table.py: OK
/home/linjiw/climb-gate-ablation-2026-09-06/tools/calib_airborne.py: OK
/home/linjiw/climb-gate-ablation-2026-09-06/tools/calibrate_g2_treatment.py: OK
/home/linjiw/climb-gate-ablation-2026-09-06/tools/check_g_seed1_manipulation.py: OK
/home/linjiw/climb-gate-ablation-2026-09-06/tools/check_relative_inputs.py: OK
/home/linjiw/climb-gate-ablation-2026-09-06/tools/check_relative_progress_probe.py: OK
/home/linjiw/climb-gate-ablation-2026-09-06/tools/climb_eval.py: OK
/home/linjiw/climb-gate-ablation-2026-09-06/tools/climb_segment_train.py: OK
/home/linjiw/climb-gate-ablation-2026-09-06/tools/climb_train.py: OK
/home/linjiw/climb-gate-ablation-2026-09-06/tools/continue_relative_progress.py: OK
/home/linjiw/climb-gate-ablation-2026-09-06/tools/dfrp_pipeline.py: OK
/home/linjiw/climb-gate-ablation-2026-09-06/tools/dfrp_repair.py: OK
/home/linjiw/climb-gate-ablation-2026-09-06/tools/diagnose_e4_allocation.py: OK
/home/linjiw/climb-gate-ablation-2026-09-06/tools/diagnose_fgas_result.py: OK
/home/linjiw/climb-gate-ablation-2026-09-06/tools/diagnose_n7_result.py: OK
/home/linjiw/climb-gate-ablation-2026-09-06/tools/env_admits_kneel.py: OK
/home/linjiw/climb-gate-ablation-2026-09-06/tools/eval_paired_v2.py: OK
/home/linjiw/climb-gate-ablation-2026-09-06/tools/eval_relative_confirmation.py: OK
/home/linjiw/climb-gate-ablation-2026-09-06/tools/eval_segment_policy.py: OK
/home/linjiw/climb-gate-ablation-2026-09-06/tools/eval_stratified.py: OK
/home/linjiw/climb-gate-ablation-2026-09-06/tools/feasibility_xcheck.py: OK
/home/linjiw/climb-gate-ablation-2026-09-06/tools/featurize_motions.py: OK
/home/linjiw/climb-gate-ablation-2026-09-06/tools/g1_clip44_gate.py: OK
/home/linjiw/climb-gate-ablation-2026-09-06/tools/gate_study_setup.py: OK
/home/linjiw/climb-gate-ablation-2026-09-06/tools/gate_training_provenance.py: OK
/home/linjiw/climb-gate-ablation-2026-09-06/tools/gmr_npz_to_csv.py: OK
/home/linjiw/climb-gate-ablation-2026-09-06/tools/ground_align_bank.py: OK
/home/linjiw/climb-gate-ablation-2026-09-06/tools/n1_knee_id.py: OK
/home/linjiw/climb-gate-ablation-2026-09-06/tools/newton15_pred_probe.py: OK
/home/linjiw/climb-gate-ablation-2026-09-06/tools/newton15_recert.py: OK
/home/linjiw/climb-gate-ablation-2026-09-06/tools/p_sign_gate.py: OK
/home/linjiw/climb-gate-ablation-2026-09-06/tools/plot_relative_progress.py: OK
/home/linjiw/climb-gate-ablation-2026-09-06/tools/prepare_gate_runtime.py: OK
/home/linjiw/climb-gate-ablation-2026-09-06/tools/prepare_gate_study.py: OK
/home/linjiw/climb-gate-ablation-2026-09-06/tools/prepare_relative_confirmation.py: OK
/home/linjiw/climb-gate-ablation-2026-09-06/tools/prevalence_report.py: OK
/home/linjiw/climb-gate-ablation-2026-09-06/tools/probe_dfrp_conversion_identity.py: OK
/home/linjiw/climb-gate-ablation-2026-09-06/tools/relative_confirmation_setup.py: OK
/home/linjiw/climb-gate-ablation-2026-09-06/tools/relative_policy_provenance.py: OK
/home/linjiw/climb-gate-ablation-2026-09-06/tools/relative_policy_secondaries.py: OK
/home/linjiw/climb-gate-ablation-2026-09-06/tools/render_contact_validation.py: OK
/home/linjiw/climb-gate-ablation-2026-09-06/tools/render_paper_html.py: OK
/home/linjiw/climb-gate-ablation-2026-09-06/tools/repair_contact_projection.py: OK
/home/linjiw/climb-gate-ablation-2026-09-06/tools/research_preflight.py: OK
/home/linjiw/climb-gate-ablation-2026-09-06/tools/restore_dfrp_validation_payload.py: OK
/home/linjiw/climb-gate-ablation-2026-09-06/tools/restore_phase_g_bank.py: OK
/home/linjiw/climb-gate-ablation-2026-09-06/tools/run_dfrp_exact_panel.py: OK
/home/linjiw/climb-gate-ablation-2026-09-06/tools/run_dfrp_policy_validation.py: OK
/home/linjiw/climb-gate-ablation-2026-09-06/tools/run_e4_confirmation.py: OK
/home/linjiw/climb-gate-ablation-2026-09-06/tools/run_g2_calibration.py: OK
/home/linjiw/climb-gate-ablation-2026-09-06/tools/run_relative_confirmation.py: OK
/home/linjiw/climb-gate-ablation-2026-09-06/tools/run_relative_entrypoint_smokes.py: OK
/home/linjiw/climb-gate-ablation-2026-09-06/tools/run_relative_failure_calibration.py: OK
/home/linjiw/climb-gate-ablation-2026-09-06/tools/run_relative_policy_smokes.py: OK
/home/linjiw/climb-gate-ablation-2026-09-06/tools/run_relative_progress_study.py: OK
/home/linjiw/climb-gate-ablation-2026-09-06/tools/s1_newton_conformance.py: OK
/home/linjiw/climb-gate-ablation-2026-09-06/tools/screen_bank.py: OK
/home/linjiw/climb-gate-ablation-2026-09-06/tools/screen_segments.py: OK
/home/linjiw/climb-gate-ablation-2026-09-06/tools/select_dfrp_exact_panel.py: OK
/home/linjiw/climb-gate-ablation-2026-09-06/tools/select_newton15_recert_units.py: OK
/home/linjiw/climb-gate-ablation-2026-09-06/tools/selfpen_screen.py: OK
/home/linjiw/climb-gate-ablation-2026-09-06/tools/smoke_segment_timeline.py: OK
/home/linjiw/climb-gate-ablation-2026-09-06/tools/train_gate_smoke.py: OK
/home/linjiw/climb-gate-ablation-2026-09-06/tools/train_gate_study.py: OK
/home/linjiw/climb-gate-ablation-2026-09-06/tools/train_relative_confirmation.py: OK
/home/linjiw/climb-gate-ablation-2026-09-06/tools/train_relative_policy.py: OK
/home/linjiw/climb-gate-ablation-2026-09-06/tools/train_relative_progress_probe.py: OK
/home/linjiw/climb-gate-ablation-2026-09-06/tools/validate_contact_proxy.py: OK
/home/linjiw/climb-gate-ablation-2026-09-06/tools/validate_motion_npz.py: OK
/home/linjiw/climb-icra-evidence-2026-09-06/climb/__init__.py: OK
/home/linjiw/climb-icra-evidence-2026-09-06/climb/commands.py: OK
/home/linjiw/climb-icra-evidence-2026-09-06/climb/contact_timing.py: OK
/home/linjiw/climb-icra-evidence-2026-09-06/climb/contact_validation.py: OK
/home/linjiw/climb-icra-evidence-2026-09-06/climb/dfrp.py: OK
/home/linjiw/climb-icra-evidence-2026-09-06/climb/eligibility.py: OK
/home/linjiw/climb-icra-evidence-2026-09-06/climb/env_cfg.py: OK
/home/linjiw/climb-icra-evidence-2026-09-06/climb/motion_bank.py: OK
/home/linjiw/climb-icra-evidence-2026-09-06/climb/segment_command.py: OK
/home/linjiw/climb-icra-evidence-2026-09-06/climb/segment_curriculum.py: OK
/home/linjiw/climb-icra-evidence-2026-09-06/climb/segment_env_cfg.py: OK
/home/linjiw/climb-icra-evidence-2026-09-06/climb/segment_runtime.py: OK
/home/linjiw/climb-icra-evidence-2026-09-06/tools/aggregate_repair_census.py: OK
/home/linjiw/climb-icra-evidence-2026-09-06/tools/analyze_adaptive_contamination.py: OK
/home/linjiw/climb-icra-evidence-2026-09-06/tools/analyze_atlas_support.py: OK
/home/linjiw/climb-icra-evidence-2026-09-06/tools/analyze_atlas_transfer.py: OK
/home/linjiw/climb-icra-evidence-2026-09-06/tools/analyze_atlas_v21.py: OK
/home/linjiw/climb-icra-evidence-2026-09-06/tools/analyze_attractor.py: OK
/home/linjiw/climb-icra-evidence-2026-09-06/tools/analyze_campaign.py: OK
/home/linjiw/climb-icra-evidence-2026-09-06/tools/analyze_coverage_dose.py: OK
/home/linjiw/climb-icra-evidence-2026-09-06/tools/analyze_device_lifecycle.py: OK
/home/linjiw/climb-icra-evidence-2026-09-06/tools/analyze_dfrp_exact_panel.py: OK
/home/linjiw/climb-icra-evidence-2026-09-06/tools/analyze_dfrp_manifest.py: OK
/home/linjiw/climb-icra-evidence-2026-09-06/tools/analyze_dfrp_policy_validation.py: OK
/home/linjiw/climb-icra-evidence-2026-09-06/tools/analyze_ehyg.py: OK
/home/linjiw/climb-icra-evidence-2026-09-06/tools/analyze_eval_v2_pilot.py: OK
/home/linjiw/climb-icra-evidence-2026-09-06/tools/analyze_feasibility_predicts_failure.py: OK
/home/linjiw/climb-icra-evidence-2026-09-06/tools/analyze_fgas.py: OK
/home/linjiw/climb-icra-evidence-2026-09-06/tools/analyze_frontier_band.py: OK
/home/linjiw/climb-icra-evidence-2026-09-06/tools/analyze_g1.py: OK
/home/linjiw/climb-icra-evidence-2026-09-06/tools/analyze_g1_v2.py: OK
/home/linjiw/climb-icra-evidence-2026-09-06/tools/analyze_g_segment.py: OK
/home/linjiw/climb-icra-evidence-2026-09-06/tools/analyze_gate_development.py: OK
/home/linjiw/climb-icra-evidence-2026-09-06/tools/analyze_icra_efficiency.py: OK
/home/linjiw/climb-icra-evidence-2026-09-06/tools/analyze_n3.py: OK
/home/linjiw/climb-icra-evidence-2026-09-06/tools/analyze_n7.py: OK
/home/linjiw/climb-icra-evidence-2026-09-06/tools/analyze_natural_entity_lifecycle.py: OK
/home/linjiw/climb-icra-evidence-2026-09-06/tools/analyze_natural_lifecycle.py: OK
/home/linjiw/climb-icra-evidence-2026-09-06/tools/analyze_newton_pred.py: OK
/home/linjiw/climb-icra-evidence-2026-09-06/tools/analyze_p_sign.py: OK
/home/linjiw/climb-icra-evidence-2026-09-06/tools/analyze_physics_development.py: OK
/home/linjiw/climb-icra-evidence-2026-09-06/tools/analyze_physics_reset_fixture.py: OK
/home/linjiw/climb-icra-evidence-2026-09-06/tools/analyze_physics_sensitivity_smoke.py: OK
/home/linjiw/climb-icra-evidence-2026-09-06/tools/analyze_policy_immutability.py: OK
/home/linjiw/climb-icra-evidence-2026-09-06/tools/analyze_rq1.py: OK
/home/linjiw/climb-icra-evidence-2026-09-06/tools/analyze_sat_at_fall.py: OK
/home/linjiw/climb-icra-evidence-2026-09-06/tools/analyze_segment_pilot.py: OK
/home/linjiw/climb-icra-evidence-2026-09-06/tools/analyze_wasted_exposure.py: OK
/home/linjiw/climb-icra-evidence-2026-09-06/tools/audit_extreme_sources.py: OK
/home/linjiw/climb-icra-evidence-2026-09-06/tools/audit_icra_physics.py: OK
/home/linjiw/climb-icra-evidence-2026-09-06/tools/audit_policy_immutability.py: OK
/home/linjiw/climb-icra-evidence-2026-09-06/tools/build_contact_validation_panel.py: OK
/home/linjiw/climb-icra-evidence-2026-09-06/tools/build_eligibility_sidecar.py: OK
/home/linjiw/climb-icra-evidence-2026-09-06/tools/build_feasibility_release.py: OK
/home/linjiw/climb-icra-evidence-2026-09-06/tools/build_g_eval_panel.py: OK
/home/linjiw/climb-icra-evidence-2026-09-06/tools/build_g_eval_strata.py: OK
/home/linjiw/climb-icra-evidence-2026-09-06/tools/build_g_run_manifest.py: OK
/home/linjiw/climb-icra-evidence-2026-09-06/tools/build_motion_bank.py: OK
/home/linjiw/climb-icra-evidence-2026-09-06/tools/build_newton_pred_panel.py: OK
/home/linjiw/climb-icra-evidence-2026-09-06/tools/build_reference_contact_labels.py: OK
/home/linjiw/climb-icra-evidence-2026-09-06/tools/build_repaired_bank.py: OK
/home/linjiw/climb-icra-evidence-2026-09-06/tools/build_segment_unit_table.py: OK
/home/linjiw/climb-icra-evidence-2026-09-06/tools/calib_airborne.py: OK
/home/linjiw/climb-icra-evidence-2026-09-06/tools/calibrate_g2_treatment.py: OK
/home/linjiw/climb-icra-evidence-2026-09-06/tools/check_g_seed1_manipulation.py: OK
/home/linjiw/climb-icra-evidence-2026-09-06/tools/climb_eval.py: OK
/home/linjiw/climb-icra-evidence-2026-09-06/tools/climb_segment_train.py: OK
/home/linjiw/climb-icra-evidence-2026-09-06/tools/climb_train.py: OK
/home/linjiw/climb-icra-evidence-2026-09-06/tools/continuous_execution_support.py: OK
/home/linjiw/climb-icra-evidence-2026-09-06/tools/device_optional_sense.py: OK
/home/linjiw/climb-icra-evidence-2026-09-06/tools/dfrp_pipeline.py: OK
/home/linjiw/climb-icra-evidence-2026-09-06/tools/dfrp_repair.py: OK
/home/linjiw/climb-icra-evidence-2026-09-06/tools/diagnose_fgas_result.py: OK
/home/linjiw/climb-icra-evidence-2026-09-06/tools/diagnose_n7_result.py: OK
/home/linjiw/climb-icra-evidence-2026-09-06/tools/env_admits_kneel.py: OK
/home/linjiw/climb-icra-evidence-2026-09-06/tools/eval_continuous_development.py: OK
/home/linjiw/climb-icra-evidence-2026-09-06/tools/eval_device_lifecycle.py: OK
/home/linjiw/climb-icra-evidence-2026-09-06/tools/eval_gate_development.py: OK
/home/linjiw/climb-icra-evidence-2026-09-06/tools/eval_natural_entity_lifecycle.py: OK
/home/linjiw/climb-icra-evidence-2026-09-06/tools/eval_natural_lifecycle.py: OK
/home/linjiw/climb-icra-evidence-2026-09-06/tools/eval_paired_v2.py: OK
/home/linjiw/climb-icra-evidence-2026-09-06/tools/eval_physics_development.py: OK
/home/linjiw/climb-icra-evidence-2026-09-06/tools/eval_physics_reset_fixed.py: OK
/home/linjiw/climb-icra-evidence-2026-09-06/tools/eval_physics_reset_fixture.py: OK
/home/linjiw/climb-icra-evidence-2026-09-06/tools/eval_segment_policy.py: OK
/home/linjiw/climb-icra-evidence-2026-09-06/tools/eval_stratified.py: OK
/home/linjiw/climb-icra-evidence-2026-09-06/tools/feasibility_xcheck.py: OK
/home/linjiw/climb-icra-evidence-2026-09-06/tools/featurize_motions.py: OK
/home/linjiw/climb-icra-evidence-2026-09-06/tools/follow_confirmation_reentry.py: OK
/home/linjiw/climb-icra-evidence-2026-09-06/tools/g1_clip44_gate.py: OK
/home/linjiw/climb-icra-evidence-2026-09-06/tools/gmr_npz_to_csv.py: OK
/home/linjiw/climb-icra-evidence-2026-09-06/tools/ground_align_bank.py: OK
/home/linjiw/climb-icra-evidence-2026-09-06/tools/h1_analysis_protocol.py: OK
/home/linjiw/climb-icra-evidence-2026-09-06/tools/h1_evaluation_provenance.py: OK
/home/linjiw/climb-icra-evidence-2026-09-06/tools/n1_knee_id.py: OK
/home/linjiw/climb-icra-evidence-2026-09-06/tools/newton15_pred_probe.py: OK
/home/linjiw/climb-icra-evidence-2026-09-06/tools/newton15_recert.py: OK
/home/linjiw/climb-icra-evidence-2026-09-06/tools/p_sign_gate.py: OK
/home/linjiw/climb-icra-evidence-2026-09-06/tools/physics_sensitivity.py: OK
/home/linjiw/climb-icra-evidence-2026-09-06/tools/prevalence_report.py: OK
/home/linjiw/climb-icra-evidence-2026-09-06/tools/queue_device_lifecycle.py: OK
/home/linjiw/climb-icra-evidence-2026-09-06/tools/render_contact_validation.py: OK
/home/linjiw/climb-icra-evidence-2026-09-06/tools/render_paper_html.py: OK
/home/linjiw/climb-icra-evidence-2026-09-06/tools/repair_contact_projection.py: OK
/home/linjiw/climb-icra-evidence-2026-09-06/tools/replay_serialized_confirmation.py: OK
/home/linjiw/climb-icra-evidence-2026-09-06/tools/research_preflight.py: OK
/home/linjiw/climb-icra-evidence-2026-09-06/tools/restore_dfrp_validation_payload.py: OK
/home/linjiw/climb-icra-evidence-2026-09-06/tools/restore_phase_g_bank.py: OK
/home/linjiw/climb-icra-evidence-2026-09-06/tools/run_dfrp_exact_panel.py: OK
/home/linjiw/climb-icra-evidence-2026-09-06/tools/run_dfrp_policy_validation.py: OK
/home/linjiw/climb-icra-evidence-2026-09-06/tools/run_e4_confirmation.py: OK
/home/linjiw/climb-icra-evidence-2026-09-06/tools/run_g2_calibration.py: OK
/home/linjiw/climb-icra-evidence-2026-09-06/tools/s1_newton_conformance.py: OK
/home/linjiw/climb-icra-evidence-2026-09-06/tools/screen_bank.py: OK
/home/linjiw/climb-icra-evidence-2026-09-06/tools/screen_segments.py: OK
/home/linjiw/climb-icra-evidence-2026-09-06/tools/select_dfrp_exact_panel.py: OK
/home/linjiw/climb-icra-evidence-2026-09-06/tools/select_newton15_recert_units.py: OK
/home/linjiw/climb-icra-evidence-2026-09-06/tools/selfpen_screen.py: OK
/home/linjiw/climb-icra-evidence-2026-09-06/tools/smoke_physics_sensitivity.py: OK
/home/linjiw/climb-icra-evidence-2026-09-06/tools/smoke_segment_timeline.py: OK
/home/linjiw/climb-icra-evidence-2026-09-06/tools/validate_contact_proxy.py: OK
/home/linjiw/climb-icra-evidence-2026-09-06/tools/validate_motion_npz.py: OK
/home/linjiw/climb-icra-evidence-2026-09-06/tools/verify_continuous_trace.py: OK
/home/linjiw/dataset/amass-licensed/phase-g-bank-rebuilt-fmt8/BMLhandball_S01_Expert_Trial_upper_left_112_poses_120_jpos.npz: OK
/home/linjiw/dataset/amass-licensed/phase-g-bank-rebuilt-fmt8/BMLhandball_S08_Novice_Trial_upper_left_069_poses_120_jpos.npz: OK
/home/linjiw/dataset/amass-licensed/phase-g-bank-rebuilt-fmt8/BMLhandball_S09_Novice_Trial_upper_right_left_091_poses_120_jpos.npz: OK
/home/linjiw/dataset/amass-licensed/phase-g-bank-rebuilt-fmt8/BMLmovi_Subject_47_F_MoSh_Subject_47_F_2_poses_120_jpos.npz: OK
/home/linjiw/dataset/amass-licensed/phase-g-bank-rebuilt-fmt8/BMLmovi_Subject_70_F_MoSh_Subject_70_F_15_poses_120_jpos.npz: OK
/home/linjiw/dataset/amass-licensed/phase-g-bank-rebuilt-fmt8/CMU_118_118_14_poses_120_jpos.npz: OK
/home/linjiw/dataset/amass-licensed/phase-g-bank-rebuilt-fmt8/CMU_132_132_48_poses_120_jpos.npz: OK
/home/linjiw/dataset/amass-licensed/phase-g-bank-rebuilt-fmt8/CMU_141_141_11_poses_60_jpos.npz: OK
/home/linjiw/dataset/amass-licensed/phase-g-bank-rebuilt-fmt8/CMU_143_143_34_poses_60_jpos.npz: OK
/home/linjiw/dataset/amass-licensed/phase-g-bank-rebuilt-fmt8/CMU_26_26_05_poses_120_jpos.npz: OK
/home/linjiw/dataset/amass-licensed/phase-g-bank-rebuilt-fmt8/CMU_55_55_05_poses_120_jpos.npz: OK
/home/linjiw/dataset/amass-licensed/phase-g-bank-rebuilt-fmt8/CMU_62_62_18_poses_60_jpos.npz: OK
/home/linjiw/dataset/amass-licensed/phase-g-bank-rebuilt-fmt8/CMU_62_62_20_poses_60_jpos.npz: OK
/home/linjiw/dataset/amass-licensed/phase-g-bank-rebuilt-fmt8/CMU_79_79_12_poses_60_jpos.npz: OK
/home/linjiw/dataset/amass-licensed/phase-g-bank-rebuilt-fmt8/CMU_79_79_62_poses_60_jpos.npz: OK
/home/linjiw/dataset/amass-licensed/phase-g-bank-rebuilt-fmt8/CMU_80_80_25_poses_60_jpos.npz: OK
/home/linjiw/dataset/amass-licensed/phase-g-bank-rebuilt-fmt8/CMU_83_83_66_poses_120_jpos.npz: OK
/home/linjiw/dataset/amass-licensed/phase-g-bank-rebuilt-fmt8/Eyes_Japan_Dataset_aita_gesture_etc-03-set_3-aita_poses_120_jpos.npz: OK
/home/linjiw/dataset/amass-licensed/phase-g-bank-rebuilt-fmt8/Eyes_Japan_Dataset_aita_walk-09-handbag-aita_poses_120_jpos.npz: OK
/home/linjiw/dataset/amass-licensed/phase-g-bank-rebuilt-fmt8/Eyes_Japan_Dataset_hamada_gesture_etc-15-whip_-hamada_poses_120_jpos.npz: OK
/home/linjiw/dataset/amass-licensed/phase-g-bank-rebuilt-fmt8/Eyes_Japan_Dataset_hamada_pose-06-hangon-hamada_poses_120_jpos.npz: OK
/home/linjiw/dataset/amass-licensed/phase-g-bank-rebuilt-fmt8/Eyes_Japan_Dataset_hamada_pose-19-funny-hamada_poses_120_jpos.npz: OK
/home/linjiw/dataset/amass-licensed/phase-g-bank-rebuilt-fmt8/Eyes_Japan_Dataset_hamada_turn-02-look_around-hamada_poses_120_jpos.npz: OK
/home/linjiw/dataset/amass-licensed/phase-g-bank-rebuilt-fmt8/Eyes_Japan_Dataset_kaiwa_turn-03-look_at-kaiwa_poses_120_jpos.npz: OK
/home/linjiw/dataset/amass-licensed/phase-g-bank-rebuilt-fmt8/Eyes_Japan_Dataset_kawaguchi_gesture_etc-50-syuriken-kawaguchi_poses_120_jpos.npz: OK
/home/linjiw/dataset/amass-licensed/phase-g-bank-rebuilt-fmt8/Eyes_Japan_Dataset_kawaguchi_pose-02-rest-kawaguchi_poses_120_jpos.npz: OK
/home/linjiw/dataset/amass-licensed/phase-g-bank-rebuilt-fmt8/Eyes_Japan_Dataset_shiono_pose-09-pray_buddhism-shiono_poses_120_jpos.npz: OK
/home/linjiw/dataset/amass-licensed/phase-g-bank-rebuilt-fmt8/Eyes_Japan_Dataset_shiono_walk-02-drank-shiono_poses_120_jpos.npz: OK
/home/linjiw/dataset/amass-licensed/phase-g-bank-rebuilt-fmt8/Eyes_Japan_Dataset_shiono_walk-03-sneak-shiono_poses_120_jpos.npz: OK
/home/linjiw/dataset/amass-licensed/phase-g-bank-rebuilt-fmt8/Eyes_Japan_Dataset_yamaoka_tennis-10-backhand_double_lob-yamaoka_poses_120_jpos.npz: OK
/home/linjiw/dataset/amass-licensed/phase-g-bank-rebuilt-fmt8/GRAB_s1_apple_pick_all.npz: OK
/home/linjiw/dataset/amass-licensed/phase-g-bank-rebuilt-fmt8/GRAB_s1_bowl_pick_all.npz: OK
/home/linjiw/dataset/amass-licensed/phase-g-bank-rebuilt-fmt8/GRAB_s1_cylinderlarge_inspect_1.npz: OK
/home/linjiw/dataset/amass-licensed/phase-g-bank-rebuilt-fmt8/GRAB_s2_apple_eat_1.npz: OK
/home/linjiw/dataset/amass-licensed/phase-g-bank-rebuilt-fmt8/GRAB_s2_banana_peel_1.npz: OK
/home/linjiw/dataset/amass-licensed/phase-g-bank-rebuilt-fmt8/GRAB_s3_cubesmall_inspect_1.npz: OK
/home/linjiw/dataset/amass-licensed/phase-g-bank-rebuilt-fmt8/GRAB_s3_mouse_use_1.npz: OK
/home/linjiw/dataset/amass-licensed/phase-g-bank-rebuilt-fmt8/GRAB_s3_spheremedium_inspect_1.npz: OK
/home/linjiw/dataset/amass-licensed/phase-g-bank-rebuilt-fmt8/GRAB_s3_wineglass_pass_1.npz: OK
/home/linjiw/dataset/amass-licensed/phase-g-bank-rebuilt-fmt8/GRAB_s4_hammer_use_3.npz: OK
/home/linjiw/dataset/amass-licensed/phase-g-bank-rebuilt-fmt8/GRAB_s5_binoculars_pass_1.npz: OK
/home/linjiw/dataset/amass-licensed/phase-g-bank-rebuilt-fmt8/GRAB_s5_piggybank_pick_all.npz: OK
/home/linjiw/dataset/amass-licensed/phase-g-bank-rebuilt-fmt8/GRAB_s5_teapot_pass_1.npz: OK
/home/linjiw/dataset/amass-licensed/phase-g-bank-rebuilt-fmt8/GRAB_s7_headphones_pick_all.npz: OK
/home/linjiw/dataset/amass-licensed/phase-g-bank-rebuilt-fmt8/GRAB_s8_cylindermedium_pick_all.npz: OK
/home/linjiw/dataset/amass-licensed/phase-g-bank-rebuilt-fmt8/GRAB_s8_hand_pick_all.npz: OK
/home/linjiw/dataset/amass-licensed/phase-g-bank-rebuilt-fmt8/GRAB_s9_apple_eat_1.npz: OK
/home/linjiw/dataset/amass-licensed/phase-g-bank-rebuilt-fmt8/GRAB_s9_binoculars_pass_1.npz: OK
/home/linjiw/dataset/amass-licensed/phase-g-bank-rebuilt-fmt8/GRAB_s9_cylindermedium_pick_all.npz: OK
/home/linjiw/dataset/amass-licensed/phase-g-bank-rebuilt-fmt8/HumanEva_S3_Gestures_1_poses_120_jpos.npz: OK
/home/linjiw/dataset/amass-licensed/phase-g-bank-rebuilt-fmt8/KIT_10_WalkInClockwiseCircle06_poses_100_jpos.npz: OK
/home/linjiw/dataset/amass-licensed/phase-g-bank-rebuilt-fmt8/KIT_11_RightTurn04_poses_100_jpos.npz: OK
/home/linjiw/dataset/amass-licensed/phase-g-bank-rebuilt-fmt8/KIT_11_WalkInClockwiseCircle10_poses_100_jpos.npz: OK
/home/linjiw/dataset/amass-licensed/phase-g-bank-rebuilt-fmt8/KIT_1226_Trial_72_poses_100_jpos.npz: OK
/home/linjiw/dataset/amass-licensed/phase-g-bank-rebuilt-fmt8/KIT_1297_wipe09_poses_100_jpos.npz: OK
/home/linjiw/dataset/amass-licensed/phase-g-bank-rebuilt-fmt8/KIT_167_turn_left09_poses_100_jpos.npz: OK
/home/linjiw/dataset/amass-licensed/phase-g-bank-rebuilt-fmt8/KIT_167_turn_right06_poses_100_jpos.npz: OK
/home/linjiw/dataset/amass-licensed/phase-g-bank-rebuilt-fmt8/KIT_1717_displace_from_left_to_right_10_poses_100_jpos.npz: OK
/home/linjiw/dataset/amass-licensed/phase-g-bank-rebuilt-fmt8/KIT_1717_displace_tilt_side_09_poses_100_jpos.npz: OK
/home/linjiw/dataset/amass-licensed/phase-g-bank-rebuilt-fmt8/KIT_1721_RecoveryStepping_30_120_02_poses_100_jpos.npz: OK
/home/linjiw/dataset/amass-licensed/phase-g-bank-rebuilt-fmt8/KIT_1747_displace_from_left_to_right_04_poses_100_jpos.npz: OK
/home/linjiw/dataset/amass-licensed/phase-g-bank-rebuilt-fmt8/KIT_1747_displace_tilt_side_16_poses_100_jpos.npz: OK
/home/linjiw/dataset/amass-licensed/phase-g-bank-rebuilt-fmt8/KIT_348_bend_left07_poses_100_jpos.npz: OK
/home/linjiw/dataset/amass-licensed/phase-g-bank-rebuilt-fmt8/KIT_379_push_recovery_left10_poses_100_jpos.npz: OK
/home/linjiw/dataset/amass-licensed/phase-g-bank-rebuilt-fmt8/KIT_3_Transfuse02_poses_100_jpos.npz: OK
/home/linjiw/dataset/amass-licensed/phase-g-bank-rebuilt-fmt8/KIT_3_kneel_down_with_both_hands01_poses_100_jpos.npz: OK
/home/linjiw/dataset/amass-licensed/phase-g-bank-rebuilt-fmt8/KIT_3_step_over_gap01_poses_100_jpos.npz: OK
/home/linjiw/dataset/amass-licensed/phase-g-bank-rebuilt-fmt8/KIT_3_walking_slow04_poses_100_jpos.npz: OK
/home/linjiw/dataset/amass-licensed/phase-g-bank-rebuilt-fmt8/KIT_421_push_recovery_right01_poses_100_jpos.npz: OK
/home/linjiw/dataset/amass-licensed/phase-g-bank-rebuilt-fmt8/KIT_421_push_recovery_stand_right06_poses_100_jpos.npz: OK
/home/linjiw/dataset/amass-licensed/phase-g-bank-rebuilt-fmt8/KIT_424_turn_right08_poses_100_jpos.npz: OK
/home/linjiw/dataset/amass-licensed/phase-g-bank-rebuilt-fmt8/KIT_424_walking_slow07_poses_100_jpos.npz: OK
/home/linjiw/dataset/amass-licensed/phase-g-bank-rebuilt-fmt8/KIT_425_step_over_gap02_poses_100_jpos.npz: OK
/home/linjiw/dataset/amass-licensed/phase-g-bank-rebuilt-fmt8/KIT_442_conversation01_poses_100_jpos.npz: OK
/home/linjiw/dataset/amass-licensed/phase-g-bank-rebuilt-fmt8/KIT_442_synchron03_poses_100_jpos.npz: OK
/home/linjiw/dataset/amass-licensed/phase-g-bank-rebuilt-fmt8/KIT_4_RightTurn08_poses_100_jpos.npz: OK
/home/linjiw/dataset/amass-licensed/phase-g-bank-rebuilt-fmt8/KIT_4_WalkInClockwiseCircle04_poses_100_jpos.npz: OK
/home/linjiw/dataset/amass-licensed/phase-g-bank-rebuilt-fmt8/KIT_513_turn_left04_poses_100_jpos.npz: OK
/home/linjiw/dataset/amass-licensed/phase-g-bank-rebuilt-fmt8/KIT_551_egg_whisk06_poses_100_jpos.npz: OK
/home/linjiw/dataset/amass-licensed/phase-g-bank-rebuilt-fmt8/KIT_551_sponge_in_bowl01_poses_100_jpos.npz: OK
/home/linjiw/dataset/amass-licensed/phase-g-bank-rebuilt-fmt8/KIT_572_stir_left13_poses_100_jpos.npz: OK
/home/linjiw/dataset/amass-licensed/phase-g-bank-rebuilt-fmt8/KIT_572_stomp_right04_poses_100_jpos.npz: OK
/home/linjiw/dataset/amass-licensed/phase-g-bank-rebuilt-fmt8/KIT_572_violin_right02_poses_100_jpos.npz: OK
/home/linjiw/dataset/amass-licensed/phase-g-bank-rebuilt-fmt8/KIT_572_wave_both11_poses_100_jpos.npz: OK
/home/linjiw/dataset/amass-licensed/phase-g-bank-rebuilt-fmt8/KIT_572_wave_right01_poses_100_jpos.npz: OK
/home/linjiw/dataset/amass-licensed/phase-g-bank-rebuilt-fmt8/KIT_572_wave_right02_poses_100_jpos.npz: OK
/home/linjiw/dataset/amass-licensed/phase-g-bank-rebuilt-fmt8/KIT_674_wash_head03_poses_100_jpos.npz: OK
/home/linjiw/dataset/amass-licensed/phase-g-bank-rebuilt-fmt8/KIT_675_dry_left_arm_03_poses_100_jpos.npz: OK
/home/linjiw/dataset/amass-licensed/phase-g-bank-rebuilt-fmt8/KIT_675_dry_left_arm_10_poses_100_jpos.npz: OK
/home/linjiw/dataset/amass-licensed/phase-g-bank-rebuilt-fmt8/KIT_675_dry_right_arm_008_poses_100_jpos.npz: OK
/home/linjiw/dataset/amass-licensed/phase-g-bank-rebuilt-fmt8/KIT_675_dry_right_arm_009_poses_100_jpos.npz: OK
/home/linjiw/dataset/amass-licensed/phase-g-bank-rebuilt-fmt8/KIT_7_LeftTurn02_poses_100_jpos.npz: OK
/home/linjiw/dataset/amass-licensed/phase-g-bank-rebuilt-fmt8/KIT_8_WalkingStraightBackwards10_1_poses_100_jpos.npz: OK
/home/linjiw/dataset/amass-licensed/phase-g-bank-rebuilt-fmt8/KIT_952_wipe_back_biglcircles03_poses_100_jpos.npz: OK
/home/linjiw/dataset/amass-licensed/phase-g-bank-rebuilt-fmt8/KIT_969_Trial_43_poses_100_jpos.npz: OK
/home/linjiw/dataset/amass-licensed/phase-g-bank-rebuilt-fmt8/KIT_969_Trial_53_poses_100_jpos.npz: OK
/home/linjiw/dataset/amass-licensed/phase-g-bank-rebuilt-fmt8/KIT_9_bend_left07_poses_100_jpos.npz: OK
/home/linjiw/dataset/amass-licensed/phase-g-bank-rebuilt-fmt8/TCD_handMocap_ExperimentDatabase_direction01_2_poses_120_jpos.npz: OK
/home/linjiw/dataset/amass-licensed/phase-g-bank-rebuilt-fmt8/TCD_handMocap_ExperimentDatabase_typing_2_poses_120_jpos.npz: OK
/home/linjiw/dataset/amass-licensed/phase-g-bank-rebuilt-fmt8/TCD_handMocap_ExperimentDatabase_writing001_2_poses_120_jpos.npz: OK
