plan/PREREGISTRATION_G_SEGMENT.md: OK
plan/G2_CALIBRATION_GRID.json: OK
tools/calibrate_g2_treatment.py: OK
tools/analyze_g_segment.py: OK
tools/build_g_run_manifest.py: OK
tools/eval_paired_v2.py: OK
tools/build_g_eval_panel.py: OK
tools/run_g2_calibration.py: OK
tools/build_g_eval_strata.py: OK
tools/climb_segment_train.py: OK
tools/check_g_seed1_manipulation.py: OK
tools/run_g_segment_seed1.sh: OK
tools/run_when_free.sh: OK
tools/restore_phase_g_bank.py: OK
tools/research_preflight.py: OK
tools/build_contact_validation_panel.py: OK
tools/build_reference_contact_labels.py: OK
tools/render_contact_validation.py: OK
tools/validate_contact_proxy.py: OK
plan/G_CONTACT_TIMING_VALIDATION.md: OK
plan/G_CONTACT_TIMING_DISPOSITION_2026-09-04.md: OK
plan/G_SEGMENT_APPROVAL_2026-09-05.md: OK
plan/G2_CALIBRATION_RESULT_2026-09-04.md: OK
paper/PHASE_G_RESULT_TABLE_SHELL.md: OK
reports/g_segment/panel/panel.txt: OK
reports/g_segment/panel/panel_manifest.json: OK
reports/g_segment/panel/strata.csv: OK
reports/g_segment/panel/strata.manifest.json: OK
reports/g_segment/contact_validation/panel.csv: OK
reports/g_segment/contact_validation/panel.manifest.json: OK
reports/g_segment/unit_table.json: OK
reports/g_segment/eval_conditions.json: OK
reports/g_segment/calibration/screen_runs.json: OK
reports/g_segment/calibration/validation_runs.json: OK
reports/g_segment/calibration/result.json: OK
climb/segment_curriculum.py: OK
climb/segment_runtime.py: OK
climb/segment_command.py: OK
climb/segment_env_cfg.py: OK
climb/contact_timing.py: OK
climb/contact_validation.py: OK
