[OK     ] Phase-G unit table: 800 clips, 1184 admissible units, 368,951 legal starts; canonical hash passes
[OK     ] Phase-G clip list: 800-name list matches 87cbeb8ea677c5855948269d89e77dd748b410cdb4c4e9b0594b9c2f5160306e
[OK     ] Phase-G payload contract: full scope binds 900 identities (800 training, 100 evaluation)
[OK     ] AMASS→G1 motion bank: full scope: 800 training + 100 evaluation = 900 unique motions present; all 900 SHA-256 identities pass
[OK     ] evaluation panel: 100 rows, 100 unique clips
[OK     ] evaluation reference identities: 100 hash-bound motions; panel match=True
[OK     ] evaluation conditions: 2800 conditions over 100 clips; panel match=True, full-window=True
[OK     ] evaluation strata: counts={'feasible_hard_reference': 25, 'feasible_remainder': 75}, panel match=True
[OK     ] feasibility dataset: 10,705-row internal candidate hash 31849ec4b72ac19a6fbb233f935b8e910d2a48b1ec88917c03202b9f5ca91dfe; public distribution blocked
[OK     ] Phase-G instruments: six decision/provenance branches match current analyzer; hash-complete manifest builder present
[OK     ] contact-timing instrument: 20-clip outcome-blind panel and three-branch validation scorer pass
[WARNING] contact-timing validation: real blinded labels absent; metric remains exploratory and cannot affect the Phase-G verdict
[OK     ] Unitree G1 model: MJCF hash febdcbeffbbf84051556ae41a5ac1b43fb479a5d76bdb3f54824dbc2721c20aa
[OK     ] MJLab simulator: MuJoCo/MJWarp 3.11.0/3.11.0, Warp 1.14.0, Torch 2.9.0+cu128, CUDA=True, 4-env/5-step smoke=True, missing tasks=[]
[OK     ] Newton 1.5 stack: newton=1.5.0, warp=1.16.0, mujoco=3.11.0, mujoco_warp=3.11.0, Torch=2.9.0+cu128, CUDA allocation=cuda:0
[WARNING] shared GPU: NVIDIA GeForce RTX 5080: 7595/16303 MiB free, 8214 MiB used, 97% utilization; launch remains gap-gated
[OK     ] Newton conformance record: measured two-unit conformance PASS
[OK     ] Newton scope guard: Newton remains an analysis instrument; G3 must never run
[OK     ] Phase-G seal: present at /home/linjiw/climb-feasibility-first/plan/G_SEGMENT_FREEZE.sha256
[BLOCKER] G2 launch contract: stage=confirmation; missing=['CLIMB_SEGMENT_RANK', 'CLIMB_SEGMENT_DIFFICULTY_POWER', 'CLIMB_SEGMENT_PROGRESS_WINDOW', 'CLIMB_SEGMENT_MAX_UNIT_PROBABILITY', 'CLIMB_SEGMENT_MAX_CLIP_PROBABILITY', 'CLIMB_SEGMENT_FAILURE_PENALTY', 'CLIMB_VERIFY_MOTION_HASHES', 'CLIMB_SEGMENT_SAVE_INTERVAL'], mismatched={}, seed=None, candidate_pair=None
[WARNING] policy checkpoint: not configured; Phase-G G1/G2 train from scratch, but old conformance/probe reruns need their archived checkpoints
summary: 17 ok, 3 warning, 1 blocker
